Log file created at: 2017/05/06 17:48:42
Running on machine: DESKTOP-9JBUH7N
Log line format: [IWEF]mmdd hh:mm:ss.uuuuuu threadid file:line] msg
I0506 17:48:42.099776 12036 c_interface.cc:102] Logging enabled to .
I0506 17:48:42.099776 12036 instance.cc:380] MasterModelConfig.processors_count is automatically set to 4
I0506 17:48:42.099776 12036 c_interface.cc:246] Creating MasterModel (id=1)...
I0506 17:48:42.099776  4044 processor.cc:643] Processor thread started
I0506 17:48:42.099776  5144 processor.cc:643] Processor thread started
I0506 17:48:42.099776 10076 processor.cc:643] Processor thread started
I0506 17:48:42.099776  6440 processor.cc:643] Processor thread started
I0506 17:48:42.115401  4044 processor.cc:651] Processor thread stopped
I0506 17:48:42.115401  4044 processor.cc:652] Total number of processed batches: 0
I0506 17:48:42.130980  5144 processor.cc:651] Processor thread stopped
I0506 17:48:42.130980  5144 processor.cc:652] Total number of processed batches: 0
I0506 17:48:42.146625 10076 processor.cc:651] Processor thread stopped
I0506 17:48:42.146625 10076 processor.cc:652] Total number of processed batches: 0
I0506 17:48:42.162272  6440 processor.cc:651] Processor thread stopped
I0506 17:48:42.162272  6440 processor.cc:652] Total number of processed batches: 0
I0506 17:48:42.162272 12036 c_interface.cc:309] Disposing MasterComponent (id=1)...
I0506 17:49:37.598062 12036 c_interface.cc:246] Creating MasterModel (id=2)...
I0506 17:49:37.647760 12036 c_interface.cc:345] Pass 15191c57-bc22-41ff-9365-fe1c1ec3a5ff to void (__cdecl artm::core::MasterComponent::*)(class std::basic_string<char,struct std::char_traits<char>,class std::allocator<char> > const & __ptr64) __ptr64
I0506 17:49:37.647760 12036 c_interface.cc:359] Pass GatherDictionaryArgs: dictionary_target_name=15191c57-bc22-41ff-9365-fe1c1ec3a5ff, data_path=vk, symmetric_cooc_values=0 to void (__cdecl artm::core::MasterComponent::*)(class artm::GatherDictionaryArgs const & __ptr64) __ptr64
I0506 17:49:37.649766 12036 dictionary_operations.cc:235] Found 11 batches in 'vk' folder
I0506 17:49:41.512812 12036 dictionary_operations.cc:292] Find 44299 unique tokens in 10001 items
I0506 17:49:43.586663 12036 c_interface.cc:246] Creating MasterModel (id=3)...
I0506 17:49:43.588665 12036 instance.cc:380] MasterModelConfig.processors_count is automatically set to 4
I0506 17:49:43.588665 12036 c_interface.cc:246] Creating MasterModel (id=4)...
I0506 17:49:43.588665  1128 processor.cc:643] Processor thread started
I0506 17:49:43.588665  9600 processor.cc:643] Processor thread started
I0506 17:49:43.588665 11812 processor.cc:643] Processor thread started
I0506 17:49:43.588665 11972 processor.cc:643] Processor thread started
I0506 17:49:43.589664 12036 c_interface.cc:359] Pass MasterModelConfig: topic_name_size=25, score_config_size=2, num_processors=0, pwt_name=pwt, nwt_name=nwt, num_document_passes=10, reuse_theta=no, cache_theta=yes, opt_for_avx=yes, disk_cache_path to void (__cdecl artm::core::MasterComponent::*)(class artm::MasterModelConfig const & __ptr64) __ptr64
I0506 17:49:43.589664 12036 instance.cc:380] MasterModelConfig.processors_count is automatically set to 4
I0506 17:49:43.589664 12036 perplexity.cc:24] Perplexity score calculator created: model_type=1, dictionary_name=dad85ae7-a027-4dff-8494-53032d979eb5
I0506 17:49:43.591666 12036 instance.cc:380] MasterModelConfig.processors_count is automatically set to 4
I0506 17:49:43.591666  2828 processor.cc:643] Processor thread started
I0506 17:49:43.591666 12036 c_interface.cc:246] Creating MasterModel (id=5)...
I0506 17:49:43.591666 11604 processor.cc:643] Processor thread started
I0506 17:49:43.591666 10896 processor.cc:643] Processor thread started
I0506 17:49:43.591666 10236 processor.cc:643] Processor thread started
I0506 17:49:43.591666 12036 c_interface.cc:359] Pass MasterModelConfig: topic_name_size=25, score_config_size=2, num_processors=0, pwt_name=pwt, nwt_name=nwt, num_document_passes=10, reuse_theta=no, cache_theta=yes, opt_for_avx=yes, disk_cache_path to void (__cdecl artm::core::MasterComponent::*)(class artm::MasterModelConfig const & __ptr64) __ptr64
I0506 17:49:43.591666 12036 instance.cc:380] MasterModelConfig.processors_count is automatically set to 4
I0506 17:49:43.591666 12036 perplexity.cc:24] Perplexity score calculator created: model_type=1, dictionary_name=dad85ae7-a027-4dff-8494-53032d979eb5
I0506 17:49:43.592666 12036 c_interface.cc:359] Pass MasterModelConfig: topic_name_size=25, score_config_size=2, num_processors=0, pwt_name=pwt, nwt_name=nwt, num_document_passes=10, regularizer=(SparseTheta:-0.15), reuse_theta=no, cache_theta=yes, opt_for_avx=yes, disk_cache_path to void (__cdecl artm::core::MasterComponent::*)(class artm::MasterModelConfig const & __ptr64) __ptr64
I0506 17:49:43.592666 12036 instance.cc:380] MasterModelConfig.processors_count is automatically set to 4
I0506 17:49:43.592666 12036 perplexity.cc:24] Perplexity score calculator created: model_type=1, dictionary_name=dad85ae7-a027-4dff-8494-53032d979eb5
I0506 17:49:43.592666 12036 instance.cc:217] Regularizer 'SparseTheta' was cold-reconfigured
I0506 17:49:43.618688  9600 processor.cc:659] No data in processing queue, waiting...
I0506 17:49:43.618688 11812 processor.cc:659] No data in processing queue, waiting...
I0506 17:49:43.620688 11972 processor.cc:659] No data in processing queue, waiting...
I0506 17:49:43.620688  1128 processor.cc:659] No data in processing queue, waiting...
I0506 17:49:43.622727 10896 processor.cc:659] No data in processing queue, waiting...
I0506 17:49:43.622727 11604 processor.cc:659] No data in processing queue, waiting...
I0506 17:49:43.622727 10236 processor.cc:659] No data in processing queue, waiting...
I0506 17:49:43.622727  2828 processor.cc:659] No data in processing queue, waiting...
I0506 17:49:44.958775 12036 c_interface.cc:345] Pass dad85ae7-a027-4dff-8494-53032d979eb5 to void (__cdecl artm::core::MasterComponent::*)(class std::basic_string<char,struct std::char_traits<char>,class std::allocator<char> > const & __ptr64) __ptr64
I0506 17:49:44.958775 12036 dictionary_operations.cc:159] Importing dictionary dad85ae7-a027-4dff-8494-53032d979eb5 from vk/dictionary.dict
I0506 17:49:45.545843 12036 master_component.cc:281] Import completed, token_size = 44299
I0506 17:49:45.545843 12036 c_interface.cc:345] Pass dad85ae7-a027-4dff-8494-53032d979eb5 to void (__cdecl artm::core::MasterComponent::*)(class std::basic_string<char,struct std::char_traits<char>,class std::allocator<char> > const & __ptr64) __ptr64
I0506 17:49:45.561470 12036 dictionary_operations.cc:159] Importing dictionary dad85ae7-a027-4dff-8494-53032d979eb5 from vk/dictionary.dict
I0506 17:49:45.623971 12036 master_component.cc:281] Import completed, token_size = 44299
I0506 17:49:47.209463 12036 c_interface.cc:345] Pass pwt to void (__cdecl artm::core::MasterComponent::*)(class std::basic_string<char,struct std::char_traits<char>,class std::allocator<char> > const & __ptr64) __ptr64
I0506 17:49:47.209463 12036 c_interface.cc:345] Pass nwt to void (__cdecl artm::core::MasterComponent::*)(class std::basic_string<char,struct std::char_traits<char>,class std::allocator<char> > const & __ptr64) __ptr64
I0506 17:49:47.209463 12036 c_interface.cc:359] Pass InitializeModelArgs: model_name=pwt, dictionary_name=dad85ae7-a027-4dff-8494-53032d979eb5, topic_name_size=25 to void (__cdecl artm::core::MasterComponent::*)(class artm::InitializeModelArgs const & __ptr64) __ptr64
I0506 17:49:47.495398 12036 master_component.cc:502] InitializeModel() created matrix pwt with 25 topics and 44299 tokens; 
I0506 17:49:47.495398 12036 c_interface.cc:359] Pass InitializeModelArgs: model_name=nwt, dictionary_name=dad85ae7-a027-4dff-8494-53032d979eb5, topic_name_size=25 to void (__cdecl artm::core::MasterComponent::*)(class artm::InitializeModelArgs const & __ptr64) __ptr64
I0506 17:49:47.745403 12036 master_component.cc:502] InitializeModel() created matrix nwt with 25 topics and 44299 tokens; 
I0506 17:49:47.761031 12036 phi_matrix_operations.cc:82] RetrieveExternalTopicModel() with 25 topics, 44299 tokens
I0506 17:49:47.792281 12036 c_interface.cc:205] ArtmCopyRequestedMessage is copying 1778375 bytes...
I0506 17:49:48.982648 12036 c_interface.cc:345] Pass pwt to void (__cdecl artm::core::MasterComponent::*)(class std::basic_string<char,struct std::char_traits<char>,class std::allocator<char> > const & __ptr64) __ptr64
I0506 17:49:48.982648 12036 c_interface.cc:345] Pass nwt to void (__cdecl artm::core::MasterComponent::*)(class std::basic_string<char,struct std::char_traits<char>,class std::allocator<char> > const & __ptr64) __ptr64
I0506 17:49:48.982648 12036 c_interface.cc:359] Pass InitializeModelArgs: model_name=pwt, dictionary_name=dad85ae7-a027-4dff-8494-53032d979eb5, topic_name_size=25 to void (__cdecl artm::core::MasterComponent::*)(class artm::InitializeModelArgs const & __ptr64) __ptr64
I0506 17:49:49.248296 12036 master_component.cc:502] InitializeModel() created matrix pwt with 25 topics and 44299 tokens; 
I0506 17:49:49.248296 12036 c_interface.cc:359] Pass InitializeModelArgs: model_name=nwt, dictionary_name=dad85ae7-a027-4dff-8494-53032d979eb5, topic_name_size=25 to void (__cdecl artm::core::MasterComponent::*)(class artm::InitializeModelArgs const & __ptr64) __ptr64
I0506 17:49:49.513924 12036 master_component.cc:502] InitializeModel() created matrix nwt with 25 topics and 44299 tokens; 
I0506 17:49:49.513924 12036 phi_matrix_operations.cc:82] RetrieveExternalTopicModel() with 25 topics, 44299 tokens
I0506 17:49:49.545173 12036 c_interface.cc:205] ArtmCopyRequestedMessage is copying 1778375 bytes...
I0506 17:49:59.999672 12036 c_interface.cc:359] Pass MasterModelConfig: topic_name_size=25, score_config_size=3, num_processors=0, pwt_name=pwt, nwt_name=nwt, num_document_passes=10, reuse_theta=no, cache_theta=yes, opt_for_avx=yes, disk_cache_path to void (__cdecl artm::core::MasterComponent::*)(class artm::MasterModelConfig const & __ptr64) __ptr64
I0506 17:49:59.999672 12036 instance.cc:380] MasterModelConfig.processors_count is automatically set to 4
I0506 17:49:59.999672 12036 perplexity.cc:24] Perplexity score calculator created: model_type=1, dictionary_name=dad85ae7-a027-4dff-8494-53032d979eb5
I0506 17:50:00.000674 12036 c_interface.cc:359] Pass MasterModelConfig: topic_name_size=25, score_config_size=4, num_processors=0, pwt_name=pwt, nwt_name=nwt, num_document_passes=10, reuse_theta=no, cache_theta=yes, opt_for_avx=yes, disk_cache_path to void (__cdecl artm::core::MasterComponent::*)(class artm::MasterModelConfig const & __ptr64) __ptr64
I0506 17:50:00.000674 12036 instance.cc:380] MasterModelConfig.processors_count is automatically set to 4
I0506 17:50:00.000674 12036 perplexity.cc:24] Perplexity score calculator created: model_type=1, dictionary_name=dad85ae7-a027-4dff-8494-53032d979eb5
I0506 17:50:00.001674 12036 c_interface.cc:359] Pass MasterModelConfig: topic_name_size=25, score_config_size=5, num_processors=0, pwt_name=pwt, nwt_name=nwt, num_document_passes=10, reuse_theta=no, cache_theta=yes, opt_for_avx=yes, disk_cache_path to void (__cdecl artm::core::MasterComponent::*)(class artm::MasterModelConfig const & __ptr64) __ptr64
I0506 17:50:00.001674 12036 instance.cc:380] MasterModelConfig.processors_count is automatically set to 4
I0506 17:50:00.001674 12036 perplexity.cc:24] Perplexity score calculator created: model_type=1, dictionary_name=dad85ae7-a027-4dff-8494-53032d979eb5
I0506 17:50:00.001674 12036 c_interface.cc:359] Pass MasterModelConfig: topic_name_size=25, score_config_size=3, num_processors=0, pwt_name=pwt, nwt_name=nwt, num_document_passes=10, regularizer=(SparseTheta:-0.15), reuse_theta=no, cache_theta=yes, opt_for_avx=yes, disk_cache_path to void (__cdecl artm::core::MasterComponent::*)(class artm::MasterModelConfig const & __ptr64) __ptr64
I0506 17:50:00.001674 12036 instance.cc:380] MasterModelConfig.processors_count is automatically set to 4
I0506 17:50:00.001674 12036 perplexity.cc:24] Perplexity score calculator created: model_type=1, dictionary_name=dad85ae7-a027-4dff-8494-53032d979eb5
I0506 17:50:00.001674 12036 instance.cc:217] Regularizer 'SparseTheta' was cold-reconfigured
I0506 17:50:00.002676 12036 c_interface.cc:359] Pass MasterModelConfig: topic_name_size=25, score_config_size=4, num_processors=0, pwt_name=pwt, nwt_name=nwt, num_document_passes=10, regularizer=(SparseTheta:-0.15), reuse_theta=no, cache_theta=yes, opt_for_avx=yes, disk_cache_path to void (__cdecl artm::core::MasterComponent::*)(class artm::MasterModelConfig const & __ptr64) __ptr64
I0506 17:50:00.002676 12036 instance.cc:380] MasterModelConfig.processors_count is automatically set to 4
I0506 17:50:00.002676 12036 perplexity.cc:24] Perplexity score calculator created: model_type=1, dictionary_name=dad85ae7-a027-4dff-8494-53032d979eb5
I0506 17:50:00.002676 12036 instance.cc:217] Regularizer 'SparseTheta' was cold-reconfigured
I0506 17:50:00.003676 12036 c_interface.cc:359] Pass MasterModelConfig: topic_name_size=25, score_config_size=5, num_processors=0, pwt_name=pwt, nwt_name=nwt, num_document_passes=10, regularizer=(SparseTheta:-0.15), reuse_theta=no, cache_theta=yes, opt_for_avx=yes, disk_cache_path to void (__cdecl artm::core::MasterComponent::*)(class artm::MasterModelConfig const & __ptr64) __ptr64
I0506 17:50:00.003676 12036 instance.cc:380] MasterModelConfig.processors_count is automatically set to 4
I0506 17:50:00.003676 12036 perplexity.cc:24] Perplexity score calculator created: model_type=1, dictionary_name=dad85ae7-a027-4dff-8494-53032d979eb5
I0506 17:50:00.003676 12036 instance.cc:217] Regularizer 'SparseTheta' was cold-reconfigured
I0506 17:50:01.175729 12036 c_interface.cc:359] Pass MasterModelConfig: topic_name_size=25, score_config_size=5, num_processors=0, pwt_name=pwt, nwt_name=nwt, num_document_passes=10, regularizer=(SparseTheta:-0.15), regularizer=(SparsePhi:-0.1), reuse_theta=no, cache_theta=yes, opt_for_avx=yes, disk_cache_path to void (__cdecl artm::core::MasterComponent::*)(class artm::MasterModelConfig const & __ptr64) __ptr64
I0506 17:50:01.175729 12036 instance.cc:380] MasterModelConfig.processors_count is automatically set to 4
I0506 17:50:01.175729 12036 perplexity.cc:24] Perplexity score calculator created: model_type=1, dictionary_name=dad85ae7-a027-4dff-8494-53032d979eb5
I0506 17:50:01.175729 12036 instance.cc:217] Regularizer 'SparseTheta' was cold-reconfigured
I0506 17:50:01.175729 12036 instance.cc:223] Regularizer 'SparsePhi' was cold-reconfigured
I0506 17:50:01.176729 12036 c_interface.cc:359] Pass MasterModelConfig: topic_name_size=25, score_config_size=5, num_processors=0, pwt_name=pwt, nwt_name=nwt, num_document_passes=10, regularizer=(SparseTheta:-0.15), regularizer=(SparsePhi:-0.1), regularizer=(DecorrelatorPhi:150000), reuse_theta=no, cache_theta=yes, opt_for_avx=yes, disk_cache_path to void (__cdecl artm::core::MasterComponent::*)(class artm::MasterModelConfig const & __ptr64) __ptr64
I0506 17:50:01.176729 12036 instance.cc:380] MasterModelConfig.processors_count is automatically set to 4
I0506 17:50:01.176729 12036 perplexity.cc:24] Perplexity score calculator created: model_type=1, dictionary_name=dad85ae7-a027-4dff-8494-53032d979eb5
I0506 17:50:01.176729 12036 instance.cc:217] Regularizer 'SparseTheta' was cold-reconfigured
I0506 17:50:01.176729 12036 instance.cc:223] Regularizer 'SparsePhi' was cold-reconfigured
I0506 17:50:01.176729 12036 instance.cc:235] Regularizer 'DecorrelatorPhi' was cold-reconfigured
I0506 17:50:03.169451 12036 c_interface.cc:359] Pass MasterModelConfig: topic_name_size=25, score_config_size=5, num_processors=0, pwt_name=pwt, nwt_name=nwt, num_document_passes=1, reuse_theta=no, cache_theta=yes, opt_for_avx=yes, disk_cache_path to void (__cdecl artm::core::MasterComponent::*)(class artm::MasterModelConfig const & __ptr64) __ptr64
I0506 17:50:03.169451 12036 instance.cc:380] MasterModelConfig.processors_count is automatically set to 4
I0506 17:50:03.169451 12036 perplexity.cc:24] Perplexity score calculator created: model_type=1, dictionary_name=dad85ae7-a027-4dff-8494-53032d979eb5
I0506 17:50:03.169451 12036 c_interface.cc:359] Pass MasterModelConfig: topic_name_size=25, score_config_size=5, num_processors=0, pwt_name=pwt, nwt_name=nwt, num_document_passes=1, regularizer=(SparseTheta:-0.15), regularizer=(SparsePhi:-0.1), regularizer=(DecorrelatorPhi:150000), reuse_theta=no, cache_theta=yes, opt_for_avx=yes, disk_cache_path to void (__cdecl artm::core::MasterComponent::*)(class artm::MasterModelConfig const & __ptr64) __ptr64
I0506 17:50:03.169451 12036 instance.cc:380] MasterModelConfig.processors_count is automatically set to 4
I0506 17:50:03.170469 12036 perplexity.cc:24] Perplexity score calculator created: model_type=1, dictionary_name=dad85ae7-a027-4dff-8494-53032d979eb5
I0506 17:50:03.170469 12036 instance.cc:217] Regularizer 'SparseTheta' was cold-reconfigured
I0506 17:50:03.170469 12036 instance.cc:223] Regularizer 'SparsePhi' was cold-reconfigured
I0506 17:50:03.170469 12036 instance.cc:235] Regularizer 'DecorrelatorPhi' was cold-reconfigured
I0506 17:50:03.210479  1068 c_interface.cc:359] Pass FitOfflineMasterModelArgs, batch_filename_size=11, batch_weight_size=11, num_collection_passes=1 to void (__cdecl artm::core::MasterComponent::*)(class artm::FitOfflineMasterModelArgs const & __ptr64) __ptr64
I0506 17:50:03.210479  1068 master_component.cc:1162] ProcessBatchesArgs: nwt_target_name=nwt, batch_filename_size=11, batch_size=0, batch_weight_size=11, pwt_source_name=pwt, num_document_passes=1, reuse_theta=no, opt_for_avx=yes, predict_class_id=
I0506 17:50:03.321465  1128 processor.cc:666] Processing queue has data, processing started
I0506 17:50:03.321465 11812 processor.cc:666] Processing queue has data, processing started
I0506 17:50:03.321465 11972 processor.cc:666] Processing queue has data, processing started
I0506 17:50:03.321465  9600 processor.cc:666] Processing queue has data, processing started
I0506 17:50:03.337064 11972 processor.cc:742] Processor: start processing batch c525ae55-9040-4a0a-bbab-83c85c734af8 into model nwt
I0506 17:50:03.337064 11812 processor.cc:742] Processor: start processing batch 9589b3a2-7003-43d8-9bdd-4c4958e1d462 into model nwt
I0506 17:50:03.337064  1128 processor.cc:742] Processor: start processing batch fb769380-fe27-43a4-8c27-26f218018956 into model nwt
I0506 17:50:03.337064  9600 processor.cc:742] Processor: start processing batch 4b84a36e-29f9-4537-ba43-9c295743dc50 into model nwt
I0506 17:50:03.613668 11812 processor.cc:830] Processor: complete processing batch 9589b3a2-7003-43d8-9bdd-4c4958e1d462 into model nwt
I0506 17:50:03.629292 11812 cuckoo_watch.h:44] 307ms in ProcessBatch(vk\aaaaab.batch) [including 16ms in LoadMessage; 3ms in InitializeSparseNdw; 97ms in InferThetaAndUpdateNwtSparse; 70ms in CalculateScore(PerplexityScore); 17ms in CalculateScore(SparsityThetaScore); 95ms in CalculateScore(^^^ItemsProcessedScore^^^); ]
I0506 17:50:03.629292 11972 processor.cc:830] Processor: complete processing batch c525ae55-9040-4a0a-bbab-83c85c734af8 into model nwt
I0506 17:50:03.629292 11972 cuckoo_watch.h:44] 312ms in ProcessBatch(vk\aaaaac.batch) [including 13ms in LoadMessage; 2ms in InitializeSparseNdw; 121ms in InferThetaAndUpdateNwtSparse; 63ms in CalculateScore(PerplexityScore); 15ms in CalculateScore(SparsityThetaScore); 87ms in CalculateScore(^^^ItemsProcessedScore^^^); ]
I0506 17:50:03.644917 11812 processor.cc:742] Processor: start processing batch 189461fd-5848-4217-99b1-4482b5666704 into model nwt
I0506 17:50:03.644917 11972 processor.cc:742] Processor: start processing batch d3907409-8f45-4c19-87d8-cc1359870f5c into model nwt
I0506 17:50:03.660543  1128 processor.cc:830] Processor: complete processing batch fb769380-fe27-43a4-8c27-26f218018956 into model nwt
I0506 17:50:03.660543  1128 cuckoo_watch.h:44] 350ms in ProcessBatch(vk\aaaaaa.batch) [including 17ms in LoadMessage; 3ms in InitializeSparseNdw; 100ms in InferThetaAndUpdateNwtSparse; 104ms in CalculateScore(PerplexityScore); 15ms in CalculateScore(SparsityThetaScore); 102ms in CalculateScore(^^^ItemsProcessedScore^^^); ]
I0506 17:50:03.691793  1128 processor.cc:742] Processor: start processing batch 6d2bbae5-0ad0-4d84-8d8a-18a9ba03b9ea into model nwt
I0506 17:50:03.707418  9600 processor.cc:830] Processor: complete processing batch 4b84a36e-29f9-4537-ba43-9c295743dc50 into model nwt
I0506 17:50:03.707418  9600 cuckoo_watch.h:44] 399ms in ProcessBatch(vk\aaaaad.batch) [including 17ms in LoadMessage; 3ms in InitializeSparseNdw; 153ms in InferThetaAndUpdateNwtSparse; 82ms in CalculateScore(PerplexityScore); 16ms in CalculateScore(SparsityThetaScore); 119ms in CalculateScore(^^^ItemsProcessedScore^^^); ]
I0506 17:50:03.738669  9600 processor.cc:742] Processor: start processing batch ca3e3b1a-ae65-428c-aa60-f9cf7b0d968b into model nwt
I0506 17:50:03.970559 11812 processor.cc:830] Processor: complete processing batch 189461fd-5848-4217-99b1-4482b5666704 into model nwt
I0506 17:50:03.976562 11812 cuckoo_watch.h:44] 347ms in ProcessBatch(vk\aaaaae.batch) [including 15ms in LoadMessage; 3ms in InitializeSparseNdw; 99ms in InferThetaAndUpdateNwtSparse; 89ms in CalculateScore(PerplexityScore); 18ms in CalculateScore(SparsityThetaScore); 110ms in CalculateScore(^^^ItemsProcessedScore^^^); ]
I0506 17:50:04.005584 11812 processor.cc:742] Processor: start processing batch 460b4aeb-360f-42a2-8ab2-b81e20f0686a into model nwt
I0506 17:50:04.099651 11972 processor.cc:830] Processor: complete processing batch d3907409-8f45-4c19-87d8-cc1359870f5c into model nwt
I0506 17:50:04.104655  1128 processor.cc:830] Processor: complete processing batch 6d2bbae5-0ad0-4d84-8d8a-18a9ba03b9ea into model nwt
I0506 17:50:04.105655 11972 cuckoo_watch.h:44] 471ms in ProcessBatch(vk\aaaaaf.batch) [including 17ms in LoadMessage; 4ms in InitializeSparseNdw; 133ms in InferThetaAndUpdateNwtSparse; 94ms in CalculateScore(PerplexityScore); 16ms in CalculateScore(SparsityThetaScore); 196ms in CalculateScore(^^^ItemsProcessedScore^^^); ]
I0506 17:50:04.108659  1128 cuckoo_watch.h:44] 436ms in ProcessBatch(vk\aaaaag.batch) [including 17ms in LoadMessage; 4ms in InitializeSparseNdw; 124ms in InferThetaAndUpdateNwtSparse; 94ms in CalculateScore(PerplexityScore); 16ms in CalculateScore(SparsityThetaScore); 172ms in CalculateScore(^^^ItemsProcessedScore^^^); ]
I0506 17:50:04.116664  1128 processor.cc:742] Processor: start processing batch d95599f6-ec39-4b14-80f4-2d07742592c0 into model nwt
I0506 17:50:04.116664  1128 processor.cc:830] Processor: complete processing batch d95599f6-ec39-4b14-80f4-2d07742592c0 into model nwt
I0506 17:50:04.117663  1128 cuckoo_watch.h:44] 8ms in ProcessBatch(vk\aaaaak.batch) [including 0ms in LoadMessage; 0ms in InitializeSparseNdw; 0ms in InferThetaAndUpdateNwtSparse; 0ms in CalculateScore(PerplexityScore); 0ms in CalculateScore(SparsityThetaScore); 0ms in CalculateScore(^^^ItemsProcessedScore^^^); ]
I0506 17:50:04.130673 11972 processor.cc:742] Processor: start processing batch b9d34635-8ca1-46f9-b4a7-86526fe3e8c5 into model nwt
I0506 17:50:04.217734 12036 c_interface.cc:523] Pass GetScoreValueArgs, score_name=^^^ItemsProcessedScore^^^ to MasterComponent::Request
I0506 17:50:04.217734 12036 c_interface.cc:205] ArtmCopyRequestedMessage is copying 54 bytes...
I0506 17:50:04.221736  9600 processor.cc:830] Processor: complete processing batch ca3e3b1a-ae65-428c-aa60-f9cf7b0d968b into model nwt
I0506 17:50:04.226742  9600 cuckoo_watch.h:44] 506ms in ProcessBatch(vk\aaaaah.batch) [including 17ms in LoadMessage; 4ms in InitializeSparseNdw; 146ms in InferThetaAndUpdateNwtSparse; 116ms in CalculateScore(PerplexityScore); 47ms in CalculateScore(SparsityThetaScore); 163ms in CalculateScore(^^^ItemsProcessedScore^^^); ]
I0506 17:50:04.241756  1128 processor.cc:659] No data in processing queue, waiting...
I0506 17:50:04.254760  9600 processor.cc:659] No data in processing queue, waiting...
I0506 17:50:04.387619 11812 processor.cc:830] Processor: complete processing batch 460b4aeb-360f-42a2-8ab2-b81e20f0686a into model nwt
I0506 17:50:04.395623 11812 cuckoo_watch.h:44] 419ms in ProcessBatch(vk\aaaaai.batch) [including 26ms in LoadMessage; 3ms in InitializeSparseNdw; 162ms in InferThetaAndUpdateNwtSparse; 96ms in CalculateScore(PerplexityScore); 15ms in CalculateScore(SparsityThetaScore); 103ms in CalculateScore(^^^ItemsProcessedScore^^^); ]
I0506 17:50:04.428647 11812 processor.cc:659] No data in processing queue, waiting...
I0506 17:50:04.555737 11972 processor.cc:830] Processor: complete processing batch b9d34635-8ca1-46f9-b4a7-86526fe3e8c5 into model nwt
I0506 17:50:04.562742 11972 cuckoo_watch.h:44] 457ms in ProcessBatch(vk\aaaaaj.batch) [including 21ms in LoadMessage; 5ms in InitializeSparseNdw; 146ms in InferThetaAndUpdateNwtSparse; 106ms in CalculateScore(PerplexityScore); 19ms in CalculateScore(SparsityThetaScore); 146ms in CalculateScore(^^^ItemsProcessedScore^^^); ]
I0506 17:50:04.564743  1068 master_component.cc:1211] NormalizeModelArgs: pwt_target_name=pwt, nwt_source_name=nwt, rwt_source_name=
I0506 17:50:04.564743  1068 master_component.cc:812] MasterComponent: start normalizing model nwt
I0506 17:50:04.606773 11972 processor.cc:659] No data in processing queue, waiting...
I0506 17:50:04.688948  1068 master_component.cc:834] MasterComponent: complete normalizing model nwt
I0506 17:50:04.735824  1068 master_component.cc:1235] DisposeModel rwt
I0506 17:50:04.735824  1068 master_component.cc:858] FitOffline: ItemsProcessed, num_items=10001, num_batches=11, token_weight=2.1219e+06, token_weight_in_effect=2.1219e+06
I0506 17:50:04.740769 12036 c_interface.cc:523] Pass GetScoreValueArgs, score_name=^^^ItemsProcessedScore^^^ to MasterComponent::Request
I0506 17:50:04.740769 12036 c_interface.cc:205] ArtmCopyRequestedMessage is copying 54 bytes...
I0506 17:50:04.741770  1068 c_interface.cc:359] Pass FitOfflineMasterModelArgs, batch_filename_size=11, batch_weight_size=11, num_collection_passes=1 to void (__cdecl artm::core::MasterComponent::*)(class artm::FitOfflineMasterModelArgs const & __ptr64) __ptr64
I0506 17:50:04.741770  1068 master_component.cc:1162] ProcessBatchesArgs: nwt_target_name=nwt, batch_filename_size=11, batch_size=0, batch_weight_size=11, pwt_source_name=pwt, num_document_passes=1, reuse_theta=no, opt_for_avx=yes, predict_class_id=
I0506 17:50:04.939909 11812 processor.cc:666] Processing queue has data, processing started
I0506 17:50:04.942911  1128 processor.cc:666] Processing queue has data, processing started
I0506 17:50:04.944912  9600 processor.cc:666] Processing queue has data, processing started
I0506 17:50:04.946914 11972 processor.cc:666] Processing queue has data, processing started
I0506 17:50:04.965929  1128 processor.cc:742] Processor: start processing batch 9589b3a2-7003-43d8-9bdd-4c4958e1d462 into model nwt
I0506 17:50:04.969931 11972 processor.cc:742] Processor: start processing batch 4b84a36e-29f9-4537-ba43-9c295743dc50 into model nwt
I0506 17:50:04.970932  9600 processor.cc:742] Processor: start processing batch c525ae55-9040-4a0a-bbab-83c85c734af8 into model nwt
I0506 17:50:04.973935 11812 processor.cc:742] Processor: start processing batch fb769380-fe27-43a4-8c27-26f218018956 into model nwt
I0506 17:50:05.261677  9600 processor.cc:830] Processor: complete processing batch c525ae55-9040-4a0a-bbab-83c85c734af8 into model nwt
I0506 17:50:05.264679  9600 cuckoo_watch.h:44] 319ms in ProcessBatch(vk\aaaaac.batch) [including 22ms in LoadMessage; 2ms in InitializeSparseNdw; 100ms in InferThetaAndUpdateNwtSparse; 58ms in CalculateScore(PerplexityScore); 16ms in CalculateScore(SparsityThetaScore); 111ms in CalculateScore(^^^ItemsProcessedScore^^^); ]
I0506 17:50:05.284693  9600 processor.cc:742] Processor: start processing batch 189461fd-5848-4217-99b1-4482b5666704 into model nwt
I0506 17:50:05.330726  1128 processor.cc:830] Processor: complete processing batch 9589b3a2-7003-43d8-9bdd-4c4958e1d462 into model nwt
I0506 17:50:05.334728  1128 cuckoo_watch.h:44] 391ms in ProcessBatch(vk\aaaaab.batch) [including 20ms in LoadMessage; 3ms in InitializeSparseNdw; 121ms in InferThetaAndUpdateNwtSparse; 76ms in CalculateScore(PerplexityScore); 17ms in CalculateScore(SparsityThetaScore); 144ms in CalculateScore(^^^ItemsProcessedScore^^^); ]
I0506 17:50:05.364750  1128 processor.cc:742] Processor: start processing batch d3907409-8f45-4c19-87d8-cc1359870f5c into model nwt
I0506 17:50:05.369753 11972 processor.cc:830] Processor: complete processing batch 4b84a36e-29f9-4537-ba43-9c295743dc50 into model nwt
I0506 17:50:05.372756 11972 cuckoo_watch.h:44] 425ms in ProcessBatch(vk\aaaaad.batch) [including 19ms in LoadMessage; 3ms in InitializeSparseNdw; 129ms in InferThetaAndUpdateNwtSparse; 83ms in CalculateScore(PerplexityScore); 18ms in CalculateScore(SparsityThetaScore); 163ms in CalculateScore(^^^ItemsProcessedScore^^^); ]
I0506 17:50:05.376758 11812 processor.cc:830] Processor: complete processing batch fb769380-fe27-43a4-8c27-26f218018956 into model nwt
I0506 17:50:05.380761 11812 cuckoo_watch.h:44] 441ms in ProcessBatch(vk\aaaaaa.batch) [including 31ms in LoadMessage; 2ms in InitializeSparseNdw; 123ms in InferThetaAndUpdateNwtSparse; 82ms in CalculateScore(PerplexityScore); 25ms in CalculateScore(SparsityThetaScore); 165ms in CalculateScore(^^^ItemsProcessedScore^^^); ]
I0506 17:50:05.401777 11972 processor.cc:742] Processor: start processing batch 6d2bbae5-0ad0-4d84-8d8a-18a9ba03b9ea into model nwt
I0506 17:50:05.414788 11812 processor.cc:742] Processor: start processing batch ca3e3b1a-ae65-428c-aa60-f9cf7b0d968b into model nwt
I0506 17:50:05.684968  9600 processor.cc:830] Processor: complete processing batch 189461fd-5848-4217-99b1-4482b5666704 into model nwt
I0506 17:50:05.684968  9600 cuckoo_watch.h:44] 434ms in ProcessBatch(vk\aaaaae.batch) [including 16ms in LoadMessage; 2ms in InitializeSparseNdw; 187ms in InferThetaAndUpdateNwtSparse; 98ms in CalculateScore(PerplexityScore); 15ms in CalculateScore(SparsityThetaScore); 104ms in CalculateScore(^^^ItemsProcessedScore^^^); ]
I0506 17:50:05.716220  9600 processor.cc:742] Processor: start processing batch 460b4aeb-360f-42a2-8ab2-b81e20f0686a into model nwt
I0506 17:50:05.763095 12036 c_interface.cc:523] Pass GetScoreValueArgs, score_name=^^^ItemsProcessedScore^^^ to MasterComponent::Request
I0506 17:50:05.763095 12036 c_interface.cc:205] ArtmCopyRequestedMessage is copying 54 bytes...
I0506 17:50:05.809970  1128 processor.cc:830] Processor: complete processing batch d3907409-8f45-4c19-87d8-cc1359870f5c into model nwt
I0506 17:50:05.809970  1128 cuckoo_watch.h:44] 479ms in ProcessBatch(vk\aaaaaf.batch) [including 27ms in LoadMessage; 3ms in InitializeSparseNdw; 209ms in InferThetaAndUpdateNwtSparse; 93ms in CalculateScore(PerplexityScore); 17ms in CalculateScore(SparsityThetaScore); 120ms in CalculateScore(^^^ItemsProcessedScore^^^); ]
I0506 17:50:05.825595 11972 processor.cc:830] Processor: complete processing batch 6d2bbae5-0ad0-4d84-8d8a-18a9ba03b9ea into model nwt
I0506 17:50:05.825595 11812 processor.cc:830] Processor: complete processing batch ca3e3b1a-ae65-428c-aa60-f9cf7b0d968b into model nwt
I0506 17:50:05.825595 11972 cuckoo_watch.h:44] 458ms in ProcessBatch(vk\aaaaag.batch) [including 22ms in LoadMessage; 11ms in InitializeSparseNdw; 159ms in InferThetaAndUpdateNwtSparse; 99ms in CalculateScore(PerplexityScore); 17ms in CalculateScore(SparsityThetaScore); 137ms in CalculateScore(^^^ItemsProcessedScore^^^); ]
I0506 17:50:05.825595 11812 cuckoo_watch.h:44] 452ms in ProcessBatch(vk\aaaaah.batch) [including 30ms in LoadMessage; 3ms in InitializeSparseNdw; 175ms in InferThetaAndUpdateNwtSparse; 92ms in CalculateScore(PerplexityScore); 16ms in CalculateScore(SparsityThetaScore); 125ms in CalculateScore(^^^ItemsProcessedScore^^^); ]
I0506 17:50:05.825595 11972 processor.cc:742] Processor: start processing batch d95599f6-ec39-4b14-80f4-2d07742592c0 into model nwt
I0506 17:50:05.825595 11972 processor.cc:830] Processor: complete processing batch d95599f6-ec39-4b14-80f4-2d07742592c0 into model nwt
I0506 17:50:05.825595 11972 cuckoo_watch.h:44] 3ms in ProcessBatch(vk\aaaaak.batch) [including 0ms in LoadMessage; 0ms in InitializeSparseNdw; 0ms in InferThetaAndUpdateNwtSparse; 0ms in CalculateScore(PerplexityScore); 0ms in CalculateScore(SparsityThetaScore); 0ms in CalculateScore(^^^ItemsProcessedScore^^^); ]
I0506 17:50:05.825595  1128 processor.cc:742] Processor: start processing batch b9d34635-8ca1-46f9-b4a7-86526fe3e8c5 into model nwt
I0506 17:50:05.981849  9600 processor.cc:830] Processor: complete processing batch 460b4aeb-360f-42a2-8ab2-b81e20f0686a into model nwt
I0506 17:50:05.981849  9600 cuckoo_watch.h:44] 294ms in ProcessBatch(vk\aaaaai.batch) [including 15ms in LoadMessage; 2ms in InitializeSparseNdw; 103ms in InferThetaAndUpdateNwtSparse; 74ms in CalculateScore(PerplexityScore); 11ms in CalculateScore(SparsityThetaScore); 77ms in CalculateScore(^^^ItemsProcessedScore^^^); ]
I0506 17:50:06.091241  1128 processor.cc:830] Processor: complete processing batch b9d34635-8ca1-46f9-b4a7-86526fe3e8c5 into model nwt
I0506 17:50:06.091241  1128 cuckoo_watch.h:44] 289ms in ProcessBatch(vk\aaaaaj.batch) [including 18ms in LoadMessage; 4ms in InitializeSparseNdw; 113ms in InferThetaAndUpdateNwtSparse; 69ms in CalculateScore(PerplexityScore); 8ms in CalculateScore(SparsityThetaScore); 67ms in CalculateScore(^^^ItemsProcessedScore^^^); ]
I0506 17:50:06.106887  1068 master_component.cc:1211] NormalizeModelArgs: pwt_target_name=pwt, nwt_source_name=nwt, rwt_source_name=
I0506 17:50:06.106887  1068 master_component.cc:812] MasterComponent: start normalizing model nwt
I0506 17:50:06.122495 11972 processor.cc:659] No data in processing queue, waiting...
I0506 17:50:06.122495 11812 processor.cc:659] No data in processing queue, waiting...
I0506 17:50:06.175046  9600 processor.cc:659] No data in processing queue, waiting...
I0506 17:50:06.221923  1068 master_component.cc:834] MasterComponent: complete normalizing model nwt
I0506 17:50:06.253190  1068 master_component.cc:1235] DisposeModel rwt
I0506 17:50:06.253190  1068 master_component.cc:858] FitOffline: ItemsProcessed, num_items=10001, num_batches=11, token_weight=2.1219e+06, token_weight_in_effect=2.1219e+06
I0506 17:50:06.284472  1128 processor.cc:659] No data in processing queue, waiting...
I0506 17:50:06.300097 12036 c_interface.cc:523] Pass GetScoreValueArgs, score_name=^^^ItemsProcessedScore^^^ to MasterComponent::Request
I0506 17:50:06.300097 12036 c_interface.cc:205] ArtmCopyRequestedMessage is copying 54 bytes...
I0506 17:50:06.300097  1068 c_interface.cc:359] Pass FitOfflineMasterModelArgs, batch_filename_size=11, batch_weight_size=11, num_collection_passes=1 to void (__cdecl artm::core::MasterComponent::*)(class artm::FitOfflineMasterModelArgs const & __ptr64) __ptr64
I0506 17:50:06.300097  1068 master_component.cc:1162] ProcessBatchesArgs: nwt_target_name=nwt, batch_filename_size=11, batch_size=0, batch_weight_size=11, pwt_source_name=pwt, num_document_passes=1, reuse_theta=no, opt_for_avx=yes, predict_class_id=
I0506 17:50:06.423246 11972 processor.cc:666] Processing queue has data, processing started
I0506 17:50:06.423246  9600 processor.cc:666] Processing queue has data, processing started
I0506 17:50:06.426249 11812 processor.cc:666] Processing queue has data, processing started
I0506 17:50:06.427249  1128 processor.cc:666] Processing queue has data, processing started
I0506 17:50:06.445262 11812 processor.cc:742] Processor: start processing batch c525ae55-9040-4a0a-bbab-83c85c734af8 into model nwt
I0506 17:50:06.446264  9600 processor.cc:742] Processor: start processing batch 9589b3a2-7003-43d8-9bdd-4c4958e1d462 into model nwt
I0506 17:50:06.446264 11972 processor.cc:742] Processor: start processing batch fb769380-fe27-43a4-8c27-26f218018956 into model nwt
I0506 17:50:06.451267  1128 processor.cc:742] Processor: start processing batch 4b84a36e-29f9-4537-ba43-9c295743dc50 into model nwt
I0506 17:50:06.728463 11812 processor.cc:830] Processor: complete processing batch c525ae55-9040-4a0a-bbab-83c85c734af8 into model nwt
I0506 17:50:06.732465 11812 cuckoo_watch.h:44] 306ms in ProcessBatch(vk\aaaaac.batch) [including 16ms in LoadMessage; 3ms in InitializeSparseNdw; 92ms in InferThetaAndUpdateNwtSparse; 72ms in CalculateScore(PerplexityScore); 17ms in CalculateScore(SparsityThetaScore); 96ms in CalculateScore(^^^ItemsProcessedScore^^^); ]
I0506 17:50:06.752481 11812 processor.cc:742] Processor: start processing batch 189461fd-5848-4217-99b1-4482b5666704 into model nwt
I0506 17:50:06.789506 11972 processor.cc:830] Processor: complete processing batch fb769380-fe27-43a4-8c27-26f218018956 into model nwt
I0506 17:50:06.796510 11972 cuckoo_watch.h:44] 373ms in ProcessBatch(vk\aaaaaa.batch) [including 20ms in LoadMessage; 3ms in InitializeSparseNdw; 116ms in InferThetaAndUpdateNwtSparse; 88ms in CalculateScore(PerplexityScore); 26ms in CalculateScore(SparsityThetaScore); 107ms in CalculateScore(^^^ItemsProcessedScore^^^); ]
I0506 17:50:06.800513  9600 processor.cc:830] Processor: complete processing batch 9589b3a2-7003-43d8-9bdd-4c4958e1d462 into model nwt
I0506 17:50:06.804518  9600 cuckoo_watch.h:44] 381ms in ProcessBatch(vk\aaaaab.batch) [including 20ms in LoadMessage; 3ms in InitializeSparseNdw; 105ms in InferThetaAndUpdateNwtSparse; 94ms in CalculateScore(PerplexityScore); 19ms in CalculateScore(SparsityThetaScore); 129ms in CalculateScore(^^^ItemsProcessedScore^^^); ]
I0506 17:50:06.815527  1128 processor.cc:830] Processor: complete processing batch 4b84a36e-29f9-4537-ba43-9c295743dc50 into model nwt
I0506 17:50:06.817525 11972 processor.cc:742] Processor: start processing batch d3907409-8f45-4c19-87d8-cc1359870f5c into model nwt
I0506 17:50:06.818527  1128 cuckoo_watch.h:44] 391ms in ProcessBatch(vk\aaaaad.batch) [including 20ms in LoadMessage; 3ms in InitializeSparseNdw; 128ms in InferThetaAndUpdateNwtSparse; 88ms in CalculateScore(PerplexityScore); 15ms in CalculateScore(SparsityThetaScore); 126ms in CalculateScore(^^^ItemsProcessedScore^^^); ]
I0506 17:50:06.827535  9600 processor.cc:742] Processor: start processing batch 6d2bbae5-0ad0-4d84-8d8a-18a9ba03b9ea into model nwt
I0506 17:50:06.846547  1128 processor.cc:742] Processor: start processing batch ca3e3b1a-ae65-428c-aa60-f9cf7b0d968b into model nwt
I0506 17:50:07.098726 11812 processor.cc:830] Processor: complete processing batch 189461fd-5848-4217-99b1-4482b5666704 into model nwt
I0506 17:50:07.101727 11812 cuckoo_watch.h:44] 369ms in ProcessBatch(vk\aaaaae.batch) [including 16ms in LoadMessage; 3ms in InitializeSparseNdw; 102ms in InferThetaAndUpdateNwtSparse; 102ms in CalculateScore(PerplexityScore); 20ms in CalculateScore(SparsityThetaScore); 115ms in CalculateScore(^^^ItemsProcessedScore^^^); ]
I0506 17:50:07.123744 11812 processor.cc:742] Processor: start processing batch 460b4aeb-360f-42a2-8ab2-b81e20f0686a into model nwt
I0506 17:50:07.224815  9600 processor.cc:830] Processor: complete processing batch 6d2bbae5-0ad0-4d84-8d8a-18a9ba03b9ea into model nwt
I0506 17:50:07.228817  9600 cuckoo_watch.h:44] 424ms in ProcessBatch(vk\aaaaag.batch) [including 19ms in LoadMessage; 3ms in InitializeSparseNdw; 135ms in InferThetaAndUpdateNwtSparse; 98ms in CalculateScore(PerplexityScore); 17ms in CalculateScore(SparsityThetaScore); 141ms in CalculateScore(^^^ItemsProcessedScore^^^); ]
I0506 17:50:07.231819 11972 processor.cc:830] Processor: complete processing batch d3907409-8f45-4c19-87d8-cc1359870f5c into model nwt
I0506 17:50:07.232821  1128 processor.cc:830] Processor: complete processing batch ca3e3b1a-ae65-428c-aa60-f9cf7b0d968b into model nwt
I0506 17:50:07.235822 11972 cuckoo_watch.h:44] 439ms in ProcessBatch(vk\aaaaaf.batch) [including 18ms in LoadMessage; 4ms in InitializeSparseNdw; 146ms in InferThetaAndUpdateNwtSparse; 104ms in CalculateScore(PerplexityScore); 18ms in CalculateScore(SparsityThetaScore); 139ms in CalculateScore(^^^ItemsProcessedScore^^^); ]
I0506 17:50:07.238826 11972 processor.cc:742] Processor: start processing batch d95599f6-ec39-4b14-80f4-2d07742592c0 into model nwt
I0506 17:50:07.239825 11972 processor.cc:830] Processor: complete processing batch d95599f6-ec39-4b14-80f4-2d07742592c0 into model nwt
I0506 17:50:07.240826 11972 cuckoo_watch.h:44] 4ms in ProcessBatch(vk\aaaaak.batch) [including 0ms in LoadMessage; 0ms in InitializeSparseNdw; 0ms in InferThetaAndUpdateNwtSparse; 0ms in CalculateScore(PerplexityScore); 0ms in CalculateScore(SparsityThetaScore); 0ms in CalculateScore(^^^ItemsProcessedScore^^^); ]
I0506 17:50:07.243829  1128 cuckoo_watch.h:44] 425ms in ProcessBatch(vk\aaaaah.batch) [including 24ms in LoadMessage; 4ms in InitializeSparseNdw; 136ms in InferThetaAndUpdateNwtSparse; 97ms in CalculateScore(PerplexityScore); 17ms in CalculateScore(SparsityThetaScore); 130ms in CalculateScore(^^^ItemsProcessedScore^^^); ]
I0506 17:50:07.251833  9600 processor.cc:742] Processor: start processing batch b9d34635-8ca1-46f9-b4a7-86526fe3e8c5 into model nwt
I0506 17:50:07.264843 11972 processor.cc:659] No data in processing queue, waiting...
I0506 17:50:07.265843  1128 processor.cc:659] No data in processing queue, waiting...
I0506 17:50:07.300868 12036 c_interface.cc:523] Pass GetScoreValueArgs, score_name=^^^ItemsProcessedScore^^^ to MasterComponent::Request
I0506 17:50:07.300868 12036 c_interface.cc:205] ArtmCopyRequestedMessage is copying 54 bytes...
I0506 17:50:07.419952 11812 processor.cc:830] Processor: complete processing batch 460b4aeb-360f-42a2-8ab2-b81e20f0686a into model nwt
I0506 17:50:07.421953 11812 cuckoo_watch.h:44] 320ms in ProcessBatch(vk\aaaaai.batch) [including 18ms in LoadMessage; 2ms in InitializeSparseNdw; 119ms in InferThetaAndUpdateNwtSparse; 73ms in CalculateScore(PerplexityScore); 14ms in CalculateScore(SparsityThetaScore); 84ms in CalculateScore(^^^ItemsProcessedScore^^^); ]
I0506 17:50:07.452975 11812 processor.cc:659] No data in processing queue, waiting...
I0506 17:50:07.603082  9600 processor.cc:830] Processor: complete processing batch b9d34635-8ca1-46f9-b4a7-86526fe3e8c5 into model nwt
I0506 17:50:07.608094  9600 cuckoo_watch.h:44] 379ms in ProcessBatch(vk\aaaaaj.batch) [including 20ms in LoadMessage; 5ms in InitializeSparseNdw; 108ms in InferThetaAndUpdateNwtSparse; 82ms in CalculateScore(PerplexityScore); 10ms in CalculateScore(SparsityThetaScore); 142ms in CalculateScore(^^^ItemsProcessedScore^^^); ]
I0506 17:50:07.609087  1068 master_component.cc:1211] NormalizeModelArgs: pwt_target_name=pwt, nwt_source_name=nwt, rwt_source_name=
I0506 17:50:07.609087  1068 master_component.cc:812] MasterComponent: start normalizing model nwt
I0506 17:50:07.637109  9600 processor.cc:659] No data in processing queue, waiting...
I0506 17:50:07.740223  1068 master_component.cc:834] MasterComponent: complete normalizing model nwt
I0506 17:50:07.771497  1068 master_component.cc:1235] DisposeModel rwt
I0506 17:50:07.771497  1068 master_component.cc:858] FitOffline: ItemsProcessed, num_items=10001, num_batches=11, token_weight=2.1219e+06, token_weight_in_effect=2.1219e+06
I0506 17:50:07.834015 12036 c_interface.cc:523] Pass GetScoreValueArgs, score_name=^^^ItemsProcessedScore^^^ to MasterComponent::Request
I0506 17:50:07.834015 12036 c_interface.cc:205] ArtmCopyRequestedMessage is copying 54 bytes...
I0506 17:50:07.834015  1068 c_interface.cc:359] Pass FitOfflineMasterModelArgs, batch_filename_size=11, batch_weight_size=11, num_collection_passes=1 to void (__cdecl artm::core::MasterComponent::*)(class artm::FitOfflineMasterModelArgs const & __ptr64) __ptr64
I0506 17:50:07.834015  1068 master_component.cc:1162] ProcessBatchesArgs: nwt_target_name=nwt, batch_filename_size=11, batch_size=0, batch_weight_size=11, pwt_source_name=pwt, num_document_passes=1, reuse_theta=no, opt_for_avx=yes, predict_class_id=
I0506 17:50:07.943367 11972 processor.cc:666] Processing queue has data, processing started
I0506 17:50:07.943367  1128 processor.cc:666] Processing queue has data, processing started
I0506 17:50:07.943367 11812 processor.cc:666] Processing queue has data, processing started
I0506 17:50:07.943367  9600 processor.cc:666] Processing queue has data, processing started
I0506 17:50:07.958977 11812 processor.cc:742] Processor: start processing batch c525ae55-9040-4a0a-bbab-83c85c734af8 into model nwt
I0506 17:50:07.958977  9600 processor.cc:742] Processor: start processing batch 4b84a36e-29f9-4537-ba43-9c295743dc50 into model nwt
I0506 17:50:07.958977  1128 processor.cc:742] Processor: start processing batch 9589b3a2-7003-43d8-9bdd-4c4958e1d462 into model nwt
I0506 17:50:07.958977 11972 processor.cc:742] Processor: start processing batch fb769380-fe27-43a4-8c27-26f218018956 into model nwt
I0506 17:50:08.265188 11812 processor.cc:830] Processor: complete processing batch c525ae55-9040-4a0a-bbab-83c85c734af8 into model nwt
I0506 17:50:08.268191 11812 cuckoo_watch.h:44] 325ms in ProcessBatch(vk\aaaaac.batch) [including 13ms in LoadMessage; 1ms in InitializeSparseNdw; 83ms in InferThetaAndUpdateNwtSparse; 78ms in CalculateScore(PerplexityScore); 16ms in CalculateScore(SparsityThetaScore); 123ms in CalculateScore(^^^ItemsProcessedScore^^^); ]
I0506 17:50:08.292208 11812 processor.cc:742] Processor: start processing batch 189461fd-5848-4217-99b1-4482b5666704 into model nwt
I0506 17:50:08.346247 11972 processor.cc:830] Processor: complete processing batch fb769380-fe27-43a4-8c27-26f218018956 into model nwt
I0506 17:50:08.349248 11972 cuckoo_watch.h:44] 406ms in ProcessBatch(vk\aaaaaa.batch) [including 17ms in LoadMessage; 2ms in InitializeSparseNdw; 105ms in InferThetaAndUpdateNwtSparse; 100ms in CalculateScore(PerplexityScore); 23ms in CalculateScore(SparsityThetaScore); 147ms in CalculateScore(^^^ItemsProcessedScore^^^); ]
I0506 17:50:08.362257  1128 processor.cc:830] Processor: complete processing batch 9589b3a2-7003-43d8-9bdd-4c4958e1d462 into model nwt
I0506 17:50:08.366261  1128 cuckoo_watch.h:44] 423ms in ProcessBatch(vk\aaaaab.batch) [including 16ms in LoadMessage; 2ms in InitializeSparseNdw; 103ms in InferThetaAndUpdateNwtSparse; 113ms in CalculateScore(PerplexityScore); 29ms in CalculateScore(SparsityThetaScore); 149ms in CalculateScore(^^^ItemsProcessedScore^^^); ]
I0506 17:50:08.379271 11972 processor.cc:742] Processor: start processing batch d3907409-8f45-4c19-87d8-cc1359870f5c into model nwt
I0506 17:50:08.389278  9600 processor.cc:830] Processor: complete processing batch 4b84a36e-29f9-4537-ba43-9c295743dc50 into model nwt
I0506 17:50:08.396282  9600 cuckoo_watch.h:44] 453ms in ProcessBatch(vk\aaaaad.batch) [including 16ms in LoadMessage; 3ms in InitializeSparseNdw; 136ms in InferThetaAndUpdateNwtSparse; 118ms in CalculateScore(PerplexityScore); 23ms in CalculateScore(SparsityThetaScore); 143ms in CalculateScore(^^^ItemsProcessedScore^^^); ]
I0506 17:50:08.397284  1128 processor.cc:742] Processor: start processing batch 6d2bbae5-0ad0-4d84-8d8a-18a9ba03b9ea into model nwt
I0506 17:50:08.419299  9600 processor.cc:742] Processor: start processing batch ca3e3b1a-ae65-428c-aa60-f9cf7b0d968b into model nwt
I0506 17:50:08.664109 11812 processor.cc:830] Processor: complete processing batch 189461fd-5848-4217-99b1-4482b5666704 into model nwt
I0506 17:50:08.667111 11812 cuckoo_watch.h:44] 398ms in ProcessBatch(vk\aaaaae.batch) [including 18ms in LoadMessage; 3ms in InitializeSparseNdw; 130ms in InferThetaAndUpdateNwtSparse; 103ms in CalculateScore(PerplexityScore); 17ms in CalculateScore(SparsityThetaScore); 116ms in CalculateScore(^^^ItemsProcessedScore^^^); ]
I0506 17:50:08.686125 11812 processor.cc:742] Processor: start processing batch 460b4aeb-360f-42a2-8ab2-b81e20f0686a into model nwt
I0506 17:50:08.811291 11972 processor.cc:830] Processor: complete processing batch d3907409-8f45-4c19-87d8-cc1359870f5c into model nwt
I0506 17:50:08.814293 11972 cuckoo_watch.h:44] 465ms in ProcessBatch(vk\aaaaaf.batch) [including 25ms in LoadMessage; 4ms in InitializeSparseNdw; 165ms in InferThetaAndUpdateNwtSparse; 95ms in CalculateScore(PerplexityScore); 22ms in CalculateScore(SparsityThetaScore); 142ms in CalculateScore(^^^ItemsProcessedScore^^^); ]
I0506 17:50:08.814293  1128 processor.cc:830] Processor: complete processing batch 6d2bbae5-0ad0-4d84-8d8a-18a9ba03b9ea into model nwt
I0506 17:50:08.818296  1128 cuckoo_watch.h:44] 451ms in ProcessBatch(vk\aaaaag.batch) [including 28ms in LoadMessage; 3ms in InitializeSparseNdw; 144ms in InferThetaAndUpdateNwtSparse; 111ms in CalculateScore(PerplexityScore); 15ms in CalculateScore(SparsityThetaScore); 140ms in CalculateScore(^^^ItemsProcessedScore^^^); ]
I0506 17:50:08.821298  1128 processor.cc:742] Processor: start processing batch d95599f6-ec39-4b14-80f4-2d07742592c0 into model nwt
I0506 17:50:08.821298  1128 processor.cc:830] Processor: complete processing batch d95599f6-ec39-4b14-80f4-2d07742592c0 into model nwt
I0506 17:50:08.821298  1128 cuckoo_watch.h:44] 3ms in ProcessBatch(vk\aaaaak.batch) [including 0ms in LoadMessage; 0ms in InitializeSparseNdw; 0ms in InferThetaAndUpdateNwtSparse; 0ms in CalculateScore(PerplexityScore); 0ms in CalculateScore(SparsityThetaScore); 0ms in CalculateScore(^^^ItemsProcessedScore^^^); ]
I0506 17:50:08.834307 12036 c_interface.cc:523] Pass GetScoreValueArgs, score_name=^^^ItemsProcessedScore^^^ to MasterComponent::Request
I0506 17:50:08.834307 12036 c_interface.cc:205] ArtmCopyRequestedMessage is copying 54 bytes...
I0506 17:50:08.836309 11972 processor.cc:742] Processor: start processing batch b9d34635-8ca1-46f9-b4a7-86526fe3e8c5 into model nwt
I0506 17:50:08.851320  9600 processor.cc:830] Processor: complete processing batch ca3e3b1a-ae65-428c-aa60-f9cf7b0d968b into model nwt
