Log file created at: 2017/05/06 16:23:51
Running on machine: DESKTOP-9JBUH7N
Log line format: [IWEF]mmdd hh:mm:ss.uuuuuu threadid file:line] msg
I0506 16:23:51.900142  5688 c_interface.cc:102] Logging enabled to .
I0506 16:23:51.927906  5688 instance.cc:380] MasterModelConfig.processors_count is automatically set to 4
I0506 16:23:51.928889  5688 c_interface.cc:246] Creating MasterModel (id=1)...
I0506 16:23:51.928889  7920 processor.cc:643] Processor thread started
I0506 16:23:51.928889  8664 processor.cc:643] Processor thread started
I0506 16:23:51.928889  5792 processor.cc:643] Processor thread started
I0506 16:23:51.928889  5424 processor.cc:643] Processor thread started
I0506 16:23:51.928889  7920 processor.cc:651] Processor thread stopped
I0506 16:23:51.928889  7920 processor.cc:652] Total number of processed batches: 0
I0506 16:23:51.929908  5424 processor.cc:651] Processor thread stopped
I0506 16:23:51.929908  5424 processor.cc:652] Total number of processed batches: 0
I0506 16:23:51.945606  8664 processor.cc:651] Processor thread stopped
I0506 16:23:51.945606  8664 processor.cc:652] Total number of processed batches: 0
I0506 16:23:51.961213  5792 processor.cc:651] Processor thread stopped
I0506 16:23:51.961213  5792 processor.cc:652] Total number of processed batches: 0
I0506 16:23:51.961213  5688 c_interface.cc:309] Disposing MasterComponent (id=1)...
I0506 16:23:57.407759  5688 c_interface.cc:246] Creating MasterModel (id=2)...
I0506 16:23:57.408761  5688 c_interface.cc:345] Pass 19729f62-9b03-458f-984b-81bbc9efb190 to void (__cdecl artm::core::MasterComponent::*)(class std::basic_string<char,struct std::char_traits<char>,class std::allocator<char> > const & __ptr64) __ptr64
I0506 16:23:57.453161  5688 c_interface.cc:359] Pass GatherDictionaryArgs: dictionary_target_name=19729f62-9b03-458f-984b-81bbc9efb190, data_path=vk, symmetric_cooc_values=0 to void (__cdecl artm::core::MasterComponent::*)(class artm::GatherDictionaryArgs const & __ptr64) __ptr64
I0506 16:23:57.572329  5688 dictionary_operations.cc:235] Found 11 batches in 'vk' folder
I0506 16:23:59.870997  5688 dictionary_operations.cc:292] Find 44299 unique tokens in 10001 items
I0506 16:24:31.326553  5688 c_interface.cc:246] Creating MasterModel (id=3)...
I0506 16:24:31.328554  5688 instance.cc:380] MasterModelConfig.processors_count is automatically set to 4
I0506 16:24:31.329555  5688 c_interface.cc:246] Creating MasterModel (id=4)...
I0506 16:24:31.329555  7344 processor.cc:643] Processor thread started
I0506 16:24:31.329555  7652 processor.cc:643] Processor thread started
I0506 16:24:31.329555 11644 processor.cc:643] Processor thread started
I0506 16:24:31.329555 12256 processor.cc:643] Processor thread started
I0506 16:24:31.329555  5688 c_interface.cc:359] Pass MasterModelConfig: topic_name_size=15, score_config_size=2, num_processors=0, pwt_name=pwt, nwt_name=nwt, num_document_passes=10, reuse_theta=no, cache_theta=yes, opt_for_avx=yes, disk_cache_path to void (__cdecl artm::core::MasterComponent::*)(class artm::MasterModelConfig const & __ptr64) __ptr64
I0506 16:24:31.329555  5688 instance.cc:380] MasterModelConfig.processors_count is automatically set to 4
I0506 16:24:31.329555  5688 perplexity.cc:24] Perplexity score calculator created: model_type=1, dictionary_name=a9753b7b-c74d-443e-a92f-858549493fde
I0506 16:24:31.332557  5688 instance.cc:380] MasterModelConfig.processors_count is automatically set to 4
I0506 16:24:31.332557  5688 c_interface.cc:246] Creating MasterModel (id=5)...
I0506 16:24:31.332557 10212 processor.cc:643] Processor thread started
I0506 16:24:31.332557  7112 processor.cc:643] Processor thread started
I0506 16:24:31.332557  8896 processor.cc:643] Processor thread started
I0506 16:24:31.332557  3512 processor.cc:643] Processor thread started
I0506 16:24:31.332557  5688 c_interface.cc:359] Pass MasterModelConfig: topic_name_size=15, score_config_size=2, num_processors=0, pwt_name=pwt, nwt_name=nwt, num_document_passes=10, reuse_theta=no, cache_theta=yes, opt_for_avx=yes, disk_cache_path to void (__cdecl artm::core::MasterComponent::*)(class artm::MasterModelConfig const & __ptr64) __ptr64
I0506 16:24:31.332557  5688 instance.cc:380] MasterModelConfig.processors_count is automatically set to 4
I0506 16:24:31.332557  5688 perplexity.cc:24] Perplexity score calculator created: model_type=1, dictionary_name=a9753b7b-c74d-443e-a92f-858549493fde
I0506 16:24:31.363626 12256 processor.cc:659] No data in processing queue, waiting...
I0506 16:24:31.363626  7652 processor.cc:659] No data in processing queue, waiting...
I0506 16:24:31.363626 11644 processor.cc:659] No data in processing queue, waiting...
I0506 16:24:31.363626  7344 processor.cc:659] No data in processing queue, waiting...
I0506 16:24:31.365685  3512 processor.cc:659] No data in processing queue, waiting...
I0506 16:24:31.365685  8896 processor.cc:659] No data in processing queue, waiting...
I0506 16:24:31.365685  7112 processor.cc:659] No data in processing queue, waiting...
I0506 16:24:31.365685 10212 processor.cc:659] No data in processing queue, waiting...
I0506 16:24:31.402568  5688 c_interface.cc:359] Pass MasterModelConfig: topic_name_size=15, score_config_size=2, num_processors=0, pwt_name=pwt, nwt_name=nwt, num_document_passes=10, regularizer=(SparseTheta:-0.15), reuse_theta=no, cache_theta=yes, opt_for_avx=yes, disk_cache_path to void (__cdecl artm::core::MasterComponent::*)(class artm::MasterModelConfig const & __ptr64) __ptr64
I0506 16:24:31.402568  5688 instance.cc:380] MasterModelConfig.processors_count is automatically set to 4
I0506 16:24:31.402568  5688 perplexity.cc:24] Perplexity score calculator created: model_type=1, dictionary_name=a9753b7b-c74d-443e-a92f-858549493fde
I0506 16:24:31.480749  5688 instance.cc:217] Regularizer 'SparseTheta' was cold-reconfigured
I0506 16:24:57.996903  5688 c_interface.cc:246] Creating MasterModel (id=6)...
I0506 16:24:57.996903  5688 c_interface.cc:345] Pass a9753b7b-c74d-443e-a92f-858549493fde to void (__cdecl artm::core::MasterComponent::*)(class std::basic_string<char,struct std::char_traits<char>,class std::allocator<char> > const & __ptr64) __ptr64
I0506 16:24:57.996903  5688 c_interface.cc:309] Disposing MasterComponent (id=3)...
I0506 16:24:57.998903  5688 instance.cc:380] MasterModelConfig.processors_count is automatically set to 4
I0506 16:24:57.998903  5608 processor.cc:643] Processor thread started
I0506 16:24:57.998903  5688 c_interface.cc:246] Creating MasterModel (id=7)...
I0506 16:24:57.998903  8500 processor.cc:643] Processor thread started
I0506 16:24:57.998903   116 processor.cc:643] Processor thread started
I0506 16:24:57.998903 10776 processor.cc:643] Processor thread started
I0506 16:24:57.999903  5688 c_interface.cc:359] Pass MasterModelConfig: topic_name_size=25, score_config_size=2, num_processors=0, pwt_name=pwt, nwt_name=nwt, num_document_passes=10, reuse_theta=no, cache_theta=yes, opt_for_avx=yes, disk_cache_path to void (__cdecl artm::core::MasterComponent::*)(class artm::MasterModelConfig const & __ptr64) __ptr64
I0506 16:24:57.999903  5688 instance.cc:380] MasterModelConfig.processors_count is automatically set to 4
I0506 16:24:57.999903  5688 perplexity.cc:24] Perplexity score calculator created: model_type=1, dictionary_name=7a3a99f5-181b-40c5-ab5d-58f12cc9f063
I0506 16:24:58.000923  7344 processor.cc:651] Processor thread stopped
I0506 16:24:58.000923  7344 processor.cc:652] Total number of processed batches: 0
I0506 16:24:58.001924  7652 processor.cc:651] Processor thread stopped
I0506 16:24:58.001924  7652 processor.cc:652] Total number of processed batches: 0
I0506 16:24:58.003924 11644 processor.cc:651] Processor thread stopped
I0506 16:24:58.003924 11644 processor.cc:652] Total number of processed batches: 0
I0506 16:24:58.007910 12256 processor.cc:651] Processor thread stopped
I0506 16:24:58.007910 12256 processor.cc:652] Total number of processed batches: 0
I0506 16:24:58.007910  5688 c_interface.cc:309] Disposing MasterComponent (id=4)...
I0506 16:24:58.009912  5688 instance.cc:380] MasterModelConfig.processors_count is automatically set to 4
I0506 16:24:58.009912  5688 c_interface.cc:246] Creating MasterModel (id=8)...
I0506 16:24:58.009912 11980 processor.cc:643] Processor thread started
I0506 16:24:58.009912 10024 processor.cc:643] Processor thread started
I0506 16:24:58.009912 11728 processor.cc:643] Processor thread started
I0506 16:24:58.009912  8800 processor.cc:643] Processor thread started
I0506 16:24:58.010912  5688 c_interface.cc:359] Pass MasterModelConfig: topic_name_size=25, score_config_size=2, num_processors=0, pwt_name=pwt, nwt_name=nwt, num_document_passes=10, reuse_theta=no, cache_theta=yes, opt_for_avx=yes, disk_cache_path to void (__cdecl artm::core::MasterComponent::*)(class artm::MasterModelConfig const & __ptr64) __ptr64
I0506 16:24:58.010912  5688 instance.cc:380] MasterModelConfig.processors_count is automatically set to 4
I0506 16:24:58.010912  5688 perplexity.cc:24] Perplexity score calculator created: model_type=1, dictionary_name=7a3a99f5-181b-40c5-ab5d-58f12cc9f063
I0506 16:24:58.010912  5688 c_interface.cc:359] Pass MasterModelConfig: topic_name_size=25, score_config_size=2, num_processors=0, pwt_name=pwt, nwt_name=nwt, num_document_passes=10, regularizer=(SparseTheta:-0.15), reuse_theta=no, cache_theta=yes, opt_for_avx=yes, disk_cache_path to void (__cdecl artm::core::MasterComponent::*)(class artm::MasterModelConfig const & __ptr64) __ptr64
I0506 16:24:58.010912  5688 instance.cc:380] MasterModelConfig.processors_count is automatically set to 4
I0506 16:24:58.010912  5688 perplexity.cc:24] Perplexity score calculator created: model_type=1, dictionary_name=7a3a99f5-181b-40c5-ab5d-58f12cc9f063
I0506 16:24:58.010912  5688 instance.cc:217] Regularizer 'SparseTheta' was cold-reconfigured
I0506 16:24:58.011912 10212 processor.cc:651] Processor thread stopped
I0506 16:24:58.011912 10212 processor.cc:652] Total number of processed batches: 0
I0506 16:24:58.012914  7112 processor.cc:651] Processor thread stopped
I0506 16:24:58.012914  7112 processor.cc:652] Total number of processed batches: 0
I0506 16:24:58.016918  8896 processor.cc:651] Processor thread stopped
I0506 16:24:58.016918  8896 processor.cc:652] Total number of processed batches: 0
I0506 16:24:58.017918  3512 processor.cc:651] Processor thread stopped
I0506 16:24:58.017918  3512 processor.cc:652] Total number of processed batches: 0
I0506 16:24:58.017918  5688 c_interface.cc:309] Disposing MasterComponent (id=5)...
I0506 16:24:58.031926  8500 processor.cc:659] No data in processing queue, waiting...
I0506 16:24:58.031926   116 processor.cc:659] No data in processing queue, waiting...
I0506 16:24:58.031926  5608 processor.cc:659] No data in processing queue, waiting...
I0506 16:24:58.032927 10776 processor.cc:659] No data in processing queue, waiting...
I0506 16:24:58.038985 10024 processor.cc:659] No data in processing queue, waiting...
I0506 16:24:58.038985 11728 processor.cc:659] No data in processing queue, waiting...
I0506 16:24:58.038985  8800 processor.cc:659] No data in processing queue, waiting...
I0506 16:24:58.038985 11980 processor.cc:659] No data in processing queue, waiting...
I0506 16:24:58.782775  5688 c_interface.cc:345] Pass 7a3a99f5-181b-40c5-ab5d-58f12cc9f063 to void (__cdecl artm::core::MasterComponent::*)(class std::basic_string<char,struct std::char_traits<char>,class std::allocator<char> > const & __ptr64) __ptr64
I0506 16:24:58.861315  5688 dictionary_operations.cc:159] Importing dictionary 7a3a99f5-181b-40c5-ab5d-58f12cc9f063 from vk/dictionary.dict
I0506 16:24:59.186061  5688 master_component.cc:281] Import completed, token_size = 44299
I0506 16:24:59.186061  5688 c_interface.cc:345] Pass 7a3a99f5-181b-40c5-ab5d-58f12cc9f063 to void (__cdecl artm::core::MasterComponent::*)(class std::basic_string<char,struct std::char_traits<char>,class std::allocator<char> > const & __ptr64) __ptr64
I0506 16:24:59.232986  5688 dictionary_operations.cc:159] Importing dictionary 7a3a99f5-181b-40c5-ab5d-58f12cc9f063 from kos/dictionary.dict
I0506 16:24:59.295466  5688 master_component.cc:281] Import completed, token_size = 6906
I0506 16:24:59.745048  5688 c_interface.cc:345] Pass pwt to void (__cdecl artm::core::MasterComponent::*)(class std::basic_string<char,struct std::char_traits<char>,class std::allocator<char> > const & __ptr64) __ptr64
I0506 16:24:59.745048  5688 c_interface.cc:345] Pass nwt to void (__cdecl artm::core::MasterComponent::*)(class std::basic_string<char,struct std::char_traits<char>,class std::allocator<char> > const & __ptr64) __ptr64
I0506 16:24:59.746047  5688 c_interface.cc:359] Pass InitializeModelArgs: model_name=pwt, dictionary_name=7a3a99f5-181b-40c5-ab5d-58f12cc9f063, topic_name_size=25 to void (__cdecl artm::core::MasterComponent::*)(class artm::InitializeModelArgs const & __ptr64) __ptr64
I0506 16:24:59.816023  5688 master_component.cc:502] InitializeModel() created matrix pwt with 25 topics and 6906 tokens; 
I0506 16:24:59.817025  5688 c_interface.cc:359] Pass InitializeModelArgs: model_name=nwt, dictionary_name=7a3a99f5-181b-40c5-ab5d-58f12cc9f063, topic_name_size=25 to void (__cdecl artm::core::MasterComponent::*)(class artm::InitializeModelArgs const & __ptr64) __ptr64
I0506 16:24:59.859335  5688 master_component.cc:502] InitializeModel() created matrix nwt with 25 topics and 6906 tokens; 
I0506 16:24:59.859335  5688 phi_matrix_operations.cc:82] RetrieveExternalTopicModel() with 25 topics, 6906 tokens
I0506 16:24:59.859335  5688 c_interface.cc:205] ArtmCopyRequestedMessage is copying 267626 bytes...
I0506 16:25:00.043923  5688 c_interface.cc:345] Pass pwt to void (__cdecl artm::core::MasterComponent::*)(class std::basic_string<char,struct std::char_traits<char>,class std::allocator<char> > const & __ptr64) __ptr64
I0506 16:25:00.043923  5688 c_interface.cc:345] Pass nwt to void (__cdecl artm::core::MasterComponent::*)(class std::basic_string<char,struct std::char_traits<char>,class std::allocator<char> > const & __ptr64) __ptr64
I0506 16:25:00.043923  5688 c_interface.cc:359] Pass InitializeModelArgs: model_name=pwt, dictionary_name=7a3a99f5-181b-40c5-ab5d-58f12cc9f063, topic_name_size=25 to void (__cdecl artm::core::MasterComponent::*)(class artm::InitializeModelArgs const & __ptr64) __ptr64
I0506 16:25:00.075176  5688 master_component.cc:502] InitializeModel() created matrix pwt with 25 topics and 6906 tokens; 
I0506 16:25:00.090801  5688 c_interface.cc:359] Pass InitializeModelArgs: model_name=nwt, dictionary_name=7a3a99f5-181b-40c5-ab5d-58f12cc9f063, topic_name_size=25 to void (__cdecl artm::core::MasterComponent::*)(class artm::InitializeModelArgs const & __ptr64) __ptr64
I0506 16:25:00.122068  5688 master_component.cc:502] InitializeModel() created matrix nwt with 25 topics and 6906 tokens; 
I0506 16:25:00.122068  5688 phi_matrix_operations.cc:82] RetrieveExternalTopicModel() with 25 topics, 6906 tokens
I0506 16:25:00.122068  5688 c_interface.cc:205] ArtmCopyRequestedMessage is copying 267626 bytes...
I0506 16:26:11.360288  5688 c_interface.cc:345] Pass 19729f62-9b03-458f-984b-81bbc9efb190 to void (__cdecl artm::core::MasterComponent::*)(class std::basic_string<char,struct std::char_traits<char>,class std::allocator<char> > const & __ptr64) __ptr64
I0506 16:26:11.432338  5688 c_interface.cc:309] Disposing MasterComponent (id=2)...
I0506 16:26:11.433339  5688 c_interface.cc:246] Creating MasterModel (id=9)...
I0506 16:26:18.535503  5688 c_interface.cc:345] Pass e4d47f6f-c06b-4ecb-ba32-be12e193d8e2 to void (__cdecl artm::core::MasterComponent::*)(class std::basic_string<char,struct std::char_traits<char>,class std::allocator<char> > const & __ptr64) __ptr64
I0506 16:26:18.535503  5688 c_interface.cc:359] Pass GatherDictionaryArgs: dictionary_target_name=e4d47f6f-c06b-4ecb-ba32-be12e193d8e2, data_path=vk, symmetric_cooc_values=0 to void (__cdecl artm::core::MasterComponent::*)(class artm::GatherDictionaryArgs const & __ptr64) __ptr64
I0506 16:26:18.535503  5688 dictionary_operations.cc:235] Found 11 batches in 'vk' folder
I0506 16:26:19.162339  5688 dictionary_operations.cc:292] Find 44299 unique tokens in 10001 items
I0506 16:26:21.821799  5688 c_interface.cc:246] Creating MasterModel (id=10)...
I0506 16:26:21.821799  5688 c_interface.cc:345] Pass 7a3a99f5-181b-40c5-ab5d-58f12cc9f063 to void (__cdecl artm::core::MasterComponent::*)(class std::basic_string<char,struct std::char_traits<char>,class std::allocator<char> > const & __ptr64) __ptr64
I0506 16:26:21.822799  5688 c_interface.cc:309] Disposing MasterComponent (id=6)...
I0506 16:26:21.825801  5688 instance.cc:380] MasterModelConfig.processors_count is automatically set to 4
I0506 16:26:21.825801  5688 c_interface.cc:246] Creating MasterModel (id=11)...
I0506 16:26:21.825801  9936 processor.cc:643] Processor thread started
I0506 16:26:21.825801  9196 processor.cc:643] Processor thread started
I0506 16:26:21.825801  9580 processor.cc:643] Processor thread started
I0506 16:26:21.825801  8948 processor.cc:643] Processor thread started
I0506 16:26:21.826804  5688 c_interface.cc:359] Pass MasterModelConfig: topic_name_size=25, score_config_size=2, num_processors=0, pwt_name=pwt, nwt_name=nwt, num_document_passes=10, reuse_theta=no, cache_theta=yes, opt_for_avx=yes, disk_cache_path to void (__cdecl artm::core::MasterComponent::*)(class artm::MasterModelConfig const & __ptr64) __ptr64
I0506 16:26:21.826804  5688 instance.cc:380] MasterModelConfig.processors_count is automatically set to 4
I0506 16:26:21.826804  5688 perplexity.cc:24] Perplexity score calculator created: model_type=1, dictionary_name=7935b4b3-ac96-4978-98b0-6a2bb9854c50
I0506 16:26:21.831825  5608 processor.cc:651] Processor thread stopped
I0506 16:26:21.831825  5608 processor.cc:652] Total number of processed batches: 0
I0506 16:26:21.832825  8500 processor.cc:651] Processor thread stopped
I0506 16:26:21.832825  8500 processor.cc:652] Total number of processed batches: 0
I0506 16:26:21.833827   116 processor.cc:651] Processor thread stopped
I0506 16:26:21.833827   116 processor.cc:652] Total number of processed batches: 0
I0506 16:26:21.835827 10776 processor.cc:651] Processor thread stopped
I0506 16:26:21.835827 10776 processor.cc:652] Total number of processed batches: 0
I0506 16:26:21.841814  5688 c_interface.cc:309] Disposing MasterComponent (id=7)...
I0506 16:26:21.848819  5688 instance.cc:380] MasterModelConfig.processors_count is automatically set to 4
I0506 16:26:21.848819  5688 c_interface.cc:246] Creating MasterModel (id=12)...
I0506 16:26:21.849819  8736 processor.cc:643] Processor thread started
I0506 16:26:21.849819  2908 processor.cc:643] Processor thread started
I0506 16:26:21.849819  5688 c_interface.cc:359] Pass MasterModelConfig: topic_name_size=25, score_config_size=2, num_processors=0, pwt_name=pwt, nwt_name=nwt, num_document_passes=10, reuse_theta=no, cache_theta=yes, opt_for_avx=yes, disk_cache_path to void (__cdecl artm::core::MasterComponent::*)(class artm::MasterModelConfig const & __ptr64) __ptr64
I0506 16:26:21.849819  5688 instance.cc:380] MasterModelConfig.processors_count is automatically set to 4
I0506 16:26:21.849819  4972 processor.cc:643] Processor thread started
I0506 16:26:21.849819  5688 perplexity.cc:24] Perplexity score calculator created: model_type=1, dictionary_name=7935b4b3-ac96-4978-98b0-6a2bb9854c50
I0506 16:26:21.849819  8808 processor.cc:643] Processor thread started
I0506 16:26:21.850819  5688 c_interface.cc:359] Pass MasterModelConfig: topic_name_size=25, score_config_size=2, num_processors=0, pwt_name=pwt, nwt_name=nwt, num_document_passes=10, regularizer=(SparseTheta:-0.15), reuse_theta=no, cache_theta=yes, opt_for_avx=yes, disk_cache_path to void (__cdecl artm::core::MasterComponent::*)(class artm::MasterModelConfig const & __ptr64) __ptr64
I0506 16:26:21.850819  5688 instance.cc:380] MasterModelConfig.processors_count is automatically set to 4
I0506 16:26:21.850819  5688 perplexity.cc:24] Perplexity score calculator created: model_type=1, dictionary_name=7935b4b3-ac96-4978-98b0-6a2bb9854c50
I0506 16:26:21.850819  5688 instance.cc:217] Regularizer 'SparseTheta' was cold-reconfigured
I0506 16:26:21.851822 11980 processor.cc:651] Processor thread stopped
I0506 16:26:21.851822 11980 processor.cc:652] Total number of processed batches: 0
I0506 16:26:21.854879 10024 processor.cc:651] Processor thread stopped
I0506 16:26:21.854879 10024 processor.cc:652] Total number of processed batches: 0
I0506 16:26:21.855923 11728 processor.cc:651] Processor thread stopped
I0506 16:26:21.855923 11728 processor.cc:652] Total number of processed batches: 0
I0506 16:26:21.857882  8800 processor.cc:651] Processor thread stopped
I0506 16:26:21.857882  8800 processor.cc:652] Total number of processed batches: 0
I0506 16:26:21.862884  5688 c_interface.cc:309] Disposing MasterComponent (id=8)...
I0506 16:26:21.864886  9580 processor.cc:659] No data in processing queue, waiting...
I0506 16:26:21.864886  8948 processor.cc:659] No data in processing queue, waiting...
I0506 16:26:21.864886  9196 processor.cc:659] No data in processing queue, waiting...
I0506 16:26:21.864886  9936 processor.cc:659] No data in processing queue, waiting...
I0506 16:26:21.881897  4972 processor.cc:659] No data in processing queue, waiting...
I0506 16:26:21.881897  2908 processor.cc:659] No data in processing queue, waiting...
I0506 16:26:21.881897  8808 processor.cc:659] No data in processing queue, waiting...
I0506 16:26:21.881897  8736 processor.cc:659] No data in processing queue, waiting...
I0506 16:26:26.751768  5688 c_interface.cc:345] Pass 7935b4b3-ac96-4978-98b0-6a2bb9854c50 to void (__cdecl artm::core::MasterComponent::*)(class std::basic_string<char,struct std::char_traits<char>,class std::allocator<char> > const & __ptr64) __ptr64
I0506 16:26:26.752770  5688 c_interface.cc:359] Pass GatherDictionaryArgs: dictionary_target_name=7935b4b3-ac96-4978-98b0-6a2bb9854c50, data_path=vk, symmetric_cooc_values=0 to void (__cdecl artm::core::MasterComponent::*)(class artm::GatherDictionaryArgs const & __ptr64) __ptr64
I0506 16:26:26.752770  5688 dictionary_operations.cc:235] Found 11 batches in 'vk' folder
I0506 16:26:27.256410  5688 dictionary_operations.cc:292] Find 44299 unique tokens in 10001 items
I0506 16:26:27.350163  5688 dictionary_operations.cc:71] Exporting dictionary 7935b4b3-ac96-4978-98b0-6a2bb9854c50 to vk/dictionary.dict
I0506 16:26:27.397038  5688 dictionary_operations.cc:145] Export completed, token_size = 44299
I0506 16:26:27.397038  5688 c_interface.cc:345] Pass 7935b4b3-ac96-4978-98b0-6a2bb9854c50 to void (__cdecl artm::core::MasterComponent::*)(class std::basic_string<char,struct std::char_traits<char>,class std::allocator<char> > const & __ptr64) __ptr64
I0506 16:26:27.397038  5688 dictionary_operations.cc:159] Importing dictionary 7935b4b3-ac96-4978-98b0-6a2bb9854c50 from vk/dictionary.dict
I0506 16:26:27.475164  5688 master_component.cc:281] Import completed, token_size = 44299
I0506 16:26:27.475164  5688 c_interface.cc:345] Pass 7935b4b3-ac96-4978-98b0-6a2bb9854c50 to void (__cdecl artm::core::MasterComponent::*)(class std::basic_string<char,struct std::char_traits<char>,class std::allocator<char> > const & __ptr64) __ptr64
I0506 16:26:27.475164  5688 dictionary_operations.cc:159] Importing dictionary 7935b4b3-ac96-4978-98b0-6a2bb9854c50 from vk/dictionary.dict
I0506 16:26:27.553289  5688 master_component.cc:281] Import completed, token_size = 44299
I0506 16:26:29.069170  5688 c_interface.cc:345] Pass pwt to void (__cdecl artm::core::MasterComponent::*)(class std::basic_string<char,struct std::char_traits<char>,class std::allocator<char> > const & __ptr64) __ptr64
I0506 16:26:29.069170  5688 c_interface.cc:345] Pass nwt to void (__cdecl artm::core::MasterComponent::*)(class std::basic_string<char,struct std::char_traits<char>,class std::allocator<char> > const & __ptr64) __ptr64
I0506 16:26:29.070170  5688 c_interface.cc:359] Pass InitializeModelArgs: model_name=pwt, dictionary_name=7935b4b3-ac96-4978-98b0-6a2bb9854c50, topic_name_size=25 to void (__cdecl artm::core::MasterComponent::*)(class artm::InitializeModelArgs const & __ptr64) __ptr64
I0506 16:26:29.416751  5688 master_component.cc:502] InitializeModel() created matrix pwt with 25 topics and 44299 tokens; 
I0506 16:26:29.416751  5688 c_interface.cc:359] Pass InitializeModelArgs: model_name=nwt, dictionary_name=7935b4b3-ac96-4978-98b0-6a2bb9854c50, topic_name_size=25 to void (__cdecl artm::core::MasterComponent::*)(class artm::InitializeModelArgs const & __ptr64) __ptr64
I0506 16:26:29.729276  5688 master_component.cc:502] InitializeModel() created matrix nwt with 25 topics and 44299 tokens; 
I0506 16:26:29.729276  5688 phi_matrix_operations.cc:82] RetrieveExternalTopicModel() with 25 topics, 44299 tokens
I0506 16:26:29.760526  5688 c_interface.cc:205] ArtmCopyRequestedMessage is copying 1778375 bytes...
I0506 16:26:31.097713  5688 c_interface.cc:345] Pass pwt to void (__cdecl artm::core::MasterComponent::*)(class std::basic_string<char,struct std::char_traits<char>,class std::allocator<char> > const & __ptr64) __ptr64
I0506 16:26:31.098714  5688 c_interface.cc:345] Pass nwt to void (__cdecl artm::core::MasterComponent::*)(class std::basic_string<char,struct std::char_traits<char>,class std::allocator<char> > const & __ptr64) __ptr64
I0506 16:26:31.099715  5688 c_interface.cc:359] Pass InitializeModelArgs: model_name=pwt, dictionary_name=7935b4b3-ac96-4978-98b0-6a2bb9854c50, topic_name_size=25 to void (__cdecl artm::core::MasterComponent::*)(class artm::InitializeModelArgs const & __ptr64) __ptr64
I0506 16:26:31.372545  5688 master_component.cc:502] InitializeModel() created matrix pwt with 25 topics and 44299 tokens; 
I0506 16:26:31.372545  5688 c_interface.cc:359] Pass InitializeModelArgs: model_name=nwt, dictionary_name=7935b4b3-ac96-4978-98b0-6a2bb9854c50, topic_name_size=25 to void (__cdecl artm::core::MasterComponent::*)(class artm::InitializeModelArgs const & __ptr64) __ptr64
I0506 16:26:31.654283  5688 master_component.cc:502] InitializeModel() created matrix nwt with 25 topics and 44299 tokens; 
I0506 16:26:31.654283  5688 phi_matrix_operations.cc:82] RetrieveExternalTopicModel() with 25 topics, 44299 tokens
I0506 16:26:31.685554  5688 c_interface.cc:205] ArtmCopyRequestedMessage is copying 1778375 bytes...
I0506 16:26:32.875510  5688 c_interface.cc:359] Pass MasterModelConfig: topic_name_size=25, score_config_size=3, num_processors=0, pwt_name=pwt, nwt_name=nwt, num_document_passes=10, reuse_theta=no, cache_theta=yes, opt_for_avx=yes, disk_cache_path to void (__cdecl artm::core::MasterComponent::*)(class artm::MasterModelConfig const & __ptr64) __ptr64
I0506 16:26:32.875510  5688 instance.cc:380] MasterModelConfig.processors_count is automatically set to 4
I0506 16:26:32.875510  5688 perplexity.cc:24] Perplexity score calculator created: model_type=1, dictionary_name=7935b4b3-ac96-4978-98b0-6a2bb9854c50
I0506 16:26:32.876512  5688 c_interface.cc:359] Pass MasterModelConfig: topic_name_size=25, score_config_size=4, num_processors=0, pwt_name=pwt, nwt_name=nwt, num_document_passes=10, reuse_theta=no, cache_theta=yes, opt_for_avx=yes, disk_cache_path to void (__cdecl artm::core::MasterComponent::*)(class artm::MasterModelConfig const & __ptr64) __ptr64
I0506 16:26:32.876512  5688 instance.cc:380] MasterModelConfig.processors_count is automatically set to 4
I0506 16:26:32.876512  5688 perplexity.cc:24] Perplexity score calculator created: model_type=1, dictionary_name=7935b4b3-ac96-4978-98b0-6a2bb9854c50
I0506 16:26:32.937037  5688 c_interface.cc:359] Pass MasterModelConfig: topic_name_size=25, score_config_size=5, num_processors=0, pwt_name=pwt, nwt_name=nwt, num_document_passes=10, reuse_theta=no, cache_theta=yes, opt_for_avx=yes, disk_cache_path to void (__cdecl artm::core::MasterComponent::*)(class artm::MasterModelConfig const & __ptr64) __ptr64
I0506 16:26:32.937037  5688 instance.cc:380] MasterModelConfig.processors_count is automatically set to 4
I0506 16:26:32.937037  5688 perplexity.cc:24] Perplexity score calculator created: model_type=1, dictionary_name=7935b4b3-ac96-4978-98b0-6a2bb9854c50
I0506 16:26:32.983942  5688 c_interface.cc:359] Pass MasterModelConfig: topic_name_size=25, score_config_size=3, num_processors=0, pwt_name=pwt, nwt_name=nwt, num_document_passes=10, regularizer=(SparseTheta:-0.15), reuse_theta=no, cache_theta=yes, opt_for_avx=yes, disk_cache_path to void (__cdecl artm::core::MasterComponent::*)(class artm::MasterModelConfig const & __ptr64) __ptr64
I0506 16:26:32.983942  5688 instance.cc:380] MasterModelConfig.processors_count is automatically set to 4
I0506 16:26:32.983942  5688 perplexity.cc:24] Perplexity score calculator created: model_type=1, dictionary_name=7935b4b3-ac96-4978-98b0-6a2bb9854c50
I0506 16:26:32.983942  5688 instance.cc:217] Regularizer 'SparseTheta' was cold-reconfigured
I0506 16:26:32.983942  5688 c_interface.cc:359] Pass MasterModelConfig: topic_name_size=25, score_config_size=4, num_processors=0, pwt_name=pwt, nwt_name=nwt, num_document_passes=10, regularizer=(SparseTheta:-0.15), reuse_theta=no, cache_theta=yes, opt_for_avx=yes, disk_cache_path to void (__cdecl artm::core::MasterComponent::*)(class artm::MasterModelConfig const & __ptr64) __ptr64
I0506 16:26:32.983942  5688 instance.cc:380] MasterModelConfig.processors_count is automatically set to 4
I0506 16:26:32.983942  5688 perplexity.cc:24] Perplexity score calculator created: model_type=1, dictionary_name=7935b4b3-ac96-4978-98b0-6a2bb9854c50
I0506 16:26:32.983942  5688 instance.cc:217] Regularizer 'SparseTheta' was cold-reconfigured
I0506 16:26:32.983942  5688 c_interface.cc:359] Pass MasterModelConfig: topic_name_size=25, score_config_size=5, num_processors=0, pwt_name=pwt, nwt_name=nwt, num_document_passes=10, regularizer=(SparseTheta:-0.15), reuse_theta=no, cache_theta=yes, opt_for_avx=yes, disk_cache_path to void (__cdecl artm::core::MasterComponent::*)(class artm::MasterModelConfig const & __ptr64) __ptr64
I0506 16:26:32.983942  5688 instance.cc:380] MasterModelConfig.processors_count is automatically set to 4
I0506 16:26:32.983942  5688 perplexity.cc:24] Perplexity score calculator created: model_type=1, dictionary_name=7935b4b3-ac96-4978-98b0-6a2bb9854c50
I0506 16:26:32.983942  5688 instance.cc:217] Regularizer 'SparseTheta' was cold-reconfigured
I0506 16:26:35.420483  5688 c_interface.cc:359] Pass MasterModelConfig: topic_name_size=25, score_config_size=5, num_processors=0, pwt_name=pwt, nwt_name=nwt, num_document_passes=10, regularizer=(SparseTheta:-0.15), regularizer=(SparsePhi:-0.1), reuse_theta=no, cache_theta=yes, opt_for_avx=yes, disk_cache_path to void (__cdecl artm::core::MasterComponent::*)(class artm::MasterModelConfig const & __ptr64) __ptr64
I0506 16:26:35.420483  5688 instance.cc:380] MasterModelConfig.processors_count is automatically set to 4
I0506 16:26:35.420483  5688 perplexity.cc:24] Perplexity score calculator created: model_type=1, dictionary_name=7935b4b3-ac96-4978-98b0-6a2bb9854c50
I0506 16:26:35.420483  5688 instance.cc:217] Regularizer 'SparseTheta' was cold-reconfigured
I0506 16:26:35.420483  5688 instance.cc:223] Regularizer 'SparsePhi' was cold-reconfigured
I0506 16:26:35.421484  5688 c_interface.cc:359] Pass MasterModelConfig: topic_name_size=25, score_config_size=5, num_processors=0, pwt_name=pwt, nwt_name=nwt, num_document_passes=10, regularizer=(SparseTheta:-0.15), regularizer=(SparsePhi:-0.1), regularizer=(DecorrelatorPhi:150000), reuse_theta=no, cache_theta=yes, opt_for_avx=yes, disk_cache_path to void (__cdecl artm::core::MasterComponent::*)(class artm::MasterModelConfig const & __ptr64) __ptr64
I0506 16:26:35.421484  5688 instance.cc:380] MasterModelConfig.processors_count is automatically set to 4
I0506 16:26:35.422503  5688 perplexity.cc:24] Perplexity score calculator created: model_type=1, dictionary_name=7935b4b3-ac96-4978-98b0-6a2bb9854c50
I0506 16:26:35.422503  5688 instance.cc:217] Regularizer 'SparseTheta' was cold-reconfigured
I0506 16:26:35.422503  5688 instance.cc:223] Regularizer 'SparsePhi' was cold-reconfigured
I0506 16:26:35.422503  5688 instance.cc:235] Regularizer 'DecorrelatorPhi' was cold-reconfigured
I0506 16:26:38.274809  5688 c_interface.cc:359] Pass MasterModelConfig: topic_name_size=25, score_config_size=5, num_processors=0, pwt_name=pwt, nwt_name=nwt, num_document_passes=1, reuse_theta=no, cache_theta=yes, opt_for_avx=yes, disk_cache_path to void (__cdecl artm::core::MasterComponent::*)(class artm::MasterModelConfig const & __ptr64) __ptr64
I0506 16:26:38.274809  5688 instance.cc:380] MasterModelConfig.processors_count is automatically set to 4
I0506 16:26:38.274809  5688 perplexity.cc:24] Perplexity score calculator created: model_type=1, dictionary_name=7935b4b3-ac96-4978-98b0-6a2bb9854c50
I0506 16:26:38.275810  5688 c_interface.cc:359] Pass MasterModelConfig: topic_name_size=25, score_config_size=5, num_processors=0, pwt_name=pwt, nwt_name=nwt, num_document_passes=1, regularizer=(SparseTheta:-0.15), regularizer=(SparsePhi:-0.1), regularizer=(DecorrelatorPhi:150000), reuse_theta=no, cache_theta=yes, opt_for_avx=yes, disk_cache_path to void (__cdecl artm::core::MasterComponent::*)(class artm::MasterModelConfig const & __ptr64) __ptr64
I0506 16:26:38.275810  5688 instance.cc:380] MasterModelConfig.processors_count is automatically set to 4
I0506 16:26:38.275810  5688 perplexity.cc:24] Perplexity score calculator created: model_type=1, dictionary_name=7935b4b3-ac96-4978-98b0-6a2bb9854c50
I0506 16:26:38.275810  5688 instance.cc:217] Regularizer 'SparseTheta' was cold-reconfigured
I0506 16:26:38.275810  5688 instance.cc:223] Regularizer 'SparsePhi' was cold-reconfigured
I0506 16:26:38.275810  5688 instance.cc:235] Regularizer 'DecorrelatorPhi' was cold-reconfigured
I0506 16:26:38.355070   112 c_interface.cc:359] Pass FitOfflineMasterModelArgs, batch_filename_size=11, batch_weight_size=11, num_collection_passes=1 to void (__cdecl artm::core::MasterComponent::*)(class artm::FitOfflineMasterModelArgs const & __ptr64) __ptr64
I0506 16:26:38.355070   112 master_component.cc:1162] ProcessBatchesArgs: nwt_target_name=nwt, batch_filename_size=11, batch_size=0, batch_weight_size=11, pwt_source_name=pwt, num_document_passes=1, reuse_theta=no, opt_for_avx=yes, predict_class_id=
I0506 16:26:38.448688  9196 processor.cc:666] Processing queue has data, processing started
I0506 16:26:38.448688  9936 processor.cc:666] Processing queue has data, processing started
I0506 16:26:38.448688  9580 processor.cc:666] Processing queue has data, processing started
I0506 16:26:38.448688  8948 processor.cc:666] Processing queue has data, processing started
I0506 16:26:38.464277  9936 processor.cc:742] Processor: start processing batch c525ae55-9040-4a0a-bbab-83c85c734af8 into model nwt
I0506 16:26:38.464277  9196 processor.cc:742] Processor: start processing batch 9589b3a2-7003-43d8-9bdd-4c4958e1d462 into model nwt
I0506 16:26:38.464277  8948 processor.cc:742] Processor: start processing batch 4b84a36e-29f9-4537-ba43-9c295743dc50 into model nwt
I0506 16:26:38.464277  9580 processor.cc:742] Processor: start processing batch fb769380-fe27-43a4-8c27-26f218018956 into model nwt
I0506 16:26:38.724326  9936 processor.cc:830] Processor: complete processing batch c525ae55-9040-4a0a-bbab-83c85c734af8 into model nwt
I0506 16:26:38.724326  9936 cuckoo_watch.h:44] 284ms in ProcessBatch(vk\aaaaac.batch) [including 14ms in LoadMessage; 2ms in InitializeSparseNdw; 87ms in InferThetaAndUpdateNwtSparse; 60ms in CalculateScore(PerplexityScore); 17ms in CalculateScore(SparsityThetaScore); 80ms in CalculateScore(^^^ItemsProcessedScore^^^); ]
I0506 16:26:38.739951  9936 processor.cc:742] Processor: start processing batch 189461fd-5848-4217-99b1-4482b5666704 into model nwt
I0506 16:26:38.755578  9196 processor.cc:830] Processor: complete processing batch 9589b3a2-7003-43d8-9bdd-4c4958e1d462 into model nwt
I0506 16:26:38.771201  9196 cuckoo_watch.h:44] 325ms in ProcessBatch(vk\aaaaab.batch) [including 16ms in LoadMessage; 3ms in InitializeSparseNdw; 101ms in InferThetaAndUpdateNwtSparse; 72ms in CalculateScore(PerplexityScore); 17ms in CalculateScore(SparsityThetaScore); 94ms in CalculateScore(^^^ItemsProcessedScore^^^); ]
I0506 16:26:38.771201  9580 processor.cc:830] Processor: complete processing batch fb769380-fe27-43a4-8c27-26f218018956 into model nwt
I0506 16:26:38.786825  9580 cuckoo_watch.h:44] 340ms in ProcessBatch(vk\aaaaaa.batch) [including 17ms in LoadMessage; 3ms in InitializeSparseNdw; 104ms in InferThetaAndUpdateNwtSparse; 77ms in CalculateScore(PerplexityScore); 16ms in CalculateScore(SparsityThetaScore); 102ms in CalculateScore(^^^ItemsProcessedScore^^^); ]
I0506 16:26:38.786825  9196 processor.cc:742] Processor: start processing batch d3907409-8f45-4c19-87d8-cc1359870f5c into model nwt
I0506 16:26:38.802451  9580 processor.cc:742] Processor: start processing batch 6d2bbae5-0ad0-4d84-8d8a-18a9ba03b9ea into model nwt
I0506 16:26:38.818078  8948 processor.cc:830] Processor: complete processing batch 4b84a36e-29f9-4537-ba43-9c295743dc50 into model nwt
I0506 16:26:38.818078  8948 cuckoo_watch.h:44] 372ms in ProcessBatch(vk\aaaaad.batch) [including 17ms in LoadMessage; 3ms in InitializeSparseNdw; 112ms in InferThetaAndUpdateNwtSparse; 83ms in CalculateScore(PerplexityScore); 16ms in CalculateScore(SparsityThetaScore); 121ms in CalculateScore(^^^ItemsProcessedScore^^^); ]
I0506 16:26:38.848428  8948 processor.cc:742] Processor: start processing batch ca3e3b1a-ae65-428c-aa60-f9cf7b0d968b into model nwt
I0506 16:26:39.178889  9936 processor.cc:830] Processor: complete processing batch 189461fd-5848-4217-99b1-4482b5666704 into model nwt
I0506 16:26:39.181891  9936 cuckoo_watch.h:44] 448ms in ProcessBatch(vk\aaaaae.batch) [including 15ms in LoadMessage; 2ms in InitializeSparseNdw; 107ms in InferThetaAndUpdateNwtSparse; 86ms in CalculateScore(PerplexityScore); 15ms in CalculateScore(SparsityThetaScore); 213ms in CalculateScore(^^^ItemsProcessedScore^^^); ]
I0506 16:26:39.202906  9936 processor.cc:742] Processor: start processing batch 460b4aeb-360f-42a2-8ab2-b81e20f0686a into model nwt
I0506 16:26:39.248939  9196 processor.cc:830] Processor: complete processing batch d3907409-8f45-4c19-87d8-cc1359870f5c into model nwt
I0506 16:26:39.252948  9196 cuckoo_watch.h:44] 479ms in ProcessBatch(vk\aaaaaf.batch) [including 17ms in LoadMessage; 4ms in InitializeSparseNdw; 140ms in InferThetaAndUpdateNwtSparse; 116ms in CalculateScore(PerplexityScore); 21ms in CalculateScore(SparsityThetaScore); 171ms in CalculateScore(^^^ItemsProcessedScore^^^); ]
I0506 16:26:39.275959  9196 processor.cc:742] Processor: start processing batch b9d34635-8ca1-46f9-b4a7-86526fe3e8c5 into model nwt
I0506 16:26:39.285012  9580 processor.cc:830] Processor: complete processing batch 6d2bbae5-0ad0-4d84-8d8a-18a9ba03b9ea into model nwt
I0506 16:26:39.285012  9580 cuckoo_watch.h:44] 509ms in ProcessBatch(vk\aaaaag.batch) [including 17ms in LoadMessage; 4ms in InitializeSparseNdw; 132ms in InferThetaAndUpdateNwtSparse; 117ms in CalculateScore(PerplexityScore); 35ms in CalculateScore(SparsityThetaScore); 195ms in CalculateScore(^^^ItemsProcessedScore^^^); ]
I0506 16:26:39.302717  9580 processor.cc:742] Processor: start processing batch d95599f6-ec39-4b14-80f4-2d07742592c0 into model nwt
I0506 16:26:39.302717  9580 processor.cc:830] Processor: complete processing batch d95599f6-ec39-4b14-80f4-2d07742592c0 into model nwt
I0506 16:26:39.302717  9580 cuckoo_watch.h:44] 6ms in ProcessBatch(vk\aaaaak.batch) [including 0ms in LoadMessage; 0ms in InitializeSparseNdw; 0ms in InferThetaAndUpdateNwtSparse; 0ms in CalculateScore(PerplexityScore); 0ms in CalculateScore(SparsityThetaScore); 0ms in CalculateScore(^^^ItemsProcessedScore^^^); ]
I0506 16:26:39.369403  5688 c_interface.cc:523] Pass GetScoreValueArgs, score_name=^^^ItemsProcessedScore^^^ to MasterComponent::Request
I0506 16:26:39.369403  5688 c_interface.cc:205] ArtmCopyRequestedMessage is copying 54 bytes...
I0506 16:26:39.369403  8948 processor.cc:830] Processor: complete processing batch ca3e3b1a-ae65-428c-aa60-f9cf7b0d968b into model nwt
I0506 16:26:39.369403  8948 cuckoo_watch.h:44] 556ms in ProcessBatch(vk\aaaaah.batch) [including 24ms in LoadMessage; 4ms in InitializeSparseNdw; 138ms in InferThetaAndUpdateNwtSparse; 207ms in CalculateScore(PerplexityScore); 27ms in CalculateScore(SparsityThetaScore); 148ms in CalculateScore(^^^ItemsProcessedScore^^^); ]
I0506 16:26:39.494403  9936 processor.cc:830] Processor: complete processing batch 460b4aeb-360f-42a2-8ab2-b81e20f0686a into model nwt
I0506 16:26:39.494403  9936 cuckoo_watch.h:44] 323ms in ProcessBatch(vk\aaaaai.batch) [including 17ms in LoadMessage; 2ms in InitializeSparseNdw; 134ms in InferThetaAndUpdateNwtSparse; 74ms in CalculateScore(PerplexityScore); 9ms in CalculateScore(SparsityThetaScore); 77ms in CalculateScore(^^^ItemsProcessedScore^^^); ]
I0506 16:26:39.572528  9196 processor.cc:830] Processor: complete processing batch b9d34635-8ca1-46f9-b4a7-86526fe3e8c5 into model nwt
I0506 16:26:39.572528  9196 cuckoo_watch.h:44] 327ms in ProcessBatch(vk\aaaaaj.batch) [including 19ms in LoadMessage; 4ms in InitializeSparseNdw; 129ms in InferThetaAndUpdateNwtSparse; 81ms in CalculateScore(PerplexityScore); 10ms in CalculateScore(SparsityThetaScore); 74ms in CalculateScore(^^^ItemsProcessedScore^^^); ]
I0506 16:26:39.588192  9580 processor.cc:659] No data in processing queue, waiting...
I0506 16:26:39.588192   112 master_component.cc:1211] NormalizeModelArgs: pwt_target_name=pwt, nwt_source_name=nwt, rwt_source_name=
I0506 16:26:39.588192   112 master_component.cc:812] MasterComponent: start normalizing model nwt
I0506 16:26:39.666301  8948 processor.cc:659] No data in processing queue, waiting...
I0506 16:26:39.697530   112 master_component.cc:834] MasterComponent: complete normalizing model nwt
I0506 16:26:39.728801   112 master_component.cc:1235] DisposeModel rwt
I0506 16:26:39.728801   112 master_component.cc:858] FitOffline: ItemsProcessed, num_items=10001, num_batches=11, token_weight=2.1219e+06, token_weight_in_effect=2.1219e+06
I0506 16:26:39.760069  5688 c_interface.cc:523] Pass GetScoreValueArgs, score_name=^^^ItemsProcessedScore^^^ to MasterComponent::Request
I0506 16:26:39.760069  5688 c_interface.cc:205] ArtmCopyRequestedMessage is copying 54 bytes...
I0506 16:26:39.760069   112 c_interface.cc:359] Pass FitOfflineMasterModelArgs, batch_filename_size=11, batch_weight_size=11, num_collection_passes=1 to void (__cdecl artm::core::MasterComponent::*)(class artm::FitOfflineMasterModelArgs const & __ptr64) __ptr64
I0506 16:26:39.760069   112 master_component.cc:1162] ProcessBatchesArgs: nwt_target_name=nwt, batch_filename_size=11, batch_size=0, batch_weight_size=11, pwt_source_name=pwt, num_document_passes=1, reuse_theta=no, opt_for_avx=yes, predict_class_id=
I0506 16:26:39.791301  9936 processor.cc:659] No data in processing queue, waiting...
I0506 16:26:39.841560  9196 processor.cc:659] No data in processing queue, waiting...
I0506 16:26:39.857203  9936 processor.cc:666] Processing queue has data, processing started
I0506 16:26:39.857203  9196 processor.cc:666] Processing queue has data, processing started
I0506 16:26:39.857203  9580 processor.cc:666] Processing queue has data, processing started
I0506 16:26:39.857203  8948 processor.cc:666] Processing queue has data, processing started
I0506 16:26:39.872790  9580 processor.cc:742] Processor: start processing batch c525ae55-9040-4a0a-bbab-83c85c734af8 into model nwt
I0506 16:26:39.872790  9196 processor.cc:742] Processor: start processing batch 9589b3a2-7003-43d8-9bdd-4c4958e1d462 into model nwt
I0506 16:26:39.872790  8948 processor.cc:742] Processor: start processing batch 4b84a36e-29f9-4537-ba43-9c295743dc50 into model nwt
I0506 16:26:39.872790  9936 processor.cc:742] Processor: start processing batch fb769380-fe27-43a4-8c27-26f218018956 into model nwt
I0506 16:26:40.135659  9580 processor.cc:830] Processor: complete processing batch c525ae55-9040-4a0a-bbab-83c85c734af8 into model nwt
I0506 16:26:40.135659  9580 cuckoo_watch.h:44] 284ms in ProcessBatch(vk\aaaaac.batch) [including 13ms in LoadMessage; 2ms in InitializeSparseNdw; 82ms in InferThetaAndUpdateNwtSparse; 82ms in CalculateScore(PerplexityScore); 16ms in CalculateScore(SparsityThetaScore); 79ms in CalculateScore(^^^ItemsProcessedScore^^^); ]
I0506 16:26:40.151285  9580 processor.cc:742] Processor: start processing batch 189461fd-5848-4217-99b1-4482b5666704 into model nwt
I0506 16:26:40.166911  9196 processor.cc:830] Processor: complete processing batch 9589b3a2-7003-43d8-9bdd-4c4958e1d462 into model nwt
I0506 16:26:40.166911  9196 cuckoo_watch.h:44] 314ms in ProcessBatch(vk\aaaaab.batch) [including 16ms in LoadMessage; 3ms in InitializeSparseNdw; 99ms in InferThetaAndUpdateNwtSparse; 73ms in CalculateScore(PerplexityScore); 18ms in CalculateScore(SparsityThetaScore); 95ms in CalculateScore(^^^ItemsProcessedScore^^^); ]
I0506 16:26:40.166911  9936 processor.cc:830] Processor: complete processing batch fb769380-fe27-43a4-8c27-26f218018956 into model nwt
I0506 16:26:40.187090  9936 cuckoo_watch.h:44] 328ms in ProcessBatch(vk\aaaaaa.batch) [including 18ms in LoadMessage; 2ms in InitializeSparseNdw; 101ms in InferThetaAndUpdateNwtSparse; 78ms in CalculateScore(PerplexityScore); 15ms in CalculateScore(SparsityThetaScore); 101ms in CalculateScore(^^^ItemsProcessedScore^^^); ]
I0506 16:26:40.198098  9196 processor.cc:742] Processor: start processing batch d3907409-8f45-4c19-87d8-cc1359870f5c into model nwt
I0506 16:26:40.208106  9936 processor.cc:742] Processor: start processing batch 6d2bbae5-0ad0-4d84-8d8a-18a9ba03b9ea into model nwt
I0506 16:26:40.210108  8948 processor.cc:830] Processor: complete processing batch 4b84a36e-29f9-4537-ba43-9c295743dc50 into model nwt
I0506 16:26:40.214109  8948 cuckoo_watch.h:44] 355ms in ProcessBatch(vk\aaaaad.batch) [including 16ms in LoadMessage; 4ms in InitializeSparseNdw; 108ms in InferThetaAndUpdateNwtSparse; 79ms in CalculateScore(PerplexityScore); 15ms in CalculateScore(SparsityThetaScore); 123ms in CalculateScore(^^^ItemsProcessedScore^^^); ]
I0506 16:26:40.235124  8948 processor.cc:742] Processor: start processing batch ca3e3b1a-ae65-428c-aa60-f9cf7b0d968b into model nwt
I0506 16:26:40.470774  9580 processor.cc:830] Processor: complete processing batch 189461fd-5848-4217-99b1-4482b5666704 into model nwt
I0506 16:26:40.470774  9580 cuckoo_watch.h:44] 339ms in ProcessBatch(vk\aaaaae.batch) [including 16ms in LoadMessage; 2ms in InitializeSparseNdw; 105ms in InferThetaAndUpdateNwtSparse; 87ms in CalculateScore(PerplexityScore); 16ms in CalculateScore(SparsityThetaScore); 104ms in CalculateScore(^^^ItemsProcessedScore^^^); ]
I0506 16:26:40.502023  9580 processor.cc:742] Processor: start processing batch 460b4aeb-360f-42a2-8ab2-b81e20f0686a into model nwt
I0506 16:26:40.564525  9196 processor.cc:830] Processor: complete processing batch d3907409-8f45-4c19-87d8-cc1359870f5c into model nwt
I0506 16:26:40.564525  9936 processor.cc:830] Processor: complete processing batch 6d2bbae5-0ad0-4d84-8d8a-18a9ba03b9ea into model nwt
I0506 16:26:40.564525  9196 cuckoo_watch.h:44] 399ms in ProcessBatch(vk\aaaaaf.batch) [including 22ms in LoadMessage; 4ms in InitializeSparseNdw; 135ms in InferThetaAndUpdateNwtSparse; 89ms in CalculateScore(PerplexityScore); 17ms in CalculateScore(SparsityThetaScore); 123ms in CalculateScore(^^^ItemsProcessedScore^^^); ]
I0506 16:26:40.564525  9936 cuckoo_watch.h:44] 388ms in ProcessBatch(vk\aaaaag.batch) [including 17ms in LoadMessage; 4ms in InitializeSparseNdw; 123ms in InferThetaAndUpdateNwtSparse; 91ms in CalculateScore(PerplexityScore); 16ms in CalculateScore(SparsityThetaScore); 126ms in CalculateScore(^^^ItemsProcessedScore^^^); ]
I0506 16:26:40.564525  9936 processor.cc:742] Processor: start processing batch d95599f6-ec39-4b14-80f4-2d07742592c0 into model nwt
I0506 16:26:40.564525  9936 processor.cc:830] Processor: complete processing batch d95599f6-ec39-4b14-80f4-2d07742592c0 into model nwt
I0506 16:26:40.564525  9936 cuckoo_watch.h:44] 3ms in ProcessBatch(vk\aaaaak.batch) [including 0ms in LoadMessage; 0ms in InitializeSparseNdw; 0ms in InferThetaAndUpdateNwtSparse; 0ms in CalculateScore(PerplexityScore); 0ms in CalculateScore(SparsityThetaScore); 0ms in CalculateScore(^^^ItemsProcessedScore^^^); ]
I0506 16:26:40.580150  9196 processor.cc:742] Processor: start processing batch b9d34635-8ca1-46f9-b4a7-86526fe3e8c5 into model nwt
I0506 16:26:40.595775  8948 processor.cc:830] Processor: complete processing batch ca3e3b1a-ae65-428c-aa60-f9cf7b0d968b into model nwt
I0506 16:26:40.611402  8948 cuckoo_watch.h:44] 398ms in ProcessBatch(vk\aaaaah.batch) [including 17ms in LoadMessage; 5ms in InitializeSparseNdw; 130ms in InferThetaAndUpdateNwtSparse; 91ms in CalculateScore(PerplexityScore); 17ms in CalculateScore(SparsityThetaScore); 127ms in CalculateScore(^^^ItemsProcessedScore^^^); ]
I0506 16:26:40.757371  9580 processor.cc:830] Processor: complete processing batch 460b4aeb-360f-42a2-8ab2-b81e20f0686a into model nwt
I0506 16:26:40.757371  9580 cuckoo_watch.h:44] 281ms in ProcessBatch(vk\aaaaai.batch) [including 16ms in LoadMessage; 2ms in InitializeSparseNdw; 106ms in InferThetaAndUpdateNwtSparse; 68ms in CalculateScore(PerplexityScore); 9ms in CalculateScore(SparsityThetaScore); 69ms in CalculateScore(^^^ItemsProcessedScore^^^); ]
I0506 16:26:40.772995  5688 c_interface.cc:523] Pass GetScoreValueArgs, score_name=^^^ItemsProcessedScore^^^ to MasterComponent::Request
I0506 16:26:40.772995  5688 c_interface.cc:205] ArtmCopyRequestedMessage is copying 54 bytes...
I0506 16:26:40.835497  9936 processor.cc:659] No data in processing queue, waiting...
I0506 16:26:40.851121  9196 processor.cc:830] Processor: complete processing batch b9d34635-8ca1-46f9-b4a7-86526fe3e8c5 into model nwt
