I0506 16:27:30.760190  2908 cuckoo_watch.h:44] 424ms in ProcessBatch(vk\aaaaae.batch) [including 17ms in LoadMessage; 2ms in InitializeSparseNdw; 155ms in InferThetaAndUpdateNwtSparse; 106ms in CalculateScore(PerplexityScore); 18ms in CalculateScore(SparsityThetaScore); 112ms in CalculateScore(^^^ItemsProcessedScore^^^); ]
I0506 16:27:30.779204  2908 processor.cc:742] Processor: start processing batch 460b4aeb-360f-42a2-8ab2-b81e20f0686a into model nwt
I0506 16:27:30.854257  4972 processor.cc:830] Processor: complete processing batch d3907409-8f45-4c19-87d8-cc1359870f5c into model nwt
I0506 16:27:30.857259  4972 cuckoo_watch.h:44] 467ms in ProcessBatch(vk\aaaaaf.batch) [including 22ms in LoadMessage; 3ms in InitializeSparseNdw; 186ms in InferThetaAndUpdateNwtSparse; 101ms in CalculateScore(PerplexityScore); 17ms in CalculateScore(SparsityThetaScore); 128ms in CalculateScore(^^^ItemsProcessedScore^^^); ]
I0506 16:27:30.862262  8808 processor.cc:830] Processor: complete processing batch 6d2bbae5-0ad0-4d84-8d8a-18a9ba03b9ea into model nwt
I0506 16:27:30.866266  8808 cuckoo_watch.h:44] 457ms in ProcessBatch(vk\aaaaag.batch) [including 21ms in LoadMessage; 4ms in InitializeSparseNdw; 176ms in InferThetaAndUpdateNwtSparse; 100ms in CalculateScore(PerplexityScore); 16ms in CalculateScore(SparsityThetaScore); 130ms in CalculateScore(^^^ItemsProcessedScore^^^); ]
I0506 16:27:30.869268  8808 processor.cc:742] Processor: start processing batch d95599f6-ec39-4b14-80f4-2d07742592c0 into model nwt
I0506 16:27:30.869268  8808 processor.cc:830] Processor: complete processing batch d95599f6-ec39-4b14-80f4-2d07742592c0 into model nwt
I0506 16:27:30.869268  8808 cuckoo_watch.h:44] 3ms in ProcessBatch(vk\aaaaak.batch) [including 0ms in LoadMessage; 0ms in InitializeSparseNdw; 0ms in InferThetaAndUpdateNwtSparse; 0ms in CalculateScore(PerplexityScore); 0ms in CalculateScore(SparsityThetaScore); 0ms in CalculateScore(^^^ItemsProcessedScore^^^); ]
I0506 16:27:30.879274  4972 processor.cc:742] Processor: start processing batch b9d34635-8ca1-46f9-b4a7-86526fe3e8c5 into model nwt
I0506 16:27:30.887280  8736 processor.cc:830] Processor: complete processing batch ca3e3b1a-ae65-428c-aa60-f9cf7b0d968b into model nwt
I0506 16:27:30.892284  8736 cuckoo_watch.h:44] 456ms in ProcessBatch(vk\aaaaah.batch) [including 18ms in LoadMessage; 3ms in InitializeSparseNdw; 169ms in InferThetaAndUpdateNwtSparse; 103ms in CalculateScore(PerplexityScore); 17ms in CalculateScore(SparsityThetaScore); 131ms in CalculateScore(^^^ItemsProcessedScore^^^); ]
I0506 16:27:30.903291  8808 processor.cc:659] No data in processing queue, waiting...
I0506 16:27:30.918303  8736 processor.cc:659] No data in processing queue, waiting...
I0506 16:27:30.930310  5688 c_interface.cc:523] Pass GetScoreValueArgs, score_name=^^^ItemsProcessedScore^^^ to MasterComponent::Request
I0506 16:27:30.930310  5688 c_interface.cc:205] ArtmCopyRequestedMessage is copying 54 bytes...
I0506 16:27:31.074414  2908 processor.cc:830] Processor: complete processing batch 460b4aeb-360f-42a2-8ab2-b81e20f0686a into model nwt
I0506 16:27:31.076416  2908 cuckoo_watch.h:44] 316ms in ProcessBatch(vk\aaaaai.batch) [including 16ms in LoadMessage; 2ms in InitializeSparseNdw; 127ms in InferThetaAndUpdateNwtSparse; 77ms in CalculateScore(PerplexityScore); 11ms in CalculateScore(SparsityThetaScore); 74ms in CalculateScore(^^^ItemsProcessedScore^^^); ]
I0506 16:27:31.103433  2908 processor.cc:659] No data in processing queue, waiting...
I0506 16:27:31.200503  4972 processor.cc:830] Processor: complete processing batch b9d34635-8ca1-46f9-b4a7-86526fe3e8c5 into model nwt
I0506 16:27:31.202504  4972 cuckoo_watch.h:44] 345ms in ProcessBatch(vk\aaaaaj.batch) [including 19ms in LoadMessage; 4ms in InitializeSparseNdw; 128ms in InferThetaAndUpdateNwtSparse; 85ms in CalculateScore(PerplexityScore); 11ms in CalculateScore(SparsityThetaScore); 91ms in CalculateScore(^^^ItemsProcessedScore^^^); ]
I0506 16:27:31.204509  7308 master_component.cc:1200] RegularizeModelArgs: rwt_target_name=rwt, pwt_source_name=pwt, nwt_source_name=nwt
I0506 16:27:31.204509  7308 master_component.cc:785] MasterComponent: start regularizing model pwt
I0506 16:27:31.237530  4972 processor.cc:659] No data in processing queue, waiting...
I0506 16:27:31.488708  7308 master_component.cc:808] MasterComponent: complete regularizing model pwt
I0506 16:27:31.488708  7308 master_component.cc:1211] NormalizeModelArgs: pwt_target_name=pwt, nwt_source_name=nwt, rwt_source_name=rwt
I0506 16:27:31.488708  7308 master_component.cc:812] MasterComponent: start normalizing model nwt
I0506 16:27:31.636811  7308 master_component.cc:834] MasterComponent: complete normalizing model nwt
I0506 16:27:31.697875  7308 master_component.cc:1235] DisposeModel rwt
I0506 16:27:31.710863  7308 master_component.cc:858] FitOffline: ItemsProcessed, num_items=10001, num_batches=11, token_weight=2.1219e+06, token_weight_in_effect=2.1219e+06
I0506 16:27:31.743927  5688 c_interface.cc:523] Pass GetScoreValueArgs, score_name=^^^ItemsProcessedScore^^^ to MasterComponent::Request
I0506 16:27:31.743927  5688 c_interface.cc:205] ArtmCopyRequestedMessage is copying 54 bytes...
I0506 16:29:54.621584  5688 c_interface.cc:205] ArtmCopyRequestedMessage is copying 597 bytes...
I0506 16:29:54.622586  5688 c_interface.cc:205] ArtmCopyRequestedMessage is copying 615 bytes...
I0506 16:29:54.624586  5688 c_interface.cc:205] ArtmCopyRequestedMessage is copying 615 bytes...
I0506 16:29:54.625587  5688 c_interface.cc:205] ArtmCopyRequestedMessage is copying 639 bytes...
I0506 16:29:54.635594  5688 c_interface.cc:205] ArtmCopyRequestedMessage is copying 5085804 bytes...
I0506 16:29:55.561374  5688 c_interface.cc:205] ArtmCopyRequestedMessage is copying 6302607 bytes...
I0506 16:29:56.549172  5688 c_interface.cc:205] ArtmCopyRequestedMessage is copying 5085804 bytes...
I0506 16:29:57.349148  5688 c_interface.cc:205] ArtmCopyRequestedMessage is copying 6302607 bytes...
I0506 16:29:58.336247  5688 c_interface.cc:205] ArtmCopyRequestedMessage is copying 780 bytes...
I0506 16:29:58.340324  5688 c_interface.cc:205] ArtmCopyRequestedMessage is copying 794 bytes...
I0506 16:29:58.343324  5688 c_interface.cc:205] ArtmCopyRequestedMessage is copying 780 bytes...
I0506 16:29:58.344326  5688 c_interface.cc:205] ArtmCopyRequestedMessage is copying 794 bytes...
I0506 16:30:07.824506  5688 c_interface.cc:359] Pass MasterModelConfig: topic_name_size=25, score_config_size=5, num_processors=0, pwt_name=pwt, nwt_name=nwt, num_document_passes=1, regularizer=(SparseTheta:-0.15), regularizer=(SparsePhi:-0.2), regularizer=(DecorrelatorPhi:150000), reuse_theta=no, cache_theta=yes, opt_for_avx=yes, disk_cache_path to void (__cdecl artm::core::MasterComponent::*)(class artm::MasterModelConfig const & __ptr64) __ptr64
I0506 16:30:07.824506  5688 instance.cc:380] MasterModelConfig.processors_count is automatically set to 4
I0506 16:30:07.824506  5688 perplexity.cc:24] Perplexity score calculator created: model_type=1, dictionary_name=7935b4b3-ac96-4978-98b0-6a2bb9854c50
I0506 16:30:07.824506  5688 instance.cc:217] Regularizer 'SparseTheta' was cold-reconfigured
I0506 16:30:07.824506  5688 instance.cc:223] Regularizer 'SparsePhi' was cold-reconfigured
I0506 16:30:07.824506  5688 instance.cc:235] Regularizer 'DecorrelatorPhi' was cold-reconfigured
I0506 16:30:07.825506  5688 c_interface.cc:359] Pass MasterModelConfig: topic_name_size=25, score_config_size=5, num_processors=0, pwt_name=pwt, nwt_name=nwt, num_document_passes=1, regularizer=(SparseTheta:-0.2), regularizer=(SparsePhi:-0.2), regularizer=(DecorrelatorPhi:150000), reuse_theta=no, cache_theta=yes, opt_for_avx=yes, disk_cache_path to void (__cdecl artm::core::MasterComponent::*)(class artm::MasterModelConfig const & __ptr64) __ptr64
I0506 16:30:07.825506  5688 instance.cc:380] MasterModelConfig.processors_count is automatically set to 4
I0506 16:30:07.825506  5688 perplexity.cc:24] Perplexity score calculator created: model_type=1, dictionary_name=7935b4b3-ac96-4978-98b0-6a2bb9854c50
I0506 16:30:07.825506  5688 instance.cc:217] Regularizer 'SparseTheta' was cold-reconfigured
I0506 16:30:07.825506  5688 instance.cc:223] Regularizer 'SparsePhi' was cold-reconfigured
I0506 16:30:07.825506  5688 instance.cc:235] Regularizer 'DecorrelatorPhi' was cold-reconfigured
I0506 16:30:07.825506  5688 c_interface.cc:359] Pass MasterModelConfig: topic_name_size=25, score_config_size=5, num_processors=0, pwt_name=pwt, nwt_name=nwt, num_document_passes=1, regularizer=(SparseTheta:-0.2), regularizer=(SparsePhi:-0.2), regularizer=(DecorrelatorPhi:250000), reuse_theta=no, cache_theta=yes, opt_for_avx=yes, disk_cache_path to void (__cdecl artm::core::MasterComponent::*)(class artm::MasterModelConfig const & __ptr64) __ptr64
I0506 16:30:07.825506  5688 instance.cc:380] MasterModelConfig.processors_count is automatically set to 4
I0506 16:30:07.825506  5688 perplexity.cc:24] Perplexity score calculator created: model_type=1, dictionary_name=7935b4b3-ac96-4978-98b0-6a2bb9854c50
I0506 16:30:07.825506  5688 instance.cc:217] Regularizer 'SparseTheta' was cold-reconfigured
I0506 16:30:07.825506  5688 instance.cc:223] Regularizer 'SparsePhi' was cold-reconfigured
I0506 16:30:07.825506  5688 instance.cc:235] Regularizer 'DecorrelatorPhi' was cold-reconfigured
I0506 16:30:08.650180  5688 c_interface.cc:359] Pass MasterModelConfig: topic_name_size=25, score_config_size=6, num_processors=0, pwt_name=pwt, nwt_name=nwt, num_document_passes=1, reuse_theta=no, cache_theta=yes, opt_for_avx=yes, disk_cache_path to void (__cdecl artm::core::MasterComponent::*)(class artm::MasterModelConfig const & __ptr64) __ptr64
I0506 16:30:08.650180  5688 instance.cc:380] MasterModelConfig.processors_count is automatically set to 4
I0506 16:30:08.650180  5688 perplexity.cc:24] Perplexity score calculator created: model_type=1, dictionary_name=7935b4b3-ac96-4978-98b0-6a2bb9854c50
I0506 16:30:08.651165  5688 c_interface.cc:359] Pass MasterModelConfig: topic_name_size=25, score_config_size=6, num_processors=0, pwt_name=pwt, nwt_name=nwt, num_document_passes=1, regularizer=(SparseTheta:-0.2), regularizer=(SparsePhi:-0.2), regularizer=(DecorrelatorPhi:250000), reuse_theta=no, cache_theta=yes, opt_for_avx=yes, disk_cache_path to void (__cdecl artm::core::MasterComponent::*)(class artm::MasterModelConfig const & __ptr64) __ptr64
I0506 16:30:08.651165  5688 instance.cc:380] MasterModelConfig.processors_count is automatically set to 4
I0506 16:30:08.651165  5688 perplexity.cc:24] Perplexity score calculator created: model_type=1, dictionary_name=7935b4b3-ac96-4978-98b0-6a2bb9854c50
I0506 16:30:08.651165  5688 instance.cc:217] Regularizer 'SparseTheta' was cold-reconfigured
I0506 16:30:08.651165  5688 instance.cc:223] Regularizer 'SparsePhi' was cold-reconfigured
I0506 16:30:08.651165  5688 instance.cc:235] Regularizer 'DecorrelatorPhi' was cold-reconfigured
I0506 16:30:09.260040   112 c_interface.cc:359] Pass FitOfflineMasterModelArgs, batch_filename_size=11, batch_weight_size=11, num_collection_passes=1 to void (__cdecl artm::core::MasterComponent::*)(class artm::FitOfflineMasterModelArgs const & __ptr64) __ptr64
I0506 16:30:09.260040   112 master_component.cc:1162] ProcessBatchesArgs: nwt_target_name=nwt, batch_filename_size=11, batch_size=0, batch_weight_size=11, pwt_source_name=pwt, num_document_passes=1, reuse_theta=no, opt_for_avx=yes, predict_class_id=
I0506 16:30:09.378412  9196 processor.cc:666] Processing queue has data, processing started
I0506 16:30:09.378412  9936 processor.cc:666] Processing queue has data, processing started
I0506 16:30:09.378412  9580 processor.cc:666] Processing queue has data, processing started
I0506 16:30:09.378412  8948 processor.cc:666] Processing queue has data, processing started
I0506 16:30:09.394023  9580 processor.cc:742] Processor: start processing batch c525ae55-9040-4a0a-bbab-83c85c734af8 into model nwt
I0506 16:30:09.394023  9936 processor.cc:742] Processor: start processing batch 9589b3a2-7003-43d8-9bdd-4c4958e1d462 into model nwt
I0506 16:30:09.394023  8948 processor.cc:742] Processor: start processing batch 4b84a36e-29f9-4537-ba43-9c295743dc50 into model nwt
I0506 16:30:09.394023  9196 processor.cc:742] Processor: start processing batch fb769380-fe27-43a4-8c27-26f218018956 into model nwt
I0506 16:30:09.639556  9580 processor.cc:830] Processor: complete processing batch c525ae55-9040-4a0a-bbab-83c85c734af8 into model nwt
I0506 16:30:09.639556  9580 cuckoo_watch.h:44] 276ms in ProcessBatch(vk\aaaaac.batch) [including 14ms in LoadMessage; 3ms in InitializeSparseNdw; 85ms in InferThetaAndUpdateNwtSparse; 63ms in CalculateScore(PerplexityScore); 17ms in CalculateScore(SparsityThetaScore); 85ms in CalculateScore(^^^ItemsProcessedScore^^^); ]
I0506 16:30:09.670806  9580 processor.cc:742] Processor: start processing batch 189461fd-5848-4217-99b1-4482b5666704 into model nwt
I0506 16:30:09.686430  9936 processor.cc:830] Processor: complete processing batch 9589b3a2-7003-43d8-9bdd-4c4958e1d462 into model nwt
I0506 16:30:09.686430  9936 cuckoo_watch.h:44] 318ms in ProcessBatch(vk\aaaaab.batch) [including 16ms in LoadMessage; 3ms in InitializeSparseNdw; 101ms in InferThetaAndUpdateNwtSparse; 74ms in CalculateScore(PerplexityScore); 18ms in CalculateScore(SparsityThetaScore); 96ms in CalculateScore(^^^ItemsProcessedScore^^^); ]
I0506 16:30:09.702055  9196 processor.cc:830] Processor: complete processing batch fb769380-fe27-43a4-8c27-26f218018956 into model nwt
I0506 16:30:09.702055  9196 cuckoo_watch.h:44] 335ms in ProcessBatch(vk\aaaaaa.batch) [including 17ms in LoadMessage; 3ms in InitializeSparseNdw; 103ms in InferThetaAndUpdateNwtSparse; 76ms in CalculateScore(PerplexityScore); 19ms in CalculateScore(SparsityThetaScore); 107ms in CalculateScore(^^^ItemsProcessedScore^^^); ]
I0506 16:30:09.702055  8948 processor.cc:830] Processor: complete processing batch 4b84a36e-29f9-4537-ba43-9c295743dc50 into model nwt
I0506 16:30:09.702055  9936 processor.cc:742] Processor: start processing batch d3907409-8f45-4c19-87d8-cc1359870f5c into model nwt
I0506 16:30:09.717680  8948 cuckoo_watch.h:44] 342ms in ProcessBatch(vk\aaaaad.batch) [including 16ms in LoadMessage; 4ms in InitializeSparseNdw; 112ms in InferThetaAndUpdateNwtSparse; 79ms in CalculateScore(PerplexityScore); 14ms in CalculateScore(SparsityThetaScore); 106ms in CalculateScore(^^^ItemsProcessedScore^^^); ]
I0506 16:30:09.733309  9196 processor.cc:742] Processor: start processing batch 6d2bbae5-0ad0-4d84-8d8a-18a9ba03b9ea into model nwt
I0506 16:30:09.733309  8948 processor.cc:742] Processor: start processing batch ca3e3b1a-ae65-428c-aa60-f9cf7b0d968b into model nwt
I0506 16:30:09.980249  9580 processor.cc:830] Processor: complete processing batch 189461fd-5848-4217-99b1-4482b5666704 into model nwt
I0506 16:30:09.995877  9580 cuckoo_watch.h:44] 341ms in ProcessBatch(vk\aaaaae.batch) [including 15ms in LoadMessage; 2ms in InitializeSparseNdw; 101ms in InferThetaAndUpdateNwtSparse; 88ms in CalculateScore(PerplexityScore); 16ms in CalculateScore(SparsityThetaScore); 108ms in CalculateScore(^^^ItemsProcessedScore^^^); ]
I0506 16:30:10.011502  9580 processor.cc:742] Processor: start processing batch 460b4aeb-360f-42a2-8ab2-b81e20f0686a into model nwt
I0506 16:30:10.098964  9936 processor.cc:830] Processor: complete processing batch d3907409-8f45-4c19-87d8-cc1359870f5c into model nwt
I0506 16:30:10.102968  9936 cuckoo_watch.h:44] 405ms in ProcessBatch(vk\aaaaaf.batch) [including 17ms in LoadMessage; 4ms in InitializeSparseNdw; 131ms in InferThetaAndUpdateNwtSparse; 95ms in CalculateScore(PerplexityScore); 18ms in CalculateScore(SparsityThetaScore); 131ms in CalculateScore(^^^ItemsProcessedScore^^^); ]
I0506 16:30:10.132988  9936 processor.cc:742] Processor: start processing batch b9d34635-8ca1-46f9-b4a7-86526fe3e8c5 into model nwt
I0506 16:30:10.137991  9196 processor.cc:830] Processor: complete processing batch 6d2bbae5-0ad0-4d84-8d8a-18a9ba03b9ea into model nwt
I0506 16:30:10.141994  9196 cuckoo_watch.h:44] 428ms in ProcessBatch(vk\aaaaag.batch) [including 17ms in LoadMessage; 4ms in InitializeSparseNdw; 123ms in InferThetaAndUpdateNwtSparse; 99ms in CalculateScore(PerplexityScore); 16ms in CalculateScore(SparsityThetaScore); 159ms in CalculateScore(^^^ItemsProcessedScore^^^); ]
I0506 16:30:10.144997  9196 processor.cc:742] Processor: start processing batch d95599f6-ec39-4b14-80f4-2d07742592c0 into model nwt
I0506 16:30:10.144997  9196 processor.cc:830] Processor: complete processing batch d95599f6-ec39-4b14-80f4-2d07742592c0 into model nwt
I0506 16:30:10.144997  9196 cuckoo_watch.h:44] 3ms in ProcessBatch(vk\aaaaak.batch) [including 0ms in LoadMessage; 0ms in InitializeSparseNdw; 0ms in InferThetaAndUpdateNwtSparse; 0ms in CalculateScore(PerplexityScore); 0ms in CalculateScore(SparsityThetaScore); 0ms in CalculateScore(^^^ItemsProcessedScore^^^); ]
I0506 16:30:10.152003  8948 processor.cc:830] Processor: complete processing batch ca3e3b1a-ae65-428c-aa60-f9cf7b0d968b into model nwt
I0506 16:30:10.156004  8948 cuckoo_watch.h:44] 435ms in ProcessBatch(vk\aaaaah.batch) [including 19ms in LoadMessage; 4ms in InitializeSparseNdw; 133ms in InferThetaAndUpdateNwtSparse; 94ms in CalculateScore(PerplexityScore); 17ms in CalculateScore(SparsityThetaScore); 159ms in CalculateScore(^^^ItemsProcessedScore^^^); ]
I0506 16:30:10.267172  5688 c_interface.cc:523] Pass GetScoreValueArgs, score_name=^^^ItemsProcessedScore^^^ to MasterComponent::Request
I0506 16:30:10.267172  5688 c_interface.cc:205] ArtmCopyRequestedMessage is copying 54 bytes...
I0506 16:30:10.282797  9196 processor.cc:659] No data in processing queue, waiting...
I0506 16:30:10.311002  9580 processor.cc:830] Processor: complete processing batch 460b4aeb-360f-42a2-8ab2-b81e20f0686a into model nwt
I0506 16:30:10.314003  8948 processor.cc:659] No data in processing queue, waiting...
I0506 16:30:10.315006  9580 cuckoo_watch.h:44] 319ms in ProcessBatch(vk\aaaaai.batch) [including 15ms in LoadMessage; 2ms in InitializeSparseNdw; 122ms in InferThetaAndUpdateNwtSparse; 83ms in CalculateScore(PerplexityScore); 15ms in CalculateScore(SparsityThetaScore); 69ms in CalculateScore(^^^ItemsProcessedScore^^^); ]
I0506 16:30:10.346027  9580 processor.cc:659] No data in processing queue, waiting...
I0506 16:30:10.410037  9936 processor.cc:830] Processor: complete processing batch b9d34635-8ca1-46f9-b4a7-86526fe3e8c5 into model nwt
I0506 16:30:10.425660  9936 cuckoo_watch.h:44] 324ms in ProcessBatch(vk\aaaaaj.batch) [including 26ms in LoadMessage; 4ms in InitializeSparseNdw; 124ms in InferThetaAndUpdateNwtSparse; 78ms in CalculateScore(PerplexityScore); 8ms in CalculateScore(SparsityThetaScore); 75ms in CalculateScore(^^^ItemsProcessedScore^^^); ]
I0506 16:30:10.441301   112 master_component.cc:1211] NormalizeModelArgs: pwt_target_name=pwt, nwt_source_name=nwt, rwt_source_name=
I0506 16:30:10.441301   112 master_component.cc:812] MasterComponent: start normalizing model nwt
I0506 16:30:10.550664   112 master_component.cc:834] MasterComponent: complete normalizing model nwt
I0506 16:30:10.617866  9936 processor.cc:659] No data in processing queue, waiting...
I0506 16:30:11.027504   112 master_component.cc:1235] DisposeModel rwt
I0506 16:30:11.027504   112 master_component.cc:858] FitOffline: ItemsProcessed, num_items=10001, num_batches=11, token_weight=2.1219e+06, token_weight_in_effect=2.1219e+06
I0506 16:30:11.043130  5688 c_interface.cc:523] Pass GetScoreValueArgs, score_name=^^^ItemsProcessedScore^^^ to MasterComponent::Request
I0506 16:30:11.043130  5688 c_interface.cc:205] ArtmCopyRequestedMessage is copying 54 bytes...
I0506 16:30:11.043130   112 c_interface.cc:359] Pass FitOfflineMasterModelArgs, batch_filename_size=11, batch_weight_size=11, num_collection_passes=1 to void (__cdecl artm::core::MasterComponent::*)(class artm::FitOfflineMasterModelArgs const & __ptr64) __ptr64
I0506 16:30:11.043130   112 master_component.cc:1162] ProcessBatchesArgs: nwt_target_name=nwt, batch_filename_size=11, batch_size=0, batch_weight_size=11, pwt_source_name=pwt, num_document_passes=1, reuse_theta=no, opt_for_avx=yes, predict_class_id=
I0506 16:30:11.136893  9580 processor.cc:666] Processing queue has data, processing started
I0506 16:30:11.136893  9936 processor.cc:666] Processing queue has data, processing started
I0506 16:30:11.136893  8948 processor.cc:666] Processing queue has data, processing started
I0506 16:30:11.136893  9196 processor.cc:666] Processing queue has data, processing started
I0506 16:30:11.152506  8948 processor.cc:742] Processor: start processing batch c525ae55-9040-4a0a-bbab-83c85c734af8 into model nwt
I0506 16:30:11.152506  9196 processor.cc:742] Processor: start processing batch 4b84a36e-29f9-4537-ba43-9c295743dc50 into model nwt
I0506 16:30:11.152506  9936 processor.cc:742] Processor: start processing batch 9589b3a2-7003-43d8-9bdd-4c4958e1d462 into model nwt
I0506 16:30:11.152506  9580 processor.cc:742] Processor: start processing batch fb769380-fe27-43a4-8c27-26f218018956 into model nwt
I0506 16:30:11.386883  8948 processor.cc:830] Processor: complete processing batch c525ae55-9040-4a0a-bbab-83c85c734af8 into model nwt
I0506 16:30:11.402508  8948 cuckoo_watch.h:44] 266ms in ProcessBatch(vk\aaaaac.batch) [including 13ms in LoadMessage; 1ms in InitializeSparseNdw; 82ms in InferThetaAndUpdateNwtSparse; 60ms in CalculateScore(PerplexityScore); 17ms in CalculateScore(SparsityThetaScore); 83ms in CalculateScore(^^^ItemsProcessedScore^^^); ]
I0506 16:30:11.418133  8948 processor.cc:742] Processor: start processing batch 189461fd-5848-4217-99b1-4482b5666704 into model nwt
I0506 16:30:11.449384  9936 processor.cc:830] Processor: complete processing batch 9589b3a2-7003-43d8-9bdd-4c4958e1d462 into model nwt
I0506 16:30:11.449384  9580 processor.cc:830] Processor: complete processing batch fb769380-fe27-43a4-8c27-26f218018956 into model nwt
I0506 16:30:11.449384  9936 cuckoo_watch.h:44] 321ms in ProcessBatch(vk\aaaaab.batch) [including 16ms in LoadMessage; 2ms in InitializeSparseNdw; 94ms in InferThetaAndUpdateNwtSparse; 84ms in CalculateScore(PerplexityScore); 18ms in CalculateScore(SparsityThetaScore); 96ms in CalculateScore(^^^ItemsProcessedScore^^^); ]
I0506 16:30:11.449384  9580 cuckoo_watch.h:44] 324ms in ProcessBatch(vk\aaaaaa.batch) [including 17ms in LoadMessage; 2ms in InitializeSparseNdw; 100ms in InferThetaAndUpdateNwtSparse; 76ms in CalculateScore(PerplexityScore); 16ms in CalculateScore(SparsityThetaScore); 102ms in CalculateScore(^^^ItemsProcessedScore^^^); ]
I0506 16:30:11.465009  9936 processor.cc:742] Processor: start processing batch d3907409-8f45-4c19-87d8-cc1359870f5c into model nwt
I0506 16:30:11.480638  9580 processor.cc:742] Processor: start processing batch 6d2bbae5-0ad0-4d84-8d8a-18a9ba03b9ea into model nwt
I0506 16:30:11.480638  9196 processor.cc:830] Processor: complete processing batch 4b84a36e-29f9-4537-ba43-9c295743dc50 into model nwt
I0506 16:30:11.496259  9196 cuckoo_watch.h:44] 360ms in ProcessBatch(vk\aaaaad.batch) [including 16ms in LoadMessage; 3ms in InitializeSparseNdw; 121ms in InferThetaAndUpdateNwtSparse; 81ms in CalculateScore(PerplexityScore); 15ms in CalculateScore(SparsityThetaScore); 113ms in CalculateScore(^^^ItemsProcessedScore^^^); ]
I0506 16:30:11.511885  9196 processor.cc:742] Processor: start processing batch ca3e3b1a-ae65-428c-aa60-f9cf7b0d968b into model nwt
I0506 16:30:11.730638  8948 processor.cc:830] Processor: complete processing batch 189461fd-5848-4217-99b1-4482b5666704 into model nwt
I0506 16:30:11.730638  8948 cuckoo_watch.h:44] 331ms in ProcessBatch(vk\aaaaae.batch) [including 15ms in LoadMessage; 2ms in InitializeSparseNdw; 101ms in InferThetaAndUpdateNwtSparse; 84ms in CalculateScore(PerplexityScore); 15ms in CalculateScore(SparsityThetaScore); 104ms in CalculateScore(^^^ItemsProcessedScore^^^); ]
I0506 16:30:11.746263  8948 processor.cc:742] Processor: start processing batch 460b4aeb-360f-42a2-8ab2-b81e20f0686a into model nwt
I0506 16:30:11.840014  9580 processor.cc:830] Processor: complete processing batch 6d2bbae5-0ad0-4d84-8d8a-18a9ba03b9ea into model nwt
I0506 16:30:11.840014  9580 cuckoo_watch.h:44] 382ms in ProcessBatch(vk\aaaaag.batch) [including 17ms in LoadMessage; 4ms in InitializeSparseNdw; 121ms in InferThetaAndUpdateNwtSparse; 92ms in CalculateScore(PerplexityScore); 17ms in CalculateScore(SparsityThetaScore); 122ms in CalculateScore(^^^ItemsProcessedScore^^^); ]
I0506 16:30:11.840014  9936 processor.cc:830] Processor: complete processing batch d3907409-8f45-4c19-87d8-cc1359870f5c into model nwt
I0506 16:30:11.840014  9936 cuckoo_watch.h:44] 391ms in ProcessBatch(vk\aaaaaf.batch) [including 17ms in LoadMessage; 4ms in InitializeSparseNdw; 127ms in InferThetaAndUpdateNwtSparse; 90ms in CalculateScore(PerplexityScore); 17ms in CalculateScore(SparsityThetaScore); 126ms in CalculateScore(^^^ItemsProcessedScore^^^); ]
I0506 16:30:11.840014  9936 processor.cc:742] Processor: start processing batch d95599f6-ec39-4b14-80f4-2d07742592c0 into model nwt
I0506 16:30:11.840014  9936 processor.cc:830] Processor: complete processing batch d95599f6-ec39-4b14-80f4-2d07742592c0 into model nwt
I0506 16:30:11.840014  9936 cuckoo_watch.h:44] 3ms in ProcessBatch(vk\aaaaak.batch) [including 0ms in LoadMessage; 0ms in InitializeSparseNdw; 0ms in InferThetaAndUpdateNwtSparse; 0ms in CalculateScore(PerplexityScore); 0ms in CalculateScore(SparsityThetaScore); 0ms in CalculateScore(^^^ItemsProcessedScore^^^); ]
I0506 16:30:11.855639  9580 processor.cc:742] Processor: start processing batch b9d34635-8ca1-46f9-b4a7-86526fe3e8c5 into model nwt
I0506 16:30:11.894578  9196 processor.cc:830] Processor: complete processing batch ca3e3b1a-ae65-428c-aa60-f9cf7b0d968b into model nwt
I0506 16:30:11.896425  9196 cuckoo_watch.h:44] 401ms in ProcessBatch(vk\aaaaah.batch) [including 17ms in LoadMessage; 4ms in InitializeSparseNdw; 130ms in InferThetaAndUpdateNwtSparse; 92ms in CalculateScore(PerplexityScore); 18ms in CalculateScore(SparsityThetaScore); 129ms in CalculateScore(^^^ItemsProcessedScore^^^); ]
I0506 16:30:12.026535  8948 processor.cc:830] Processor: complete processing batch 460b4aeb-360f-42a2-8ab2-b81e20f0686a into model nwt
I0506 16:30:12.026535  8948 cuckoo_watch.h:44] 305ms in ProcessBatch(vk\aaaaai.batch) [including 16ms in LoadMessage; 2ms in InitializeSparseNdw; 106ms in InferThetaAndUpdateNwtSparse; 73ms in CalculateScore(PerplexityScore); 9ms in CalculateScore(SparsityThetaScore); 90ms in CalculateScore(^^^ItemsProcessedScore^^^); ]
I0506 16:30:12.057786  5688 c_interface.cc:523] Pass GetScoreValueArgs, score_name=^^^ItemsProcessedScore^^^ to MasterComponent::Request
I0506 16:30:12.057786  5688 c_interface.cc:205] ArtmCopyRequestedMessage is copying 54 bytes...
I0506 16:30:12.089035  9936 processor.cc:659] No data in processing queue, waiting...
I0506 16:30:12.135910  9580 processor.cc:830] Processor: complete processing batch b9d34635-8ca1-46f9-b4a7-86526fe3e8c5 into model nwt
I0506 16:30:12.151536  9580 cuckoo_watch.h:44] 309ms in ProcessBatch(vk\aaaaaj.batch) [including 17ms in LoadMessage; 4ms in InitializeSparseNdw; 111ms in InferThetaAndUpdateNwtSparse; 78ms in CalculateScore(PerplexityScore); 9ms in CalculateScore(SparsityThetaScore); 81ms in CalculateScore(^^^ItemsProcessedScore^^^); ]
I0506 16:30:12.167163  9196 processor.cc:659] No data in processing queue, waiting...
I0506 16:30:12.167163   112 master_component.cc:1211] NormalizeModelArgs: pwt_target_name=pwt, nwt_source_name=nwt, rwt_source_name=
I0506 16:30:12.167163   112 master_component.cc:812] MasterComponent: start normalizing model nwt
I0506 16:30:12.292166   112 master_component.cc:834] MasterComponent: complete normalizing model nwt
I0506 16:30:12.323417  8948 processor.cc:659] No data in processing queue, waiting...
I0506 16:30:12.412220  9580 processor.cc:659] No data in processing queue, waiting...
I0506 16:30:12.677129   112 master_component.cc:1235] DisposeModel rwt
I0506 16:30:12.677129   112 master_component.cc:858] FitOffline: ItemsProcessed, num_items=10001, num_batches=11, token_weight=2.1219e+06, token_weight_in_effect=2.1219e+06
I0506 16:30:12.727092  5688 c_interface.cc:523] Pass GetScoreValueArgs, score_name=^^^ItemsProcessedScore^^^ to MasterComponent::Request
I0506 16:30:12.727092  5688 c_interface.cc:205] ArtmCopyRequestedMessage is copying 54 bytes...
I0506 16:30:12.727092   112 c_interface.cc:359] Pass FitOfflineMasterModelArgs, batch_filename_size=11, batch_weight_size=11, num_collection_passes=1 to void (__cdecl artm::core::MasterComponent::*)(class artm::FitOfflineMasterModelArgs const & __ptr64) __ptr64
I0506 16:30:12.727092   112 master_component.cc:1162] ProcessBatchesArgs: nwt_target_name=nwt, batch_filename_size=11, batch_size=0, batch_weight_size=11, pwt_source_name=pwt, num_document_passes=1, reuse_theta=no, opt_for_avx=yes, predict_class_id=
I0506 16:30:12.867758  9580 processor.cc:666] Processing queue has data, processing started
I0506 16:30:12.867758  9936 processor.cc:666] Processing queue has data, processing started
I0506 16:30:12.867758  8948 processor.cc:666] Processing queue has data, processing started
I0506 16:30:12.867758  9196 processor.cc:666] Processing queue has data, processing started
I0506 16:30:12.883332  8948 processor.cc:742] Processor: start processing batch c525ae55-9040-4a0a-bbab-83c85c734af8 into model nwt
I0506 16:30:12.883332  9580 processor.cc:742] Processor: start processing batch 9589b3a2-7003-43d8-9bdd-4c4958e1d462 into model nwt
I0506 16:30:12.883332  9196 processor.cc:742] Processor: start processing batch 4b84a36e-29f9-4537-ba43-9c295743dc50 into model nwt
I0506 16:30:12.883332  9936 processor.cc:742] Processor: start processing batch fb769380-fe27-43a4-8c27-26f218018956 into model nwt
I0506 16:30:13.140142  8948 processor.cc:830] Processor: complete processing batch c525ae55-9040-4a0a-bbab-83c85c734af8 into model nwt
I0506 16:30:13.140142  8948 cuckoo_watch.h:44] 279ms in ProcessBatch(vk\aaaaac.batch) [including 14ms in LoadMessage; 1ms in InitializeSparseNdw; 83ms in InferThetaAndUpdateNwtSparse; 71ms in CalculateScore(PerplexityScore); 16ms in CalculateScore(SparsityThetaScore); 84ms in CalculateScore(^^^ItemsProcessedScore^^^); ]
I0506 16:30:13.155767  8948 processor.cc:742] Processor: start processing batch 189461fd-5848-4217-99b1-4482b5666704 into model nwt
I0506 16:30:13.171392  9580 processor.cc:830] Processor: complete processing batch 9589b3a2-7003-43d8-9bdd-4c4958e1d462 into model nwt
I0506 16:30:13.171392  9580 cuckoo_watch.h:44] 318ms in ProcessBatch(vk\aaaaab.batch) [including 15ms in LoadMessage; 2ms in InitializeSparseNdw; 98ms in InferThetaAndUpdateNwtSparse; 77ms in CalculateScore(PerplexityScore); 18ms in CalculateScore(SparsityThetaScore); 97ms in CalculateScore(^^^ItemsProcessedScore^^^); ]
I0506 16:30:13.187017  9936 processor.cc:830] Processor: complete processing batch fb769380-fe27-43a4-8c27-26f218018956 into model nwt
I0506 16:30:13.187017  9936 cuckoo_watch.h:44] 328ms in ProcessBatch(vk\aaaaaa.batch) [including 19ms in LoadMessage; 2ms in InitializeSparseNdw; 104ms in InferThetaAndUpdateNwtSparse; 74ms in CalculateScore(PerplexityScore); 16ms in CalculateScore(SparsityThetaScore); 103ms in CalculateScore(^^^ItemsProcessedScore^^^); ]
I0506 16:30:13.202642  9580 processor.cc:742] Processor: start processing batch d3907409-8f45-4c19-87d8-cc1359870f5c into model nwt
I0506 16:30:13.202642  9936 processor.cc:742] Processor: start processing batch 6d2bbae5-0ad0-4d84-8d8a-18a9ba03b9ea into model nwt
I0506 16:30:13.218268  9196 processor.cc:830] Processor: complete processing batch 4b84a36e-29f9-4537-ba43-9c295743dc50 into model nwt
I0506 16:30:13.218268  9196 cuckoo_watch.h:44] 354ms in ProcessBatch(vk\aaaaad.batch) [including 15ms in LoadMessage; 3ms in InitializeSparseNdw; 111ms in InferThetaAndUpdateNwtSparse; 82ms in CalculateScore(PerplexityScore); 15ms in CalculateScore(SparsityThetaScore); 117ms in CalculateScore(^^^ItemsProcessedScore^^^); ]
I0506 16:30:13.233892  9196 processor.cc:742] Processor: start processing batch ca3e3b1a-ae65-428c-aa60-f9cf7b0d968b into model nwt
I0506 16:30:13.499521  8948 processor.cc:830] Processor: complete processing batch 189461fd-5848-4217-99b1-4482b5666704 into model nwt
I0506 16:30:13.499521  8948 cuckoo_watch.h:44] 357ms in ProcessBatch(vk\aaaaae.batch) [including 14ms in LoadMessage; 2ms in InitializeSparseNdw; 100ms in InferThetaAndUpdateNwtSparse; 105ms in CalculateScore(PerplexityScore); 18ms in CalculateScore(SparsityThetaScore); 108ms in CalculateScore(^^^ItemsProcessedScore^^^); ]
I0506 16:30:13.527371  8948 processor.cc:742] Processor: start processing batch 460b4aeb-360f-42a2-8ab2-b81e20f0686a into model nwt
I0506 16:30:13.579450  9580 processor.cc:830] Processor: complete processing batch d3907409-8f45-4c19-87d8-cc1359870f5c into model nwt
I0506 16:30:13.595077  9580 cuckoo_watch.h:44] 412ms in ProcessBatch(vk\aaaaaf.batch) [including 18ms in LoadMessage; 3ms in InitializeSparseNdw; 133ms in InferThetaAndUpdateNwtSparse; 93ms in CalculateScore(PerplexityScore); 17ms in CalculateScore(SparsityThetaScore); 136ms in CalculateScore(^^^ItemsProcessedScore^^^); ]
I0506 16:30:13.610702  9936 processor.cc:830] Processor: complete processing batch 6d2bbae5-0ad0-4d84-8d8a-18a9ba03b9ea into model nwt
I0506 16:30:13.610702  9936 cuckoo_watch.h:44] 421ms in ProcessBatch(vk\aaaaag.batch) [including 17ms in LoadMessage; 13ms in InitializeSparseNdw; 138ms in InferThetaAndUpdateNwtSparse; 95ms in CalculateScore(PerplexityScore); 17ms in CalculateScore(SparsityThetaScore); 131ms in CalculateScore(^^^ItemsProcessedScore^^^); ]
I0506 16:30:13.610702  9580 processor.cc:742] Processor: start processing batch b9d34635-8ca1-46f9-b4a7-86526fe3e8c5 into model nwt
I0506 16:30:13.610702  9936 processor.cc:742] Processor: start processing batch d95599f6-ec39-4b14-80f4-2d07742592c0 into model nwt
I0506 16:30:13.610702  9936 processor.cc:830] Processor: complete processing batch d95599f6-ec39-4b14-80f4-2d07742592c0 into model nwt
I0506 16:30:13.610702  9936 cuckoo_watch.h:44] 3ms in ProcessBatch(vk\aaaaak.batch) [including 0ms in LoadMessage; 0ms in InitializeSparseNdw; 0ms in InferThetaAndUpdateNwtSparse; 0ms in CalculateScore(PerplexityScore); 0ms in CalculateScore(SparsityThetaScore); 0ms in CalculateScore(^^^ItemsProcessedScore^^^); ]
I0506 16:30:13.626327  9196 processor.cc:830] Processor: complete processing batch ca3e3b1a-ae65-428c-aa60-f9cf7b0d968b into model nwt
I0506 16:30:13.626327  9196 cuckoo_watch.h:44] 418ms in ProcessBatch(vk\aaaaah.batch) [including 18ms in LoadMessage; 4ms in InitializeSparseNdw; 140ms in InferThetaAndUpdateNwtSparse; 95ms in CalculateScore(PerplexityScore); 16ms in CalculateScore(SparsityThetaScore); 134ms in CalculateScore(^^^ItemsProcessedScore^^^); ]
I0506 16:30:13.727622  5688 c_interface.cc:523] Pass GetScoreValueArgs, score_name=^^^ItemsProcessedScore^^^ to MasterComponent::Request
I0506 16:30:13.727622  5688 c_interface.cc:205] ArtmCopyRequestedMessage is copying 54 bytes...
I0506 16:30:13.774499  8948 processor.cc:830] Processor: complete processing batch 460b4aeb-360f-42a2-8ab2-b81e20f0686a into model nwt
I0506 16:30:13.774499  8948 cuckoo_watch.h:44] 284ms in ProcessBatch(vk\aaaaai.batch) [including 19ms in LoadMessage; 2ms in InitializeSparseNdw; 109ms in InferThetaAndUpdateNwtSparse; 67ms in CalculateScore(PerplexityScore); 9ms in CalculateScore(SparsityThetaScore); 70ms in CalculateScore(^^^ItemsProcessedScore^^^); ]
I0506 16:30:13.868249  9580 processor.cc:830] Processor: complete processing batch b9d34635-8ca1-46f9-b4a7-86526fe3e8c5 into model nwt
I0506 16:30:13.883875  9936 processor.cc:659] No data in processing queue, waiting...
I0506 16:30:13.883875  9580 cuckoo_watch.h:44] 287ms in ProcessBatch(vk\aaaaaj.batch) [including 18ms in LoadMessage; 3ms in InitializeSparseNdw; 101ms in InferThetaAndUpdateNwtSparse; 74ms in CalculateScore(PerplexityScore); 8ms in CalculateScore(SparsityThetaScore); 72ms in CalculateScore(^^^ItemsProcessedScore^^^); ]
I0506 16:30:13.899513  9196 processor.cc:659] No data in processing queue, waiting...
I0506 16:30:13.899513   112 master_component.cc:1211] NormalizeModelArgs: pwt_target_name=pwt, nwt_source_name=nwt, rwt_source_name=
I0506 16:30:13.899513   112 master_component.cc:812] MasterComponent: start normalizing model nwt
I0506 16:30:14.028760  8948 processor.cc:659] No data in processing queue, waiting...
I0506 16:30:14.028760   112 master_component.cc:834] MasterComponent: complete normalizing model nwt
I0506 16:30:14.046773  9580 processor.cc:659] No data in processing queue, waiting...
I0506 16:30:14.382028   112 master_component.cc:1235] DisposeModel rwt
I0506 16:30:14.382028   112 master_component.cc:858] FitOffline: ItemsProcessed, num_items=10001, num_batches=11, token_weight=2.1219e+06, token_weight_in_effect=2.1219e+06
I0506 16:30:14.444581  5688 c_interface.cc:523] Pass GetScoreValueArgs, score_name=^^^ItemsProcessedScore^^^ to MasterComponent::Request
I0506 16:30:14.444581  5688 c_interface.cc:205] ArtmCopyRequestedMessage is copying 54 bytes...
I0506 16:30:14.444581   112 c_interface.cc:359] Pass FitOfflineMasterModelArgs, batch_filename_size=11, batch_weight_size=11, num_collection_passes=1 to void (__cdecl artm::core::MasterComponent::*)(class artm::FitOfflineMasterModelArgs const & __ptr64) __ptr64
I0506 16:30:14.444581   112 master_component.cc:1162] ProcessBatchesArgs: nwt_target_name=nwt, batch_filename_size=11, batch_size=0, batch_weight_size=11, pwt_source_name=pwt, num_document_passes=1, reuse_theta=no, opt_for_avx=yes, predict_class_id=
I0506 16:30:14.569583  9936 processor.cc:666] Processing queue has data, processing started
I0506 16:30:14.569583  9580 processor.cc:666] Processing queue has data, processing started
I0506 16:30:14.569583  8948 processor.cc:666] Processing queue has data, processing started
I0506 16:30:14.569583  9196 processor.cc:666] Processing queue has data, processing started
I0506 16:30:14.586094  9580 processor.cc:742] Processor: start processing batch c525ae55-9040-4a0a-bbab-83c85c734af8 into model nwt
I0506 16:30:14.589098  8948 processor.cc:742] Processor: start processing batch fb769380-fe27-43a4-8c27-26f218018956 into model nwt
I0506 16:30:14.589098  9936 processor.cc:742] Processor: start processing batch 9589b3a2-7003-43d8-9bdd-4c4958e1d462 into model nwt
I0506 16:30:14.595101  9196 processor.cc:742] Processor: start processing batch 4b84a36e-29f9-4537-ba43-9c295743dc50 into model nwt
I0506 16:30:14.833009  9580 processor.cc:830] Processor: complete processing batch c525ae55-9040-4a0a-bbab-83c85c734af8 into model nwt
I0506 16:30:14.833009  9580 cuckoo_watch.h:44] 270ms in ProcessBatch(vk\aaaaac.batch) [including 13ms in LoadMessage; 1ms in InitializeSparseNdw; 85ms in InferThetaAndUpdateNwtSparse; 62ms in CalculateScore(PerplexityScore); 16ms in CalculateScore(SparsityThetaScore); 83ms in CalculateScore(^^^ItemsProcessedScore^^^); ]
I0506 16:30:14.848633  9580 processor.cc:742] Processor: start processing batch 189461fd-5848-4217-99b1-4482b5666704 into model nwt
I0506 16:30:14.864259  9936 processor.cc:830] Processor: complete processing batch 9589b3a2-7003-43d8-9bdd-4c4958e1d462 into model nwt
I0506 16:30:14.879884  9936 cuckoo_watch.h:44] 313ms in ProcessBatch(vk\aaaaab.batch) [including 17ms in LoadMessage; 2ms in InitializeSparseNdw; 97ms in InferThetaAndUpdateNwtSparse; 74ms in CalculateScore(PerplexityScore); 17ms in CalculateScore(SparsityThetaScore); 97ms in CalculateScore(^^^ItemsProcessedScore^^^); ]
I0506 16:30:14.895509  8948 processor.cc:830] Processor: complete processing batch fb769380-fe27-43a4-8c27-26f218018956 into model nwt
I0506 16:30:14.895509  8948 cuckoo_watch.h:44] 331ms in ProcessBatch(vk\aaaaaa.batch) [including 17ms in LoadMessage; 2ms in InitializeSparseNdw; 103ms in InferThetaAndUpdateNwtSparse; 77ms in CalculateScore(PerplexityScore); 16ms in CalculateScore(SparsityThetaScore); 107ms in CalculateScore(^^^ItemsProcessedScore^^^); ]
I0506 16:30:14.895509  9936 processor.cc:742] Processor: start processing batch d3907409-8f45-4c19-87d8-cc1359870f5c into model nwt
I0506 16:30:14.911134  8948 processor.cc:742] Processor: start processing batch 6d2bbae5-0ad0-4d84-8d8a-18a9ba03b9ea into model nwt
I0506 16:30:14.926759  9196 processor.cc:830] Processor: complete processing batch 4b84a36e-29f9-4537-ba43-9c295743dc50 into model nwt
I0506 16:30:14.926759  9196 cuckoo_watch.h:44] 363ms in ProcessBatch(vk\aaaaad.batch) [including 22ms in LoadMessage; 2ms in InitializeSparseNdw; 116ms in InferThetaAndUpdateNwtSparse; 82ms in CalculateScore(PerplexityScore); 15ms in CalculateScore(SparsityThetaScore); 114ms in CalculateScore(^^^ItemsProcessedScore^^^); ]
I0506 16:30:14.942384  9196 processor.cc:742] Processor: start processing batch ca3e3b1a-ae65-428c-aa60-f9cf7b0d968b into model nwt
I0506 16:30:15.161939  9580 processor.cc:830] Processor: complete processing batch 189461fd-5848-4217-99b1-4482b5666704 into model nwt
I0506 16:30:15.177564  9580 cuckoo_watch.h:44] 340ms in ProcessBatch(vk\aaaaae.batch) [including 15ms in LoadMessage; 2ms in InitializeSparseNdw; 99ms in InferThetaAndUpdateNwtSparse; 84ms in CalculateScore(PerplexityScore); 16ms in CalculateScore(SparsityThetaScore); 114ms in CalculateScore(^^^ItemsProcessedScore^^^); ]
I0506 16:30:15.193191  9580 processor.cc:742] Processor: start processing batch 460b4aeb-360f-42a2-8ab2-b81e20f0686a into model nwt
I0506 16:30:15.271317  9936 processor.cc:830] Processor: complete processing batch d3907409-8f45-4c19-87d8-cc1359870f5c into model nwt
I0506 16:30:15.271317  9936 cuckoo_watch.h:44] 401ms in ProcessBatch(vk\aaaaaf.batch) [including 18ms in LoadMessage; 3ms in InitializeSparseNdw; 130ms in InferThetaAndUpdateNwtSparse; 96ms in CalculateScore(PerplexityScore); 18ms in CalculateScore(SparsityThetaScore); 125ms in CalculateScore(^^^ItemsProcessedScore^^^); ]
I0506 16:30:15.271317  8948 processor.cc:830] Processor: complete processing batch 6d2bbae5-0ad0-4d84-8d8a-18a9ba03b9ea into model nwt
I0506 16:30:15.286941  8948 cuckoo_watch.h:44] 388ms in ProcessBatch(vk\aaaaag.batch) [including 17ms in LoadMessage; 4ms in InitializeSparseNdw; 120ms in InferThetaAndUpdateNwtSparse; 91ms in CalculateScore(PerplexityScore); 16ms in CalculateScore(SparsityThetaScore); 129ms in CalculateScore(^^^ItemsProcessedScore^^^); ]
I0506 16:30:15.286941  8948 processor.cc:742] Processor: start processing batch d95599f6-ec39-4b14-80f4-2d07742592c0 into model nwt
I0506 16:30:15.286941  8948 processor.cc:830] Processor: complete processing batch d95599f6-ec39-4b14-80f4-2d07742592c0 into model nwt
I0506 16:30:15.286941  8948 cuckoo_watch.h:44] 3ms in ProcessBatch(vk\aaaaak.batch) [including 0ms in LoadMessage; 0ms in InitializeSparseNdw; 0ms in InferThetaAndUpdateNwtSparse; 0ms in CalculateScore(PerplexityScore); 0ms in CalculateScore(SparsityThetaScore); 0ms in CalculateScore(^^^ItemsProcessedScore^^^); ]
I0506 16:30:15.302567  9936 processor.cc:742] Processor: start processing batch b9d34635-8ca1-46f9-b4a7-86526fe3e8c5 into model nwt
I0506 16:30:15.351974  9196 processor.cc:830] Processor: complete processing batch ca3e3b1a-ae65-428c-aa60-f9cf7b0d968b into model nwt
I0506 16:30:15.355978  9196 cuckoo_watch.h:44] 423ms in ProcessBatch(vk\aaaaah.batch) [including 17ms in LoadMessage; 4ms in InitializeSparseNdw; 135ms in InferThetaAndUpdateNwtSparse; 104ms in CalculateScore(PerplexityScore); 18ms in CalculateScore(SparsityThetaScore); 134ms in CalculateScore(^^^ItemsProcessedScore^^^); ]
I0506 16:30:15.357980  8948 processor.cc:659] No data in processing queue, waiting...
I0506 16:30:15.454840  5688 c_interface.cc:523] Pass GetScoreValueArgs, score_name=^^^ItemsProcessedScore^^^ to MasterComponent::Request
I0506 16:30:15.454840  5688 c_interface.cc:205] ArtmCopyRequestedMessage is copying 54 bytes...
I0506 16:30:15.470466  9580 processor.cc:830] Processor: complete processing batch 460b4aeb-360f-42a2-8ab2-b81e20f0686a into model nwt
I0506 16:30:15.470466  9580 cuckoo_watch.h:44] 297ms in ProcessBatch(vk\aaaaai.batch) [including 15ms in LoadMessage; 2ms in InitializeSparseNdw; 112ms in InferThetaAndUpdateNwtSparse; 67ms in CalculateScore(PerplexityScore); 10ms in CalculateScore(SparsityThetaScore); 81ms in CalculateScore(^^^ItemsProcessedScore^^^); ]
I0506 16:30:15.579859  9936 processor.cc:830] Processor: complete processing batch b9d34635-8ca1-46f9-b4a7-86526fe3e8c5 into model nwt
I0506 16:30:15.579859  9936 cuckoo_watch.h:44] 298ms in ProcessBatch(vk\aaaaaj.batch) [including 18ms in LoadMessage; 4ms in InitializeSparseNdw; 108ms in InferThetaAndUpdateNwtSparse; 78ms in CalculateScore(PerplexityScore); 8ms in CalculateScore(SparsityThetaScore); 75ms in CalculateScore(^^^ItemsProcessedScore^^^); ]
I0506 16:30:15.595482   112 master_component.cc:1211] NormalizeModelArgs: pwt_target_name=pwt, nwt_source_name=nwt, rwt_source_name=
I0506 16:30:15.595482   112 master_component.cc:812] MasterComponent: start normalizing model nwt
I0506 16:30:15.626718  9196 processor.cc:659] No data in processing queue, waiting...
I0506 16:30:15.641203  9580 processor.cc:659] No data in processing queue, waiting...
I0506 16:30:15.654228  9936 processor.cc:659] No data in processing queue, waiting...
I0506 16:30:15.711537   112 master_component.cc:834] MasterComponent: complete normalizing model nwt
I0506 16:30:16.062651   112 master_component.cc:1235] DisposeModel rwt
I0506 16:30:16.062651   112 master_component.cc:858] FitOffline: ItemsProcessed, num_items=10001, num_batches=11, token_weight=2.1219e+06, token_weight_in_effect=2.1219e+06
I0506 16:30:16.078275  5688 c_interface.cc:523] Pass GetScoreValueArgs, score_name=^^^ItemsProcessedScore^^^ to MasterComponent::Request
I0506 16:30:16.078275  5688 c_interface.cc:205] ArtmCopyRequestedMessage is copying 54 bytes...
I0506 16:30:16.078275   112 c_interface.cc:359] Pass FitOfflineMasterModelArgs, batch_filename_size=11, batch_weight_size=11, num_collection_passes=1 to void (__cdecl artm::core::MasterComponent::*)(class artm::FitOfflineMasterModelArgs const & __ptr64) __ptr64
I0506 16:30:16.078275   112 master_component.cc:1162] ProcessBatchesArgs: nwt_target_name=nwt, batch_filename_size=11, batch_size=0, batch_weight_size=11, pwt_source_name=pwt, num_document_passes=1, reuse_theta=no, opt_for_avx=yes, predict_class_id=
I0506 16:30:16.175793  9196 processor.cc:666] Processing queue has data, processing started
I0506 16:30:16.175793  9580 processor.cc:666] Processing queue has data, processing started
I0506 16:30:16.175793  8948 processor.cc:666] Processing queue has data, processing started
I0506 16:30:16.176795  9936 processor.cc:666] Processing queue has data, processing started
I0506 16:30:16.193809  9196 processor.cc:742] Processor: start processing batch c525ae55-9040-4a0a-bbab-83c85c734af8 into model nwt
I0506 16:30:16.194810  8948 processor.cc:742] Processor: start processing batch 9589b3a2-7003-43d8-9bdd-4c4958e1d462 into model nwt
I0506 16:30:16.194810  9580 processor.cc:742] Processor: start processing batch fb769380-fe27-43a4-8c27-26f218018956 into model nwt
I0506 16:30:16.197813  9936 processor.cc:742] Processor: start processing batch 4b84a36e-29f9-4537-ba43-9c295743dc50 into model nwt
I0506 16:30:16.446254  9196 processor.cc:830] Processor: complete processing batch c525ae55-9040-4a0a-bbab-83c85c734af8 into model nwt
I0506 16:30:16.446254  9196 cuckoo_watch.h:44] 274ms in ProcessBatch(vk\aaaaac.batch) [including 14ms in LoadMessage; 2ms in InitializeSparseNdw; 84ms in InferThetaAndUpdateNwtSparse; 64ms in CalculateScore(PerplexityScore); 16ms in CalculateScore(SparsityThetaScore); 84ms in CalculateScore(^^^ItemsProcessedScore^^^); ]
I0506 16:30:16.461880  9196 processor.cc:742] Processor: start processing batch 189461fd-5848-4217-99b1-4482b5666704 into model nwt
I0506 16:30:16.477506  8948 processor.cc:830] Processor: complete processing batch 9589b3a2-7003-43d8-9bdd-4c4958e1d462 into model nwt
I0506 16:30:16.493130  8948 cuckoo_watch.h:44] 318ms in ProcessBatch(vk\aaaaab.batch) [including 15ms in LoadMessage; 2ms in InitializeSparseNdw; 100ms in InferThetaAndUpdateNwtSparse; 74ms in CalculateScore(PerplexityScore); 17ms in CalculateScore(SparsityThetaScore); 98ms in CalculateScore(^^^ItemsProcessedScore^^^); ]
I0506 16:30:16.508755  9580 processor.cc:830] Processor: complete processing batch fb769380-fe27-43a4-8c27-26f218018956 into model nwt
I0506 16:30:16.508755  8948 processor.cc:742] Processor: start processing batch d3907409-8f45-4c19-87d8-cc1359870f5c into model nwt
I0506 16:30:16.508755  9580 cuckoo_watch.h:44] 341ms in ProcessBatch(vk\aaaaaa.batch) [including 16ms in LoadMessage; 2ms in InitializeSparseNdw; 108ms in InferThetaAndUpdateNwtSparse; 83ms in CalculateScore(PerplexityScore); 16ms in CalculateScore(SparsityThetaScore); 104ms in CalculateScore(^^^ItemsProcessedScore^^^); ]
I0506 16:30:16.524381  9936 processor.cc:830] Processor: complete processing batch 4b84a36e-29f9-4537-ba43-9c295743dc50 into model nwt
I0506 16:30:16.524381  9936 cuckoo_watch.h:44] 350ms in ProcessBatch(vk\aaaaad.batch) [including 16ms in LoadMessage; 2ms in InitializeSparseNdw; 112ms in InferThetaAndUpdateNwtSparse; 83ms in CalculateScore(PerplexityScore); 16ms in CalculateScore(SparsityThetaScore); 110ms in CalculateScore(^^^ItemsProcessedScore^^^); ]
I0506 16:30:16.540007  9580 processor.cc:742] Processor: start processing batch 6d2bbae5-0ad0-4d84-8d8a-18a9ba03b9ea into model nwt
I0506 16:30:16.540007  9936 processor.cc:742] Processor: start processing batch ca3e3b1a-ae65-428c-aa60-f9cf7b0d968b into model nwt
I0506 16:30:16.792198  9196 processor.cc:830] Processor: complete processing batch 189461fd-5848-4217-99b1-4482b5666704 into model nwt
