I0506 17:50:26.582023 10236 processor.cc:666] Processing queue has data, processing started
I0506 17:50:26.600036 11604 processor.cc:742] Processor: start processing batch 9589b3a2-7003-43d8-9bdd-4c4958e1d462 into model nwt
I0506 17:50:26.602036 10896 processor.cc:742] Processor: start processing batch fb769380-fe27-43a4-8c27-26f218018956 into model nwt
I0506 17:50:26.603039  2828 processor.cc:742] Processor: start processing batch c525ae55-9040-4a0a-bbab-83c85c734af8 into model nwt
I0506 17:50:26.605041 10236 processor.cc:742] Processor: start processing batch 4b84a36e-29f9-4537-ba43-9c295743dc50 into model nwt
I0506 17:50:26.851703  2828 processor.cc:830] Processor: complete processing batch c525ae55-9040-4a0a-bbab-83c85c734af8 into model nwt
I0506 17:50:26.851703  2828 cuckoo_watch.h:44] 279ms in ProcessBatch(vk\aaaaac.batch) [including 13ms in LoadMessage; 1ms in InitializeSparseNdw; 84ms in InferThetaAndUpdateNwtSparse; 64ms in CalculateScore(PerplexityScore); 16ms in CalculateScore(SparsityThetaScore); 87ms in CalculateScore(^^^ItemsProcessedScore^^^); ]
I0506 17:50:26.867328  2828 processor.cc:742] Processor: start processing batch 189461fd-5848-4217-99b1-4482b5666704 into model nwt
I0506 17:50:26.898579 11604 processor.cc:830] Processor: complete processing batch 9589b3a2-7003-43d8-9bdd-4c4958e1d462 into model nwt
I0506 17:50:26.914203 11604 cuckoo_watch.h:44] 332ms in ProcessBatch(vk\aaaaab.batch) [including 15ms in LoadMessage; 4ms in InitializeSparseNdw; 102ms in InferThetaAndUpdateNwtSparse; 80ms in CalculateScore(PerplexityScore); 20ms in CalculateScore(SparsityThetaScore); 102ms in CalculateScore(^^^ItemsProcessedScore^^^); ]
I0506 17:50:26.925149 10896 processor.cc:830] Processor: complete processing batch fb769380-fe27-43a4-8c27-26f218018956 into model nwt
I0506 17:50:26.928151 10896 cuckoo_watch.h:44] 346ms in ProcessBatch(vk\aaaaaa.batch) [including 16ms in LoadMessage; 3ms in InitializeSparseNdw; 109ms in InferThetaAndUpdateNwtSparse; 81ms in CalculateScore(PerplexityScore); 17ms in CalculateScore(SparsityThetaScore); 109ms in CalculateScore(^^^ItemsProcessedScore^^^); ]
I0506 17:50:26.937160 11604 processor.cc:742] Processor: start processing batch d3907409-8f45-4c19-87d8-cc1359870f5c into model nwt
I0506 17:50:26.949167 10896 processor.cc:742] Processor: start processing batch 6d2bbae5-0ad0-4d84-8d8a-18a9ba03b9ea into model nwt
I0506 17:50:26.971181 10236 processor.cc:830] Processor: complete processing batch 4b84a36e-29f9-4537-ba43-9c295743dc50 into model nwt
I0506 17:50:26.974184 10236 cuckoo_watch.h:44] 391ms in ProcessBatch(vk\aaaaad.batch) [including 19ms in LoadMessage; 2ms in InitializeSparseNdw; 121ms in InferThetaAndUpdateNwtSparse; 96ms in CalculateScore(PerplexityScore); 16ms in CalculateScore(SparsityThetaScore); 127ms in CalculateScore(^^^ItemsProcessedScore^^^); ]
I0506 17:50:27.019217 10236 processor.cc:742] Processor: start processing batch ca3e3b1a-ae65-428c-aa60-f9cf7b0d968b into model nwt
I0506 17:50:27.243199  2828 processor.cc:830] Processor: complete processing batch 189461fd-5848-4217-99b1-4482b5666704 into model nwt
I0506 17:50:27.251204  2828 cuckoo_watch.h:44] 390ms in ProcessBatch(vk\aaaaae.batch) [including 15ms in LoadMessage; 2ms in InitializeSparseNdw; 115ms in InferThetaAndUpdateNwtSparse; 96ms in CalculateScore(PerplexityScore); 34ms in CalculateScore(SparsityThetaScore); 114ms in CalculateScore(^^^ItemsProcessedScore^^^); ]
I0506 17:50:27.270218  2828 processor.cc:742] Processor: start processing batch 460b4aeb-360f-42a2-8ab2-b81e20f0686a into model nwt
I0506 17:50:27.352361 10896 processor.cc:830] Processor: complete processing batch 6d2bbae5-0ad0-4d84-8d8a-18a9ba03b9ea into model nwt
I0506 17:50:27.352361 10896 cuckoo_watch.h:44] 428ms in ProcessBatch(vk\aaaaag.batch) [including 18ms in LoadMessage; 5ms in InitializeSparseNdw; 146ms in InferThetaAndUpdateNwtSparse; 100ms in CalculateScore(PerplexityScore); 16ms in CalculateScore(SparsityThetaScore); 135ms in CalculateScore(^^^ItemsProcessedScore^^^); ]
I0506 17:50:27.367987 11604 processor.cc:830] Processor: complete processing batch d3907409-8f45-4c19-87d8-cc1359870f5c into model nwt
I0506 17:50:27.367987 11604 cuckoo_watch.h:44] 459ms in ProcessBatch(vk\aaaaaf.batch) [including 19ms in LoadMessage; 4ms in InitializeSparseNdw; 166ms in InferThetaAndUpdateNwtSparse; 112ms in CalculateScore(PerplexityScore); 16ms in CalculateScore(SparsityThetaScore); 131ms in CalculateScore(^^^ItemsProcessedScore^^^); ]
I0506 17:50:27.367987 11604 processor.cc:742] Processor: start processing batch d95599f6-ec39-4b14-80f4-2d07742592c0 into model nwt
I0506 17:50:27.367987 11604 processor.cc:830] Processor: complete processing batch d95599f6-ec39-4b14-80f4-2d07742592c0 into model nwt
I0506 17:50:27.367987 11604 cuckoo_watch.h:44] 3ms in ProcessBatch(vk\aaaaak.batch) [including 0ms in LoadMessage; 0ms in InitializeSparseNdw; 0ms in InferThetaAndUpdateNwtSparse; 0ms in CalculateScore(PerplexityScore); 0ms in CalculateScore(SparsityThetaScore); 0ms in CalculateScore(^^^ItemsProcessedScore^^^); ]
I0506 17:50:27.367987 10896 processor.cc:742] Processor: start processing batch b9d34635-8ca1-46f9-b4a7-86526fe3e8c5 into model nwt
I0506 17:50:27.414862 10236 processor.cc:830] Processor: complete processing batch ca3e3b1a-ae65-428c-aa60-f9cf7b0d968b into model nwt
I0506 17:50:27.430488 10236 cuckoo_watch.h:44] 457ms in ProcessBatch(vk\aaaaah.batch) [including 18ms in LoadMessage; 4ms in InitializeSparseNdw; 154ms in InferThetaAndUpdateNwtSparse; 102ms in CalculateScore(PerplexityScore); 18ms in CalculateScore(SparsityThetaScore); 128ms in CalculateScore(^^^ItemsProcessedScore^^^); ]
I0506 17:50:27.477362 12036 c_interface.cc:523] Pass GetScoreValueArgs, score_name=^^^ItemsProcessedScore^^^ to MasterComponent::Request
I0506 17:50:27.477362 12036 c_interface.cc:205] ArtmCopyRequestedMessage is copying 54 bytes...
I0506 17:50:27.510310 11604 processor.cc:659] No data in processing queue, waiting...
I0506 17:50:27.541625  2828 processor.cc:830] Processor: complete processing batch 460b4aeb-360f-42a2-8ab2-b81e20f0686a into model nwt
I0506 17:50:27.541625  2828 cuckoo_watch.h:44] 293ms in ProcessBatch(vk\aaaaai.batch) [including 16ms in LoadMessage; 2ms in InitializeSparseNdw; 113ms in InferThetaAndUpdateNwtSparse; 64ms in CalculateScore(PerplexityScore); 9ms in CalculateScore(SparsityThetaScore); 81ms in CalculateScore(^^^ItemsProcessedScore^^^); ]
I0506 17:50:27.555115 10236 processor.cc:659] No data in processing queue, waiting...
I0506 17:50:27.584133  2828 processor.cc:659] No data in processing queue, waiting...
I0506 17:50:27.666955 10896 processor.cc:830] Processor: complete processing batch b9d34635-8ca1-46f9-b4a7-86526fe3e8c5 into model nwt
I0506 17:50:27.669958 10896 cuckoo_watch.h:44] 313ms in ProcessBatch(vk\aaaaaj.batch) [including 18ms in LoadMessage; 4ms in InitializeSparseNdw; 103ms in InferThetaAndUpdateNwtSparse; 93ms in CalculateScore(PerplexityScore); 9ms in CalculateScore(SparsityThetaScore); 76ms in CalculateScore(^^^ItemsProcessedScore^^^); ]
I0506 17:50:27.678977 11340 master_component.cc:1200] RegularizeModelArgs: rwt_target_name=rwt, pwt_source_name=pwt, nwt_source_name=nwt
I0506 17:50:27.678977 11340 master_component.cc:785] MasterComponent: start regularizing model pwt
I0506 17:50:27.711989 10896 processor.cc:659] No data in processing queue, waiting...
I0506 17:50:27.942311 11340 master_component.cc:808] MasterComponent: complete regularizing model pwt
I0506 17:50:27.942311 11340 master_component.cc:1211] NormalizeModelArgs: pwt_target_name=pwt, nwt_source_name=nwt, rwt_source_name=rwt
I0506 17:50:27.942311 11340 master_component.cc:812] MasterComponent: start normalizing model nwt
I0506 17:50:28.082934 11340 master_component.cc:834] MasterComponent: complete normalizing model nwt
I0506 17:50:28.114187 11340 master_component.cc:1235] DisposeModel rwt
I0506 17:50:28.129812 11340 master_component.cc:858] FitOffline: ItemsProcessed, num_items=10001, num_batches=11, token_weight=2.1219e+06, token_weight_in_effect=2.1219e+06
I0506 17:50:28.161074 12036 c_interface.cc:523] Pass GetScoreValueArgs, score_name=^^^ItemsProcessedScore^^^ to MasterComponent::Request
I0506 17:50:28.161074 12036 c_interface.cc:205] ArtmCopyRequestedMessage is copying 54 bytes...
I0506 17:50:28.161074 11340 c_interface.cc:359] Pass FitOfflineMasterModelArgs, batch_filename_size=11, batch_weight_size=11, num_collection_passes=1 to void (__cdecl artm::core::MasterComponent::*)(class artm::FitOfflineMasterModelArgs const & __ptr64) __ptr64
I0506 17:50:28.161074 11340 master_component.cc:1162] ProcessBatchesArgs: nwt_target_name=nwt, batch_filename_size=11, batch_size=0, batch_weight_size=11, pwt_source_name=pwt, num_document_passes=1, regularizer=(name:SparseTheta, tau:-0.15), regularizer=(name:SparsePhi, tau:-0.1), regularizer=(name:DecorrelatorPhi, tau:150000), reuse_theta=no, opt_for_avx=yes, predict_class_id=
I0506 17:50:28.265271 10236 processor.cc:666] Processing queue has data, processing started
I0506 17:50:28.265360  2828 processor.cc:666] Processing queue has data, processing started
I0506 17:50:28.265360 11604 processor.cc:666] Processing queue has data, processing started
I0506 17:50:28.266360 10896 processor.cc:666] Processing queue has data, processing started
I0506 17:50:28.271512 11604 processor.cc:742] Processor: start processing batch c525ae55-9040-4a0a-bbab-83c85c734af8 into model nwt
I0506 17:50:28.271512  2828 processor.cc:742] Processor: start processing batch 9589b3a2-7003-43d8-9bdd-4c4958e1d462 into model nwt
I0506 17:50:28.271512 10236 processor.cc:742] Processor: start processing batch fb769380-fe27-43a4-8c27-26f218018956 into model nwt
I0506 17:50:28.271512 10896 processor.cc:742] Processor: start processing batch 4b84a36e-29f9-4537-ba43-9c295743dc50 into model nwt
I0506 17:50:28.521517 11604 processor.cc:830] Processor: complete processing batch c525ae55-9040-4a0a-bbab-83c85c734af8 into model nwt
I0506 17:50:28.521517 11604 cuckoo_watch.h:44] 265ms in ProcessBatch(vk\aaaaac.batch) [including 13ms in LoadMessage; 2ms in InitializeSparseNdw; 82ms in InferThetaAndUpdateNwtSparse; 61ms in CalculateScore(PerplexityScore); 16ms in CalculateScore(SparsityThetaScore); 81ms in CalculateScore(^^^ItemsProcessedScore^^^); ]
I0506 17:50:28.537140 11604 processor.cc:742] Processor: start processing batch 189461fd-5848-4217-99b1-4482b5666704 into model nwt
I0506 17:50:28.597070  2828 processor.cc:830] Processor: complete processing batch 9589b3a2-7003-43d8-9bdd-4c4958e1d462 into model nwt
I0506 17:50:28.599071 10236 processor.cc:830] Processor: complete processing batch fb769380-fe27-43a4-8c27-26f218018956 into model nwt
I0506 17:50:28.600071  2828 cuckoo_watch.h:44] 335ms in ProcessBatch(vk\aaaaab.batch) [including 16ms in LoadMessage; 3ms in InitializeSparseNdw; 98ms in InferThetaAndUpdateNwtSparse; 74ms in CalculateScore(PerplexityScore); 17ms in CalculateScore(SparsityThetaScore); 117ms in CalculateScore(^^^ItemsProcessedScore^^^); ]
I0506 17:50:28.603073 10236 cuckoo_watch.h:44] 337ms in ProcessBatch(vk\aaaaaa.batch) [including 16ms in LoadMessage; 6ms in InitializeSparseNdw; 103ms in InferThetaAndUpdateNwtSparse; 77ms in CalculateScore(PerplexityScore); 16ms in CalculateScore(SparsityThetaScore); 109ms in CalculateScore(^^^ItemsProcessedScore^^^); ]
I0506 17:50:28.618132  2828 processor.cc:742] Processor: start processing batch d3907409-8f45-4c19-87d8-cc1359870f5c into model nwt
I0506 17:50:28.618132 10236 processor.cc:742] Processor: start processing batch 6d2bbae5-0ad0-4d84-8d8a-18a9ba03b9ea into model nwt
I0506 17:50:28.618132 10896 processor.cc:830] Processor: complete processing batch 4b84a36e-29f9-4537-ba43-9c295743dc50 into model nwt
I0506 17:50:28.618132 10896 cuckoo_watch.h:44] 363ms in ProcessBatch(vk\aaaaad.batch) [including 15ms in LoadMessage; 3ms in InitializeSparseNdw; 115ms in InferThetaAndUpdateNwtSparse; 80ms in CalculateScore(PerplexityScore); 16ms in CalculateScore(SparsityThetaScore); 125ms in CalculateScore(^^^ItemsProcessedScore^^^); ]
I0506 17:50:28.649385 10896 processor.cc:742] Processor: start processing batch ca3e3b1a-ae65-428c-aa60-f9cf7b0d968b into model nwt
I0506 17:50:28.868135 11604 processor.cc:830] Processor: complete processing batch 189461fd-5848-4217-99b1-4482b5666704 into model nwt
I0506 17:50:28.883762 11604 cuckoo_watch.h:44] 353ms in ProcessBatch(vk\aaaaae.batch) [including 15ms in LoadMessage; 2ms in InitializeSparseNdw; 111ms in InferThetaAndUpdateNwtSparse; 90ms in CalculateScore(PerplexityScore); 15ms in CalculateScore(SparsityThetaScore); 110ms in CalculateScore(^^^ItemsProcessedScore^^^); ]
I0506 17:50:28.899386 11604 processor.cc:742] Processor: start processing batch 460b4aeb-360f-42a2-8ab2-b81e20f0686a into model nwt
I0506 17:50:28.993137 10236 processor.cc:830] Processor: complete processing batch 6d2bbae5-0ad0-4d84-8d8a-18a9ba03b9ea into model nwt
I0506 17:50:29.008762 10236 cuckoo_watch.h:44] 406ms in ProcessBatch(vk\aaaaag.batch) [including 17ms in LoadMessage; 5ms in InitializeSparseNdw; 125ms in InferThetaAndUpdateNwtSparse; 100ms in CalculateScore(PerplexityScore); 19ms in CalculateScore(SparsityThetaScore); 130ms in CalculateScore(^^^ItemsProcessedScore^^^); ]
I0506 17:50:29.008762  2828 processor.cc:830] Processor: complete processing batch d3907409-8f45-4c19-87d8-cc1359870f5c into model nwt
I0506 17:50:29.008762  2828 cuckoo_watch.h:44] 416ms in ProcessBatch(vk\aaaaaf.batch) [including 18ms in LoadMessage; 4ms in InitializeSparseNdw; 140ms in InferThetaAndUpdateNwtSparse; 98ms in CalculateScore(PerplexityScore); 17ms in CalculateScore(SparsityThetaScore); 129ms in CalculateScore(^^^ItemsProcessedScore^^^); ]
I0506 17:50:29.008762  2828 processor.cc:742] Processor: start processing batch d95599f6-ec39-4b14-80f4-2d07742592c0 into model nwt
I0506 17:50:29.008762  2828 processor.cc:830] Processor: complete processing batch d95599f6-ec39-4b14-80f4-2d07742592c0 into model nwt
I0506 17:50:29.008762  2828 cuckoo_watch.h:44] 3ms in ProcessBatch(vk\aaaaak.batch) [including 0ms in LoadMessage; 0ms in InitializeSparseNdw; 0ms in InferThetaAndUpdateNwtSparse; 0ms in CalculateScore(PerplexityScore); 0ms in CalculateScore(SparsityThetaScore); 0ms in CalculateScore(^^^ItemsProcessedScore^^^); ]
I0506 17:50:29.008762 10896 processor.cc:830] Processor: complete processing batch ca3e3b1a-ae65-428c-aa60-f9cf7b0d968b into model nwt
I0506 17:50:29.024389 10896 cuckoo_watch.h:44] 394ms in ProcessBatch(vk\aaaaah.batch) [including 17ms in LoadMessage; 3ms in InitializeSparseNdw; 129ms in InferThetaAndUpdateNwtSparse; 89ms in CalculateScore(PerplexityScore); 18ms in CalculateScore(SparsityThetaScore); 128ms in CalculateScore(^^^ItemsProcessedScore^^^); ]
I0506 17:50:29.024389 10236 processor.cc:742] Processor: start processing batch b9d34635-8ca1-46f9-b4a7-86526fe3e8c5 into model nwt
I0506 17:50:29.118216  2828 processor.cc:659] No data in processing queue, waiting...
I0506 17:50:29.128219 10896 processor.cc:659] No data in processing queue, waiting...
I0506 17:50:29.166980 12036 c_interface.cc:523] Pass GetScoreValueArgs, score_name=^^^ItemsProcessedScore^^^ to MasterComponent::Request
I0506 17:50:29.166980 12036 c_interface.cc:205] ArtmCopyRequestedMessage is copying 54 bytes...
I0506 17:50:29.182603 11604 processor.cc:830] Processor: complete processing batch 460b4aeb-360f-42a2-8ab2-b81e20f0686a into model nwt
I0506 17:50:29.182603 11604 cuckoo_watch.h:44] 305ms in ProcessBatch(vk\aaaaai.batch) [including 15ms in LoadMessage; 2ms in InitializeSparseNdw; 115ms in InferThetaAndUpdateNwtSparse; 68ms in CalculateScore(PerplexityScore); 14ms in CalculateScore(SparsityThetaScore); 78ms in CalculateScore(^^^ItemsProcessedScore^^^); ]
I0506 17:50:29.291980 10236 processor.cc:830] Processor: complete processing batch b9d34635-8ca1-46f9-b4a7-86526fe3e8c5 into model nwt
I0506 17:50:29.291980 10236 cuckoo_watch.h:44] 291ms in ProcessBatch(vk\aaaaaj.batch) [including 20ms in LoadMessage; 4ms in InitializeSparseNdw; 106ms in InferThetaAndUpdateNwtSparse; 76ms in CalculateScore(PerplexityScore); 8ms in CalculateScore(SparsityThetaScore); 68ms in CalculateScore(^^^ItemsProcessedScore^^^); ]
I0506 17:50:29.307606 11340 master_component.cc:1200] RegularizeModelArgs: rwt_target_name=rwt, pwt_source_name=pwt, nwt_source_name=nwt
I0506 17:50:29.307606 11340 master_component.cc:785] MasterComponent: start regularizing model pwt
I0506 17:50:29.479485 11604 processor.cc:659] No data in processing queue, waiting...
I0506 17:50:29.557611 11340 master_component.cc:808] MasterComponent: complete regularizing model pwt
I0506 17:50:29.557611 11340 master_component.cc:1211] NormalizeModelArgs: pwt_target_name=pwt, nwt_source_name=nwt, rwt_source_name=rwt
I0506 17:50:29.557611 11340 master_component.cc:812] MasterComponent: start normalizing model nwt
I0506 17:50:29.574897 10236 processor.cc:659] No data in processing queue, waiting...
I0506 17:50:29.700191 11340 master_component.cc:834] MasterComponent: complete normalizing model nwt
I0506 17:50:29.747066 11340 master_component.cc:1235] DisposeModel rwt
I0506 17:50:29.762691 11340 master_component.cc:858] FitOffline: ItemsProcessed, num_items=10001, num_batches=11, token_weight=2.1219e+06, token_weight_in_effect=2.1219e+06
I0506 17:50:29.778328 12036 c_interface.cc:523] Pass GetScoreValueArgs, score_name=^^^ItemsProcessedScore^^^ to MasterComponent::Request
I0506 17:50:29.778328 12036 c_interface.cc:205] ArtmCopyRequestedMessage is copying 54 bytes...
I0506 17:50:29.778328 11340 c_interface.cc:359] Pass FitOfflineMasterModelArgs, batch_filename_size=11, batch_weight_size=11, num_collection_passes=1 to void (__cdecl artm::core::MasterComponent::*)(class artm::FitOfflineMasterModelArgs const & __ptr64) __ptr64
I0506 17:50:29.778328 11340 master_component.cc:1162] ProcessBatchesArgs: nwt_target_name=nwt, batch_filename_size=11, batch_size=0, batch_weight_size=11, pwt_source_name=pwt, num_document_passes=1, regularizer=(name:SparseTheta, tau:-0.15), regularizer=(name:SparsePhi, tau:-0.1), regularizer=(name:DecorrelatorPhi, tau:150000), reuse_theta=no, opt_for_avx=yes, predict_class_id=
I0506 17:50:29.878108 11604 processor.cc:666] Processing queue has data, processing started
I0506 17:50:29.878108 10896 processor.cc:666] Processing queue has data, processing started
I0506 17:50:29.878108 10236 processor.cc:666] Processing queue has data, processing started
I0506 17:50:29.878108  2828 processor.cc:666] Processing queue has data, processing started
I0506 17:50:29.884171 10896 processor.cc:742] Processor: start processing batch c525ae55-9040-4a0a-bbab-83c85c734af8 into model nwt
I0506 17:50:29.884171 11604 processor.cc:742] Processor: start processing batch fb769380-fe27-43a4-8c27-26f218018956 into model nwt
I0506 17:50:29.884171  2828 processor.cc:742] Processor: start processing batch 9589b3a2-7003-43d8-9bdd-4c4958e1d462 into model nwt
I0506 17:50:29.899802 10236 processor.cc:742] Processor: start processing batch 4b84a36e-29f9-4537-ba43-9c295743dc50 into model nwt
I0506 17:50:30.140302 10896 processor.cc:830] Processor: complete processing batch c525ae55-9040-4a0a-bbab-83c85c734af8 into model nwt
I0506 17:50:30.140302 10896 cuckoo_watch.h:44] 273ms in ProcessBatch(vk\aaaaac.batch) [including 13ms in LoadMessage; 2ms in InitializeSparseNdw; 86ms in InferThetaAndUpdateNwtSparse; 65ms in CalculateScore(PerplexityScore); 17ms in CalculateScore(SparsityThetaScore); 81ms in CalculateScore(^^^ItemsProcessedScore^^^); ]
I0506 17:50:30.155928 10896 processor.cc:742] Processor: start processing batch 189461fd-5848-4217-99b1-4482b5666704 into model nwt
I0506 17:50:30.187177  2828 processor.cc:830] Processor: complete processing batch 9589b3a2-7003-43d8-9bdd-4c4958e1d462 into model nwt
I0506 17:50:30.187177  2828 cuckoo_watch.h:44] 321ms in ProcessBatch(vk\aaaaab.batch) [including 16ms in LoadMessage; 3ms in InitializeSparseNdw; 100ms in InferThetaAndUpdateNwtSparse; 75ms in CalculateScore(PerplexityScore); 17ms in CalculateScore(SparsityThetaScore); 100ms in CalculateScore(^^^ItemsProcessedScore^^^); ]
I0506 17:50:30.187177 11604 processor.cc:830] Processor: complete processing batch fb769380-fe27-43a4-8c27-26f218018956 into model nwt
I0506 17:50:30.202802 11604 cuckoo_watch.h:44] 327ms in ProcessBatch(vk\aaaaaa.batch) [including 16ms in LoadMessage; 3ms in InitializeSparseNdw; 103ms in InferThetaAndUpdateNwtSparse; 76ms in CalculateScore(PerplexityScore); 16ms in CalculateScore(SparsityThetaScore); 103ms in CalculateScore(^^^ItemsProcessedScore^^^); ]
I0506 17:50:30.218427  2828 processor.cc:742] Processor: start processing batch d3907409-8f45-4c19-87d8-cc1359870f5c into model nwt
I0506 17:50:30.218427 11604 processor.cc:742] Processor: start processing batch 6d2bbae5-0ad0-4d84-8d8a-18a9ba03b9ea into model nwt
I0506 17:50:30.218427 10236 processor.cc:830] Processor: complete processing batch 4b84a36e-29f9-4537-ba43-9c295743dc50 into model nwt
I0506 17:50:30.218427 10236 cuckoo_watch.h:44] 352ms in ProcessBatch(vk\aaaaad.batch) [including 19ms in LoadMessage; 3ms in InitializeSparseNdw; 112ms in InferThetaAndUpdateNwtSparse; 82ms in CalculateScore(PerplexityScore); 15ms in CalculateScore(SparsityThetaScore); 113ms in CalculateScore(^^^ItemsProcessedScore^^^); ]
I0506 17:50:30.249680 10236 processor.cc:742] Processor: start processing batch ca3e3b1a-ae65-428c-aa60-f9cf7b0d968b into model nwt
I0506 17:50:30.497934 10896 processor.cc:830] Processor: complete processing batch 189461fd-5848-4217-99b1-4482b5666704 into model nwt
I0506 17:50:30.497934 10896 cuckoo_watch.h:44] 355ms in ProcessBatch(vk\aaaaae.batch) [including 16ms in LoadMessage; 2ms in InitializeSparseNdw; 103ms in InferThetaAndUpdateNwtSparse; 97ms in CalculateScore(PerplexityScore); 19ms in CalculateScore(SparsityThetaScore); 108ms in CalculateScore(^^^ItemsProcessedScore^^^); ]
I0506 17:50:30.513559 10896 processor.cc:742] Processor: start processing batch 460b4aeb-360f-42a2-8ab2-b81e20f0686a into model nwt
I0506 17:50:30.601254 11604 processor.cc:830] Processor: complete processing batch 6d2bbae5-0ad0-4d84-8d8a-18a9ba03b9ea into model nwt
I0506 17:50:30.601254 11604 cuckoo_watch.h:44] 410ms in ProcessBatch(vk\aaaaag.batch) [including 17ms in LoadMessage; 4ms in InitializeSparseNdw; 135ms in InferThetaAndUpdateNwtSparse; 95ms in CalculateScore(PerplexityScore); 16ms in CalculateScore(SparsityThetaScore); 133ms in CalculateScore(^^^ItemsProcessedScore^^^); ]
I0506 17:50:30.633966  2828 processor.cc:830] Processor: complete processing batch d3907409-8f45-4c19-87d8-cc1359870f5c into model nwt
I0506 17:50:30.636970 11604 processor.cc:742] Processor: start processing batch b9d34635-8ca1-46f9-b4a7-86526fe3e8c5 into model nwt
I0506 17:50:30.637970  2828 cuckoo_watch.h:44] 438ms in ProcessBatch(vk\aaaaaf.batch) [including 18ms in LoadMessage; 4ms in InitializeSparseNdw; 149ms in InferThetaAndUpdateNwtSparse; 97ms in CalculateScore(PerplexityScore); 17ms in CalculateScore(SparsityThetaScore); 142ms in CalculateScore(^^^ItemsProcessedScore^^^); ]
I0506 17:50:30.639972 10236 processor.cc:830] Processor: complete processing batch ca3e3b1a-ae65-428c-aa60-f9cf7b0d968b into model nwt
I0506 17:50:30.641973  2828 processor.cc:742] Processor: start processing batch d95599f6-ec39-4b14-80f4-2d07742592c0 into model nwt
I0506 17:50:30.641973  2828 processor.cc:830] Processor: complete processing batch d95599f6-ec39-4b14-80f4-2d07742592c0 into model nwt
I0506 17:50:30.641973  2828 cuckoo_watch.h:44] 3ms in ProcessBatch(vk\aaaaak.batch) [including 0ms in LoadMessage; 0ms in InitializeSparseNdw; 0ms in InferThetaAndUpdateNwtSparse; 0ms in CalculateScore(PerplexityScore); 0ms in CalculateScore(SparsityThetaScore); 0ms in CalculateScore(^^^ItemsProcessedScore^^^); ]
I0506 17:50:30.642669 10236 cuckoo_watch.h:44] 414ms in ProcessBatch(vk\aaaaah.batch) [including 17ms in LoadMessage; 4ms in InitializeSparseNdw; 139ms in InferThetaAndUpdateNwtSparse; 94ms in CalculateScore(PerplexityScore); 16ms in CalculateScore(SparsityThetaScore); 133ms in CalculateScore(^^^ItemsProcessedScore^^^); ]
I0506 17:50:30.778568 12036 c_interface.cc:523] Pass GetScoreValueArgs, score_name=^^^ItemsProcessedScore^^^ to MasterComponent::Request
I0506 17:50:30.778568 12036 c_interface.cc:205] ArtmCopyRequestedMessage is copying 54 bytes...
I0506 17:50:30.786572 10236 processor.cc:659] No data in processing queue, waiting...
I0506 17:50:30.786572  2828 processor.cc:659] No data in processing queue, waiting...
I0506 17:50:30.798580 10896 processor.cc:830] Processor: complete processing batch 460b4aeb-360f-42a2-8ab2-b81e20f0686a into model nwt
I0506 17:50:30.800582 10896 cuckoo_watch.h:44] 293ms in ProcessBatch(vk\aaaaai.batch) [including 15ms in LoadMessage; 2ms in InitializeSparseNdw; 119ms in InferThetaAndUpdateNwtSparse; 65ms in CalculateScore(PerplexityScore); 9ms in CalculateScore(SparsityThetaScore); 73ms in CalculateScore(^^^ItemsProcessedScore^^^); ]
I0506 17:50:30.886031 10896 processor.cc:659] No data in processing queue, waiting...
I0506 17:50:30.935065 11604 processor.cc:830] Processor: complete processing batch b9d34635-8ca1-46f9-b4a7-86526fe3e8c5 into model nwt
I0506 17:50:30.937068 11604 cuckoo_watch.h:44] 322ms in ProcessBatch(vk\aaaaaj.batch) [including 18ms in LoadMessage; 4ms in InitializeSparseNdw; 100ms in InferThetaAndUpdateNwtSparse; 85ms in CalculateScore(PerplexityScore); 9ms in CalculateScore(SparsityThetaScore); 97ms in CalculateScore(^^^ItemsProcessedScore^^^); ]
I0506 17:50:30.939071 11340 master_component.cc:1200] RegularizeModelArgs: rwt_target_name=rwt, pwt_source_name=pwt, nwt_source_name=nwt
I0506 17:50:30.939071 11340 master_component.cc:785] MasterComponent: start regularizing model pwt
I0506 17:50:31.024085 11604 processor.cc:659] No data in processing queue, waiting...
I0506 17:50:31.234375 11340 master_component.cc:808] MasterComponent: complete regularizing model pwt
I0506 17:50:31.234375 11340 master_component.cc:1211] NormalizeModelArgs: pwt_target_name=pwt, nwt_source_name=nwt, rwt_source_name=rwt
I0506 17:50:31.234375 11340 master_component.cc:812] MasterComponent: start normalizing model nwt
I0506 17:50:31.396934 11340 master_component.cc:834] MasterComponent: complete normalizing model nwt
I0506 17:50:31.443811 11340 master_component.cc:1235] DisposeModel rwt
I0506 17:50:31.460722 11340 master_component.cc:858] FitOffline: ItemsProcessed, num_items=10001, num_batches=11, token_weight=2.1219e+06, token_weight_in_effect=2.1219e+06
I0506 17:50:31.462723 12036 c_interface.cc:523] Pass GetScoreValueArgs, score_name=^^^ItemsProcessedScore^^^ to MasterComponent::Request
I0506 17:50:31.462723 12036 c_interface.cc:205] ArtmCopyRequestedMessage is copying 54 bytes...
I0506 17:50:31.463726 11340 c_interface.cc:359] Pass FitOfflineMasterModelArgs, batch_filename_size=11, batch_weight_size=11, num_collection_passes=1 to void (__cdecl artm::core::MasterComponent::*)(class artm::FitOfflineMasterModelArgs const & __ptr64) __ptr64
I0506 17:50:31.463726 11340 master_component.cc:1162] ProcessBatchesArgs: nwt_target_name=nwt, batch_filename_size=11, batch_size=0, batch_weight_size=11, pwt_source_name=pwt, num_document_passes=1, regularizer=(name:SparseTheta, tau:-0.15), regularizer=(name:SparsePhi, tau:-0.1), regularizer=(name:DecorrelatorPhi, tau:150000), reuse_theta=no, opt_for_avx=yes, predict_class_id=
I0506 17:50:31.553776 10236 processor.cc:666] Processing queue has data, processing started
I0506 17:50:31.553776  2828 processor.cc:666] Processing queue has data, processing started
I0506 17:50:31.554757 10896 processor.cc:666] Processing queue has data, processing started
I0506 17:50:31.564764 11604 processor.cc:666] Processing queue has data, processing started
I0506 17:50:31.575774 10896 processor.cc:742] Processor: start processing batch c525ae55-9040-4a0a-bbab-83c85c734af8 into model nwt
I0506 17:50:31.576774 10236 processor.cc:742] Processor: start processing batch fb769380-fe27-43a4-8c27-26f218018956 into model nwt
I0506 17:50:31.576774  2828 processor.cc:742] Processor: start processing batch 9589b3a2-7003-43d8-9bdd-4c4958e1d462 into model nwt
I0506 17:50:31.584779 11604 processor.cc:742] Processor: start processing batch 4b84a36e-29f9-4537-ba43-9c295743dc50 into model nwt
I0506 17:50:31.859729 10896 processor.cc:830] Processor: complete processing batch c525ae55-9040-4a0a-bbab-83c85c734af8 into model nwt
I0506 17:50:31.863730 10896 cuckoo_watch.h:44] 308ms in ProcessBatch(vk\aaaaac.batch) [including 17ms in LoadMessage; 2ms in InitializeSparseNdw; 84ms in InferThetaAndUpdateNwtSparse; 72ms in CalculateScore(PerplexityScore); 17ms in CalculateScore(SparsityThetaScore); 106ms in CalculateScore(^^^ItemsProcessedScore^^^); ]
I0506 17:50:31.892751 10896 processor.cc:742] Processor: start processing batch 189461fd-5848-4217-99b1-4482b5666704 into model nwt
I0506 17:50:31.911764 10236 processor.cc:830] Processor: complete processing batch fb769380-fe27-43a4-8c27-26f218018956 into model nwt
I0506 17:50:31.912891 10236 cuckoo_watch.h:44] 361ms in ProcessBatch(vk\aaaaaa.batch) [including 20ms in LoadMessage; 2ms in InitializeSparseNdw; 105ms in InferThetaAndUpdateNwtSparse; 81ms in CalculateScore(PerplexityScore); 29ms in CalculateScore(SparsityThetaScore); 115ms in CalculateScore(^^^ItemsProcessedScore^^^); ]
I0506 17:50:31.912891  2828 processor.cc:830] Processor: complete processing batch 9589b3a2-7003-43d8-9bdd-4c4958e1d462 into model nwt
I0506 17:50:31.912891  2828 cuckoo_watch.h:44] 370ms in ProcessBatch(vk\aaaaab.batch) [including 20ms in LoadMessage; 2ms in InitializeSparseNdw; 99ms in InferThetaAndUpdateNwtSparse; 83ms in CalculateScore(PerplexityScore); 19ms in CalculateScore(SparsityThetaScore); 137ms in CalculateScore(^^^ItemsProcessedScore^^^); ]
I0506 17:50:31.928519 10236 processor.cc:742] Processor: start processing batch d3907409-8f45-4c19-87d8-cc1359870f5c into model nwt
I0506 17:50:31.944144  2828 processor.cc:742] Processor: start processing batch 6d2bbae5-0ad0-4d84-8d8a-18a9ba03b9ea into model nwt
I0506 17:50:31.944144 11604 processor.cc:830] Processor: complete processing batch 4b84a36e-29f9-4537-ba43-9c295743dc50 into model nwt
I0506 17:50:31.959769 11604 cuckoo_watch.h:44] 397ms in ProcessBatch(vk\aaaaad.batch) [including 16ms in LoadMessage; 3ms in InitializeSparseNdw; 124ms in InferThetaAndUpdateNwtSparse; 79ms in CalculateScore(PerplexityScore); 15ms in CalculateScore(SparsityThetaScore); 138ms in CalculateScore(^^^ItemsProcessedScore^^^); ]
I0506 17:50:31.975394 11604 processor.cc:742] Processor: start processing batch ca3e3b1a-ae65-428c-aa60-f9cf7b0d968b into model nwt
I0506 17:50:32.322402 10896 processor.cc:830] Processor: complete processing batch 189461fd-5848-4217-99b1-4482b5666704 into model nwt
I0506 17:50:32.325403 10896 cuckoo_watch.h:44] 462ms in ProcessBatch(vk\aaaaae.batch) [including 26ms in LoadMessage; 2ms in InitializeSparseNdw; 155ms in InferThetaAndUpdateNwtSparse; 89ms in CalculateScore(PerplexityScore); 51ms in CalculateScore(SparsityThetaScore); 129ms in CalculateScore(^^^ItemsProcessedScore^^^); ]
I0506 17:50:32.334444 10896 processor.cc:742] Processor: start processing batch 460b4aeb-360f-42a2-8ab2-b81e20f0686a into model nwt
I0506 17:50:32.387135  2828 processor.cc:830] Processor: complete processing batch 6d2bbae5-0ad0-4d84-8d8a-18a9ba03b9ea into model nwt
I0506 17:50:32.402760  2828 cuckoo_watch.h:44] 479ms in ProcessBatch(vk\aaaaag.batch) [including 17ms in LoadMessage; 4ms in InitializeSparseNdw; 139ms in InferThetaAndUpdateNwtSparse; 131ms in CalculateScore(PerplexityScore); 18ms in CalculateScore(SparsityThetaScore); 161ms in CalculateScore(^^^ItemsProcessedScore^^^); ]
I0506 17:50:32.434010  2828 processor.cc:742] Processor: start processing batch b9d34635-8ca1-46f9-b4a7-86526fe3e8c5 into model nwt
I0506 17:50:32.449635 11604 processor.cc:830] Processor: complete processing batch ca3e3b1a-ae65-428c-aa60-f9cf7b0d968b into model nwt
I0506 17:50:32.460454 11604 cuckoo_watch.h:44] 498ms in ProcessBatch(vk\aaaaah.batch) [including 18ms in LoadMessage; 4ms in InitializeSparseNdw; 186ms in InferThetaAndUpdateNwtSparse; 106ms in CalculateScore(PerplexityScore); 22ms in CalculateScore(SparsityThetaScore); 150ms in CalculateScore(^^^ItemsProcessedScore^^^); ]
I0506 17:50:32.461457 10236 processor.cc:830] Processor: complete processing batch d3907409-8f45-4c19-87d8-cc1359870f5c into model nwt
I0506 17:50:32.463457 11604 processor.cc:742] Processor: start processing batch d95599f6-ec39-4b14-80f4-2d07742592c0 into model nwt
I0506 17:50:32.463457 11604 processor.cc:830] Processor: complete processing batch d95599f6-ec39-4b14-80f4-2d07742592c0 into model nwt
I0506 17:50:32.463457 11604 cuckoo_watch.h:44] 3ms in ProcessBatch(vk\aaaaak.batch) [including 0ms in LoadMessage; 0ms in InitializeSparseNdw; 0ms in InferThetaAndUpdateNwtSparse; 0ms in CalculateScore(PerplexityScore); 0ms in CalculateScore(SparsityThetaScore); 0ms in CalculateScore(^^^ItemsProcessedScore^^^); ]
I0506 17:50:32.464458 10236 cuckoo_watch.h:44] 549ms in ProcessBatch(vk\aaaaaf.batch) [including 17ms in LoadMessage; 3ms in InitializeSparseNdw; 169ms in InferThetaAndUpdateNwtSparse; 180ms in CalculateScore(PerplexityScore); 18ms in CalculateScore(SparsityThetaScore); 152ms in CalculateScore(^^^ItemsProcessedScore^^^); ]
I0506 17:50:32.465458 12036 c_interface.cc:523] Pass GetScoreValueArgs, score_name=^^^ItemsProcessedScore^^^ to MasterComponent::Request
I0506 17:50:32.465458 12036 c_interface.cc:205] ArtmCopyRequestedMessage is copying 54 bytes...
I0506 17:50:32.500529 10236 processor.cc:659] No data in processing queue, waiting...
I0506 17:50:32.500529 11604 processor.cc:659] No data in processing queue, waiting...
I0506 17:50:32.650254 10896 processor.cc:830] Processor: complete processing batch 460b4aeb-360f-42a2-8ab2-b81e20f0686a into model nwt
I0506 17:50:32.650254 10896 cuckoo_watch.h:44] 337ms in ProcessBatch(vk\aaaaai.batch) [including 16ms in LoadMessage; 2ms in InitializeSparseNdw; 130ms in InferThetaAndUpdateNwtSparse; 75ms in CalculateScore(PerplexityScore); 12ms in CalculateScore(SparsityThetaScore); 89ms in CalculateScore(^^^ItemsProcessedScore^^^); ]
I0506 17:50:32.759630  2828 processor.cc:830] Processor: complete processing batch b9d34635-8ca1-46f9-b4a7-86526fe3e8c5 into model nwt
I0506 17:50:32.775256  2828 cuckoo_watch.h:44] 371ms in ProcessBatch(vk\aaaaaj.batch) [including 32ms in LoadMessage; 4ms in InitializeSparseNdw; 120ms in InferThetaAndUpdateNwtSparse; 102ms in CalculateScore(PerplexityScore); 10ms in CalculateScore(SparsityThetaScore); 93ms in CalculateScore(^^^ItemsProcessedScore^^^); ]
I0506 17:50:32.790881 11340 master_component.cc:1200] RegularizeModelArgs: rwt_target_name=rwt, pwt_source_name=pwt, nwt_source_name=nwt
I0506 17:50:32.790881 11340 master_component.cc:785] MasterComponent: start regularizing model pwt
I0506 17:50:32.846478 10896 processor.cc:659] No data in processing queue, waiting...
I0506 17:50:32.854485  2828 processor.cc:659] No data in processing queue, waiting...
I0506 17:50:33.109199 11340 master_component.cc:808] MasterComponent: complete regularizing model pwt
I0506 17:50:33.109199 11340 master_component.cc:1211] NormalizeModelArgs: pwt_target_name=pwt, nwt_source_name=nwt, rwt_source_name=rwt
I0506 17:50:33.109199 11340 master_component.cc:812] MasterComponent: start normalizing model nwt
I0506 17:50:33.308189 11340 master_component.cc:834] MasterComponent: complete normalizing model nwt
I0506 17:50:33.371747 11340 master_component.cc:1235] DisposeModel rwt
I0506 17:50:33.387373 11340 master_component.cc:858] FitOffline: ItemsProcessed, num_items=10001, num_batches=11, token_weight=2.1219e+06, token_weight_in_effect=2.1219e+06
I0506 17:50:33.402997 12036 c_interface.cc:523] Pass GetScoreValueArgs, score_name=^^^ItemsProcessedScore^^^ to MasterComponent::Request
I0506 17:50:33.402997 12036 c_interface.cc:205] ArtmCopyRequestedMessage is copying 54 bytes...
I0506 17:50:33.402997 11340 c_interface.cc:359] Pass FitOfflineMasterModelArgs, batch_filename_size=11, batch_weight_size=11, num_collection_passes=1 to void (__cdecl artm::core::MasterComponent::*)(class artm::FitOfflineMasterModelArgs const & __ptr64) __ptr64
I0506 17:50:33.402997 11340 master_component.cc:1162] ProcessBatchesArgs: nwt_target_name=nwt, batch_filename_size=11, batch_size=0, batch_weight_size=11, pwt_source_name=pwt, num_document_passes=1, regularizer=(name:SparseTheta, tau:-0.15), regularizer=(name:SparsePhi, tau:-0.1), regularizer=(name:DecorrelatorPhi, tau:150000), reuse_theta=no, opt_for_avx=yes, predict_class_id=
I0506 17:50:33.516261 11604 processor.cc:666] Processing queue has data, processing started
I0506 17:50:33.516261 10896 processor.cc:666] Processing queue has data, processing started
I0506 17:50:33.516261 10236 processor.cc:666] Processing queue has data, processing started
I0506 17:50:33.516261  2828 processor.cc:666] Processing queue has data, processing started
I0506 17:50:33.531886 10896 processor.cc:742] Processor: start processing batch 9589b3a2-7003-43d8-9bdd-4c4958e1d462 into model nwt
I0506 17:50:33.531886 11604 processor.cc:742] Processor: start processing batch fb769380-fe27-43a4-8c27-26f218018956 into model nwt
I0506 17:50:33.531886  2828 processor.cc:742] Processor: start processing batch 4b84a36e-29f9-4537-ba43-9c295743dc50 into model nwt
I0506 17:50:33.565328 10236 processor.cc:742] Processor: start processing batch c525ae55-9040-4a0a-bbab-83c85c734af8 into model nwt
I0506 17:50:33.850421 10236 processor.cc:830] Processor: complete processing batch c525ae55-9040-4a0a-bbab-83c85c734af8 into model nwt
I0506 17:50:33.867283 11604 processor.cc:830] Processor: complete processing batch fb769380-fe27-43a4-8c27-26f218018956 into model nwt
I0506 17:50:33.869285 10236 cuckoo_watch.h:44] 353ms in ProcessBatch(vk\aaaaac.batch) [including 46ms in LoadMessage; 3ms in InitializeSparseNdw; 99ms in InferThetaAndUpdateNwtSparse; 100ms in CalculateScore(PerplexityScore); 15ms in CalculateScore(SparsityThetaScore); 78ms in CalculateScore(^^^ItemsProcessedScore^^^); ]
I0506 17:50:33.871286 11604 cuckoo_watch.h:44] 354ms in ProcessBatch(vk\aaaaaa.batch) [including 16ms in LoadMessage; 2ms in InitializeSparseNdw; 118ms in InferThetaAndUpdateNwtSparse; 82ms in CalculateScore(PerplexityScore); 17ms in CalculateScore(SparsityThetaScore); 110ms in CalculateScore(^^^ItemsProcessedScore^^^); ]
I0506 17:50:33.887297 10236 processor.cc:742] Processor: start processing batch 189461fd-5848-4217-99b1-4482b5666704 into model nwt
I0506 17:50:33.892302 11604 processor.cc:742] Processor: start processing batch d3907409-8f45-4c19-87d8-cc1359870f5c into model nwt
I0506 17:50:33.931709 10896 processor.cc:830] Processor: complete processing batch 9589b3a2-7003-43d8-9bdd-4c4958e1d462 into model nwt
I0506 17:50:33.931709 10896 cuckoo_watch.h:44] 428ms in ProcessBatch(vk\aaaaab.batch) [including 15ms in LoadMessage; 2ms in InitializeSparseNdw; 126ms in InferThetaAndUpdateNwtSparse; 122ms in CalculateScore(PerplexityScore); 17ms in CalculateScore(SparsityThetaScore); 136ms in CalculateScore(^^^ItemsProcessedScore^^^); ]
I0506 17:50:33.962960 10896 processor.cc:742] Processor: start processing batch 6d2bbae5-0ad0-4d84-8d8a-18a9ba03b9ea into model nwt
I0506 17:50:33.994210  2828 processor.cc:830] Processor: complete processing batch 4b84a36e-29f9-4537-ba43-9c295743dc50 into model nwt
I0506 17:50:33.994210  2828 cuckoo_watch.h:44] 480ms in ProcessBatch(vk\aaaaad.batch) [including 16ms in LoadMessage; 2ms in InitializeSparseNdw; 163ms in InferThetaAndUpdateNwtSparse; 123ms in CalculateScore(PerplexityScore); 46ms in CalculateScore(SparsityThetaScore); 121ms in CalculateScore(^^^ItemsProcessedScore^^^); ]
I0506 17:50:34.009835  2828 processor.cc:742] Processor: start processing batch ca3e3b1a-ae65-428c-aa60-f9cf7b0d968b into model nwt
I0506 17:50:34.303354 10236 processor.cc:830] Processor: complete processing batch 189461fd-5848-4217-99b1-4482b5666704 into model nwt
I0506 17:50:34.318979 10236 cuckoo_watch.h:44] 453ms in ProcessBatch(vk\aaaaae.batch) [including 15ms in LoadMessage; 2ms in InitializeSparseNdw; 150ms in InferThetaAndUpdateNwtSparse; 113ms in CalculateScore(PerplexityScore); 18ms in CalculateScore(SparsityThetaScore); 129ms in CalculateScore(^^^ItemsProcessedScore^^^); ]
I0506 17:50:34.334604 10236 processor.cc:742] Processor: start processing batch 460b4aeb-360f-42a2-8ab2-b81e20f0686a into model nwt
I0506 17:50:34.350229 11604 processor.cc:830] Processor: complete processing batch d3907409-8f45-4c19-87d8-cc1359870f5c into model nwt
I0506 17:50:34.350229 11604 cuckoo_watch.h:44] 488ms in ProcessBatch(vk\aaaaaf.batch) [including 18ms in LoadMessage; 4ms in InitializeSparseNdw; 129ms in InferThetaAndUpdateNwtSparse; 140ms in CalculateScore(PerplexityScore); 17ms in CalculateScore(SparsityThetaScore); 171ms in CalculateScore(^^^ItemsProcessedScore^^^); ]
I0506 17:50:34.365855 11604 processor.cc:742] Processor: start processing batch b9d34635-8ca1-46f9-b4a7-86526fe3e8c5 into model nwt
I0506 17:50:34.428355 10896 processor.cc:830] Processor: complete processing batch 6d2bbae5-0ad0-4d84-8d8a-18a9ba03b9ea into model nwt
I0506 17:50:34.428355 10896 cuckoo_watch.h:44] 493ms in ProcessBatch(vk\aaaaag.batch) [including 17ms in LoadMessage; 4ms in InitializeSparseNdw; 142ms in InferThetaAndUpdateNwtSparse; 129ms in CalculateScore(PerplexityScore); 16ms in CalculateScore(SparsityThetaScore); 176ms in CalculateScore(^^^ItemsProcessedScore^^^); ]
I0506 17:50:34.428355 10896 processor.cc:742] Processor: start processing batch d95599f6-ec39-4b14-80f4-2d07742592c0 into model nwt
I0506 17:50:34.428355 10896 processor.cc:830] Processor: complete processing batch d95599f6-ec39-4b14-80f4-2d07742592c0 into model nwt
I0506 17:50:34.428355 10896 cuckoo_watch.h:44] 3ms in ProcessBatch(vk\aaaaak.batch) [including 0ms in LoadMessage; 0ms in InitializeSparseNdw; 0ms in InferThetaAndUpdateNwtSparse; 0ms in CalculateScore(PerplexityScore); 0ms in CalculateScore(SparsityThetaScore); 0ms in CalculateScore(^^^ItemsProcessedScore^^^); ]
I0506 17:50:34.443979 12036 c_interface.cc:523] Pass GetScoreValueArgs, score_name=^^^ItemsProcessedScore^^^ to MasterComponent::Request
I0506 17:50:34.443979 12036 c_interface.cc:205] ArtmCopyRequestedMessage is copying 54 bytes...
I0506 17:50:34.475049  2828 processor.cc:830] Processor: complete processing batch ca3e3b1a-ae65-428c-aa60-f9cf7b0d968b into model nwt
I0506 17:50:34.475049  2828 cuckoo_watch.h:44] 486ms in ProcessBatch(vk\aaaaah.batch) [including 17ms in LoadMessage; 3ms in InitializeSparseNdw; 191ms in InferThetaAndUpdateNwtSparse; 104ms in CalculateScore(PerplexityScore); 17ms in CalculateScore(SparsityThetaScore); 142ms in CalculateScore(^^^ItemsProcessedScore^^^); ]
I0506 17:50:34.608100 10896 processor.cc:659] No data in processing queue, waiting...
I0506 17:50:34.615106  2828 processor.cc:659] No data in processing queue, waiting...
I0506 17:50:34.681432 10236 processor.cc:830] Processor: complete processing batch 460b4aeb-360f-42a2-8ab2-b81e20f0686a into model nwt
I0506 17:50:34.681432 10236 cuckoo_watch.h:44] 365ms in ProcessBatch(vk\aaaaai.batch) [including 15ms in LoadMessage; 2ms in InitializeSparseNdw; 141ms in InferThetaAndUpdateNwtSparse; 82ms in CalculateScore(PerplexityScore); 17ms in CalculateScore(SparsityThetaScore); 98ms in CalculateScore(^^^ItemsProcessedScore^^^); ]
I0506 17:50:34.767050 11604 processor.cc:830] Processor: complete processing batch b9d34635-8ca1-46f9-b4a7-86526fe3e8c5 into model nwt
I0506 17:50:34.771051 11604 cuckoo_watch.h:44] 410ms in ProcessBatch(vk\aaaaaj.batch) [including 18ms in LoadMessage; 4ms in InitializeSparseNdw; 148ms in InferThetaAndUpdateNwtSparse; 107ms in CalculateScore(PerplexityScore); 16ms in CalculateScore(SparsityThetaScore); 108ms in CalculateScore(^^^ItemsProcessedScore^^^); ]
I0506 17:50:34.772053 11340 master_component.cc:1200] RegularizeModelArgs: rwt_target_name=rwt, pwt_source_name=pwt, nwt_source_name=nwt
I0506 17:50:34.772053 11340 master_component.cc:785] MasterComponent: start regularizing model pwt
I0506 17:50:34.789064 10236 processor.cc:659] No data in processing queue, waiting...
I0506 17:50:34.801074 11604 processor.cc:659] No data in processing queue, waiting...
I0506 17:50:35.163100 11340 master_component.cc:808] MasterComponent: complete regularizing model pwt
I0506 17:50:35.163100 11340 master_component.cc:1211] NormalizeModelArgs: pwt_target_name=pwt, nwt_source_name=nwt, rwt_source_name=rwt
I0506 17:50:35.163100 11340 master_component.cc:812] MasterComponent: start normalizing model nwt
I0506 17:50:35.382242 11340 master_component.cc:834] MasterComponent: complete normalizing model nwt
I0506 17:50:35.444741 12036 c_interface.cc:523] Pass GetScoreValueArgs, score_name=^^^ItemsProcessedScore^^^ to MasterComponent::Request
I0506 17:50:35.444741 12036 c_interface.cc:205] ArtmCopyRequestedMessage is copying 54 bytes...
I0506 17:50:35.475992 11340 master_component.cc:1235] DisposeModel rwt
I0506 17:50:35.475992 11340 master_component.cc:858] FitOffline: ItemsProcessed, num_items=10001, num_batches=11, token_weight=2.1219e+06, token_weight_in_effect=2.1219e+06
I0506 17:50:35.491617 12036 c_interface.cc:523] Pass GetScoreValueArgs, score_name=^^^ItemsProcessedScore^^^ to MasterComponent::Request
I0506 17:50:35.491617 12036 c_interface.cc:205] ArtmCopyRequestedMessage is copying 54 bytes...
I0506 17:50:35.491617 11340 c_interface.cc:359] Pass FitOfflineMasterModelArgs, batch_filename_size=11, batch_weight_size=11, num_collection_passes=1 to void (__cdecl artm::core::MasterComponent::*)(class artm::FitOfflineMasterModelArgs const & __ptr64) __ptr64
I0506 17:50:35.491617 11340 master_component.cc:1162] ProcessBatchesArgs: nwt_target_name=nwt, batch_filename_size=11, batch_size=0, batch_weight_size=11, pwt_source_name=pwt, num_document_passes=1, regularizer=(name:SparseTheta, tau:-0.15), regularizer=(name:SparsePhi, tau:-0.1), regularizer=(name:DecorrelatorPhi, tau:150000), reuse_theta=no, opt_for_avx=yes, predict_class_id=
I0506 17:50:35.614192  2828 processor.cc:666] Processing queue has data, processing started
I0506 17:50:35.614192 10896 processor.cc:666] Processing queue has data, processing started
I0506 17:50:35.614192 11604 processor.cc:666] Processing queue has data, processing started
I0506 17:50:35.614192 10236 processor.cc:666] Processing queue has data, processing started
I0506 17:50:35.629817  2828 processor.cc:742] Processor: start processing batch c525ae55-9040-4a0a-bbab-83c85c734af8 into model nwt
I0506 17:50:35.629817 10896 processor.cc:742] Processor: start processing batch 9589b3a2-7003-43d8-9bdd-4c4958e1d462 into model nwt
I0506 17:50:35.645442 11604 processor.cc:742] Processor: start processing batch 4b84a36e-29f9-4537-ba43-9c295743dc50 into model nwt
I0506 17:50:35.645442 10236 processor.cc:742] Processor: start processing batch fb769380-fe27-43a4-8c27-26f218018956 into model nwt
I0506 17:50:35.925385  2828 processor.cc:830] Processor: complete processing batch c525ae55-9040-4a0a-bbab-83c85c734af8 into model nwt
I0506 17:50:35.925385  2828 cuckoo_watch.h:44] 318ms in ProcessBatch(vk\aaaaac.batch) [including 14ms in LoadMessage; 2ms in InitializeSparseNdw; 101ms in InferThetaAndUpdateNwtSparse; 77ms in CalculateScore(PerplexityScore); 16ms in CalculateScore(SparsityThetaScore); 100ms in CalculateScore(^^^ItemsProcessedScore^^^); ]
I0506 17:50:35.941011  2828 processor.cc:742] Processor: start processing batch 189461fd-5848-4217-99b1-4482b5666704 into model nwt
I0506 17:50:36.036413 10896 processor.cc:830] Processor: complete processing batch 9589b3a2-7003-43d8-9bdd-4c4958e1d462 into model nwt
I0506 17:50:36.040416 10896 cuckoo_watch.h:44] 426ms in ProcessBatch(vk\aaaaab.batch) [including 15ms in LoadMessage; 2ms in InitializeSparseNdw; 180ms in InferThetaAndUpdateNwtSparse; 75ms in CalculateScore(PerplexityScore); 17ms in CalculateScore(SparsityThetaScore); 126ms in CalculateScore(^^^ItemsProcessedScore^^^); ]
I0506 17:50:36.051424 11604 processor.cc:830] Processor: complete processing batch 4b84a36e-29f9-4537-ba43-9c295743dc50 into model nwt
I0506 17:50:36.055426 11604 cuckoo_watch.h:44] 441ms in ProcessBatch(vk\aaaaad.batch) [including 31ms in LoadMessage; 3ms in InitializeSparseNdw; 123ms in InferThetaAndUpdateNwtSparse; 121ms in CalculateScore(PerplexityScore); 15ms in CalculateScore(SparsityThetaScore); 138ms in CalculateScore(^^^ItemsProcessedScore^^^); ]
I0506 17:50:36.062432 10896 processor.cc:742] Processor: start processing batch d3907409-8f45-4c19-87d8-cc1359870f5c into model nwt
I0506 17:50:36.068435 10236 processor.cc:830] Processor: complete processing batch fb769380-fe27-43a4-8c27-26f218018956 into model nwt
I0506 17:50:36.072438 10236 cuckoo_watch.h:44] 458ms in ProcessBatch(vk\aaaaaa.batch) [including 32ms in LoadMessage; 3ms in InitializeSparseNdw; 140ms in InferThetaAndUpdateNwtSparse; 128ms in CalculateScore(PerplexityScore); 17ms in CalculateScore(SparsityThetaScore); 128ms in CalculateScore(^^^ItemsProcessedScore^^^); ]
I0506 17:50:36.082522 10236 processor.cc:742] Processor: start processing batch ca3e3b1a-ae65-428c-aa60-f9cf7b0d968b into model nwt
I0506 17:50:36.098148 11604 processor.cc:742] Processor: start processing batch 6d2bbae5-0ad0-4d84-8d8a-18a9ba03b9ea into model nwt
I0506 17:50:36.356405  2828 processor.cc:830] Processor: complete processing batch 189461fd-5848-4217-99b1-4482b5666704 into model nwt
I0506 17:50:36.360409  2828 cuckoo_watch.h:44] 426ms in ProcessBatch(vk\aaaaae.batch) [including 17ms in LoadMessage; 2ms in InitializeSparseNdw; 136ms in InferThetaAndUpdateNwtSparse; 110ms in CalculateScore(PerplexityScore); 18ms in CalculateScore(SparsityThetaScore); 132ms in CalculateScore(^^^ItemsProcessedScore^^^); ]
I0506 17:50:36.368687  2828 processor.cc:742] Processor: start processing batch 460b4aeb-360f-42a2-8ab2-b81e20f0686a into model nwt
