I0506 16:27:07.026598  2908 cuckoo_watch.h:44] 301ms in ProcessBatch(vk\aaaaai.batch) [including 15ms in LoadMessage; 2ms in InitializeSparseNdw; 109ms in InferThetaAndUpdateNwtSparse; 79ms in CalculateScore(PerplexityScore); 14ms in CalculateScore(SparsityThetaScore); 73ms in CalculateScore(^^^ItemsProcessedScore^^^); ]
I0506 16:27:07.135978  8736 processor.cc:830] Processor: complete processing batch b9d34635-8ca1-46f9-b4a7-86526fe3e8c5 into model nwt
I0506 16:27:07.151604  8808 processor.cc:659] No data in processing queue, waiting...
I0506 16:27:07.151604  8736 cuckoo_watch.h:44] 312ms in ProcessBatch(vk\aaaaaj.batch) [including 18ms in LoadMessage; 4ms in InitializeSparseNdw; 118ms in InferThetaAndUpdateNwtSparse; 80ms in CalculateScore(PerplexityScore); 9ms in CalculateScore(SparsityThetaScore); 74ms in CalculateScore(^^^ItemsProcessedScore^^^); ]
I0506 16:27:07.167279  7308 master_component.cc:1200] RegularizeModelArgs: rwt_target_name=rwt, pwt_source_name=pwt, nwt_source_name=nwt
I0506 16:27:07.167279  7308 master_component.cc:785] MasterComponent: start regularizing model pwt
I0506 16:27:07.182873  4972 processor.cc:659] No data in processing queue, waiting...
I0506 16:27:07.323479  2908 processor.cc:659] No data in processing queue, waiting...
I0506 16:27:07.432878  7308 master_component.cc:808] MasterComponent: complete regularizing model pwt
I0506 16:27:07.432878  7308 master_component.cc:1211] NormalizeModelArgs: pwt_target_name=pwt, nwt_source_name=nwt, rwt_source_name=rwt
I0506 16:27:07.432878  7308 master_component.cc:812] MasterComponent: start normalizing model nwt
I0506 16:27:07.448500  8736 processor.cc:659] No data in processing queue, waiting...
I0506 16:27:07.589128  7308 master_component.cc:834] MasterComponent: complete normalizing model nwt
I0506 16:27:07.636003  7308 master_component.cc:1235] DisposeModel rwt
I0506 16:27:07.651630  7308 master_component.cc:858] FitOffline: ItemsProcessed, num_items=10001, num_batches=11, token_weight=2.1219e+06, token_weight_in_effect=2.1219e+06
I0506 16:27:07.714161  5688 c_interface.cc:523] Pass GetScoreValueArgs, score_name=^^^ItemsProcessedScore^^^ to MasterComponent::Request
I0506 16:27:07.714161  5688 c_interface.cc:205] ArtmCopyRequestedMessage is copying 54 bytes...
I0506 16:27:07.714161  7308 c_interface.cc:359] Pass FitOfflineMasterModelArgs, batch_filename_size=11, batch_weight_size=11, num_collection_passes=1 to void (__cdecl artm::core::MasterComponent::*)(class artm::FitOfflineMasterModelArgs const & __ptr64) __ptr64
I0506 16:27:07.714161  7308 master_component.cc:1162] ProcessBatchesArgs: nwt_target_name=nwt, batch_filename_size=11, batch_size=0, batch_weight_size=11, pwt_source_name=pwt, num_document_passes=1, regularizer=(name:SparseTheta, tau:-0.15), regularizer=(name:SparsePhi, tau:-0.1), regularizer=(name:DecorrelatorPhi, tau:150000), reuse_theta=no, opt_for_avx=yes, predict_class_id=
I0506 16:27:07.839164  4972 processor.cc:666] Processing queue has data, processing started
I0506 16:27:07.839164  2908 processor.cc:666] Processing queue has data, processing started
I0506 16:27:07.839164  8808 processor.cc:666] Processing queue has data, processing started
I0506 16:27:07.839164  8736 processor.cc:666] Processing queue has data, processing started
I0506 16:27:07.854737  8808 processor.cc:742] Processor: start processing batch c525ae55-9040-4a0a-bbab-83c85c734af8 into model nwt
I0506 16:27:07.854737  2908 processor.cc:742] Processor: start processing batch 9589b3a2-7003-43d8-9bdd-4c4958e1d462 into model nwt
I0506 16:27:07.854737  4972 processor.cc:742] Processor: start processing batch 4b84a36e-29f9-4537-ba43-9c295743dc50 into model nwt
I0506 16:27:07.854737  8736 processor.cc:742] Processor: start processing batch fb769380-fe27-43a4-8c27-26f218018956 into model nwt
I0506 16:27:08.104739  8808 processor.cc:830] Processor: complete processing batch c525ae55-9040-4a0a-bbab-83c85c734af8 into model nwt
I0506 16:27:08.104739  8808 cuckoo_watch.h:44] 273ms in ProcessBatch(vk\aaaaac.batch) [including 14ms in LoadMessage; 1ms in InitializeSparseNdw; 84ms in InferThetaAndUpdateNwtSparse; 61ms in CalculateScore(PerplexityScore); 17ms in CalculateScore(SparsityThetaScore); 87ms in CalculateScore(^^^ItemsProcessedScore^^^); ]
I0506 16:27:08.120364  8808 processor.cc:742] Processor: start processing batch 189461fd-5848-4217-99b1-4482b5666704 into model nwt
I0506 16:27:08.151615  2908 processor.cc:830] Processor: complete processing batch 9589b3a2-7003-43d8-9bdd-4c4958e1d462 into model nwt
I0506 16:27:08.151615  2908 cuckoo_watch.h:44] 317ms in ProcessBatch(vk\aaaaab.batch) [including 16ms in LoadMessage; 2ms in InitializeSparseNdw; 99ms in InferThetaAndUpdateNwtSparse; 75ms in CalculateScore(PerplexityScore); 17ms in CalculateScore(SparsityThetaScore); 98ms in CalculateScore(^^^ItemsProcessedScore^^^); ]
I0506 16:27:08.167239  8736 processor.cc:830] Processor: complete processing batch fb769380-fe27-43a4-8c27-26f218018956 into model nwt
I0506 16:27:08.167239  8736 cuckoo_watch.h:44] 334ms in ProcessBatch(vk\aaaaaa.batch) [including 17ms in LoadMessage; 3ms in InitializeSparseNdw; 104ms in InferThetaAndUpdateNwtSparse; 81ms in CalculateScore(PerplexityScore); 16ms in CalculateScore(SparsityThetaScore); 104ms in CalculateScore(^^^ItemsProcessedScore^^^); ]
I0506 16:27:08.167239  2908 processor.cc:742] Processor: start processing batch d3907409-8f45-4c19-87d8-cc1359870f5c into model nwt
I0506 16:27:08.182865  8736 processor.cc:742] Processor: start processing batch 6d2bbae5-0ad0-4d84-8d8a-18a9ba03b9ea into model nwt
I0506 16:27:08.198490  4972 processor.cc:830] Processor: complete processing batch 4b84a36e-29f9-4537-ba43-9c295743dc50 into model nwt
I0506 16:27:08.198490  4972 cuckoo_watch.h:44] 368ms in ProcessBatch(vk\aaaaad.batch) [including 16ms in LoadMessage; 3ms in InitializeSparseNdw; 110ms in InferThetaAndUpdateNwtSparse; 96ms in CalculateScore(PerplexityScore); 15ms in CalculateScore(SparsityThetaScore); 118ms in CalculateScore(^^^ItemsProcessedScore^^^); ]
I0506 16:27:08.214114  4972 processor.cc:742] Processor: start processing batch ca3e3b1a-ae65-428c-aa60-f9cf7b0d968b into model nwt
I0506 16:27:08.448493  8808 processor.cc:830] Processor: complete processing batch 189461fd-5848-4217-99b1-4482b5666704 into model nwt
I0506 16:27:08.448493  8808 cuckoo_watch.h:44] 340ms in ProcessBatch(vk\aaaaae.batch) [including 15ms in LoadMessage; 2ms in InitializeSparseNdw; 102ms in InferThetaAndUpdateNwtSparse; 84ms in CalculateScore(PerplexityScore); 16ms in CalculateScore(SparsityThetaScore); 111ms in CalculateScore(^^^ItemsProcessedScore^^^); ]
I0506 16:27:08.464118  8808 processor.cc:742] Processor: start processing batch 460b4aeb-360f-42a2-8ab2-b81e20f0686a into model nwt
I0506 16:27:08.557869  8736 processor.cc:830] Processor: complete processing batch 6d2bbae5-0ad0-4d84-8d8a-18a9ba03b9ea into model nwt
I0506 16:27:08.557869  2908 processor.cc:830] Processor: complete processing batch d3907409-8f45-4c19-87d8-cc1359870f5c into model nwt
I0506 16:27:08.557869  8736 cuckoo_watch.h:44] 387ms in ProcessBatch(vk\aaaaag.batch) [including 17ms in LoadMessage; 4ms in InitializeSparseNdw; 127ms in InferThetaAndUpdateNwtSparse; 88ms in CalculateScore(PerplexityScore); 15ms in CalculateScore(SparsityThetaScore); 126ms in CalculateScore(^^^ItemsProcessedScore^^^); ]
I0506 16:27:08.557869  2908 cuckoo_watch.h:44] 407ms in ProcessBatch(vk\aaaaaf.batch) [including 17ms in LoadMessage; 3ms in InitializeSparseNdw; 135ms in InferThetaAndUpdateNwtSparse; 93ms in CalculateScore(PerplexityScore); 17ms in CalculateScore(SparsityThetaScore); 131ms in CalculateScore(^^^ItemsProcessedScore^^^); ]
I0506 16:27:08.557869  2908 processor.cc:742] Processor: start processing batch d95599f6-ec39-4b14-80f4-2d07742592c0 into model nwt
I0506 16:27:08.557869  2908 processor.cc:830] Processor: complete processing batch d95599f6-ec39-4b14-80f4-2d07742592c0 into model nwt
I0506 16:27:08.557869  2908 cuckoo_watch.h:44] 3ms in ProcessBatch(vk\aaaaak.batch) [including 0ms in LoadMessage; 0ms in InitializeSparseNdw; 0ms in InferThetaAndUpdateNwtSparse; 0ms in CalculateScore(PerplexityScore); 0ms in CalculateScore(SparsityThetaScore); 0ms in CalculateScore(^^^ItemsProcessedScore^^^); ]
I0506 16:27:08.573493  8736 processor.cc:742] Processor: start processing batch b9d34635-8ca1-46f9-b4a7-86526fe3e8c5 into model nwt
I0506 16:27:08.604744  4972 processor.cc:830] Processor: complete processing batch ca3e3b1a-ae65-428c-aa60-f9cf7b0d968b into model nwt
I0506 16:27:08.604744  4972 cuckoo_watch.h:44] 406ms in ProcessBatch(vk\aaaaah.batch) [including 17ms in LoadMessage; 4ms in InitializeSparseNdw; 135ms in InferThetaAndUpdateNwtSparse; 97ms in CalculateScore(PerplexityScore); 17ms in CalculateScore(SparsityThetaScore); 125ms in CalculateScore(^^^ItemsProcessedScore^^^); ]
I0506 16:27:08.715163  5688 c_interface.cc:523] Pass GetScoreValueArgs, score_name=^^^ItemsProcessedScore^^^ to MasterComponent::Request
I0506 16:27:08.715163  5688 c_interface.cc:205] ArtmCopyRequestedMessage is copying 54 bytes...
I0506 16:27:08.746412  8808 processor.cc:830] Processor: complete processing batch 460b4aeb-360f-42a2-8ab2-b81e20f0686a into model nwt
I0506 16:27:08.746412  8808 cuckoo_watch.h:44] 303ms in ProcessBatch(vk\aaaaai.batch) [including 15ms in LoadMessage; 2ms in InitializeSparseNdw; 112ms in InferThetaAndUpdateNwtSparse; 79ms in CalculateScore(PerplexityScore); 11ms in CalculateScore(SparsityThetaScore); 75ms in CalculateScore(^^^ItemsProcessedScore^^^); ]
I0506 16:27:08.824556  2908 processor.cc:659] No data in processing queue, waiting...
I0506 16:27:08.855808  8736 processor.cc:830] Processor: complete processing batch b9d34635-8ca1-46f9-b4a7-86526fe3e8c5 into model nwt
I0506 16:27:08.855808  8736 cuckoo_watch.h:44] 302ms in ProcessBatch(vk\aaaaaj.batch) [including 18ms in LoadMessage; 4ms in InitializeSparseNdw; 121ms in InferThetaAndUpdateNwtSparse; 68ms in CalculateScore(PerplexityScore); 8ms in CalculateScore(SparsityThetaScore); 72ms in CalculateScore(^^^ItemsProcessedScore^^^); ]
I0506 16:27:08.871465  4972 processor.cc:659] No data in processing queue, waiting...
I0506 16:27:08.871465  7308 master_component.cc:1200] RegularizeModelArgs: rwt_target_name=rwt, pwt_source_name=pwt, nwt_source_name=nwt
I0506 16:27:08.871465  7308 master_component.cc:785] MasterComponent: start regularizing model pwt
I0506 16:27:09.043292  8808 processor.cc:659] No data in processing queue, waiting...
I0506 16:27:09.137061  7308 master_component.cc:808] MasterComponent: complete regularizing model pwt
I0506 16:27:09.137061  7308 master_component.cc:1211] NormalizeModelArgs: pwt_target_name=pwt, nwt_source_name=nwt, rwt_source_name=rwt
I0506 16:27:09.137061  7308 master_component.cc:812] MasterComponent: start normalizing model nwt
I0506 16:27:09.152684  8736 processor.cc:659] No data in processing queue, waiting...
I0506 16:27:09.293314  7308 master_component.cc:834] MasterComponent: complete normalizing model nwt
I0506 16:27:09.340188  7308 master_component.cc:1235] DisposeModel rwt
I0506 16:27:09.355792  7308 master_component.cc:858] FitOffline: ItemsProcessed, num_items=10001, num_batches=11, token_weight=2.1219e+06, token_weight_in_effect=2.1219e+06
I0506 16:27:09.418347  5688 c_interface.cc:523] Pass GetScoreValueArgs, score_name=^^^ItemsProcessedScore^^^ to MasterComponent::Request
I0506 16:27:09.418347  5688 c_interface.cc:205] ArtmCopyRequestedMessage is copying 54 bytes...
I0506 16:27:09.418347  7308 c_interface.cc:359] Pass FitOfflineMasterModelArgs, batch_filename_size=11, batch_weight_size=11, num_collection_passes=1 to void (__cdecl artm::core::MasterComponent::*)(class artm::FitOfflineMasterModelArgs const & __ptr64) __ptr64
I0506 16:27:09.418347  7308 master_component.cc:1162] ProcessBatchesArgs: nwt_target_name=nwt, batch_filename_size=11, batch_size=0, batch_weight_size=11, pwt_source_name=pwt, num_document_passes=1, regularizer=(name:SparseTheta, tau:-0.15), regularizer=(name:SparsePhi, tau:-0.1), regularizer=(name:DecorrelatorPhi, tau:150000), reuse_theta=no, opt_for_avx=yes, predict_class_id=
I0506 16:27:09.574584  8736 processor.cc:666] Processing queue has data, processing started
I0506 16:27:09.574584  4972 processor.cc:666] Processing queue has data, processing started
I0506 16:27:09.574584  8808 processor.cc:666] Processing queue has data, processing started
I0506 16:27:09.574584  2908 processor.cc:666] Processing queue has data, processing started
I0506 16:27:09.590171  8808 processor.cc:742] Processor: start processing batch c525ae55-9040-4a0a-bbab-83c85c734af8 into model nwt
I0506 16:27:09.590171  8736 processor.cc:742] Processor: start processing batch fb769380-fe27-43a4-8c27-26f218018956 into model nwt
I0506 16:27:09.590171  2908 processor.cc:742] Processor: start processing batch 4b84a36e-29f9-4537-ba43-9c295743dc50 into model nwt
I0506 16:27:09.590171  4972 processor.cc:742] Processor: start processing batch 9589b3a2-7003-43d8-9bdd-4c4958e1d462 into model nwt
I0506 16:27:09.840175  8808 processor.cc:830] Processor: complete processing batch c525ae55-9040-4a0a-bbab-83c85c734af8 into model nwt
I0506 16:27:09.840175  8808 cuckoo_watch.h:44] 271ms in ProcessBatch(vk\aaaaac.batch) [including 14ms in LoadMessage; 2ms in InitializeSparseNdw; 85ms in InferThetaAndUpdateNwtSparse; 63ms in CalculateScore(PerplexityScore); 16ms in CalculateScore(SparsityThetaScore); 81ms in CalculateScore(^^^ItemsProcessedScore^^^); ]
I0506 16:27:09.855800  8808 processor.cc:742] Processor: start processing batch 189461fd-5848-4217-99b1-4482b5666704 into model nwt
I0506 16:27:09.871425  4972 processor.cc:830] Processor: complete processing batch 9589b3a2-7003-43d8-9bdd-4c4958e1d462 into model nwt
I0506 16:27:09.887050  4972 cuckoo_watch.h:44] 313ms in ProcessBatch(vk\aaaaab.batch) [including 17ms in LoadMessage; 2ms in InitializeSparseNdw; 97ms in InferThetaAndUpdateNwtSparse; 73ms in CalculateScore(PerplexityScore); 18ms in CalculateScore(SparsityThetaScore); 94ms in CalculateScore(^^^ItemsProcessedScore^^^); ]
I0506 16:27:09.887050  8736 processor.cc:830] Processor: complete processing batch fb769380-fe27-43a4-8c27-26f218018956 into model nwt
I0506 16:27:09.902674  8736 cuckoo_watch.h:44] 328ms in ProcessBatch(vk\aaaaaa.batch) [including 16ms in LoadMessage; 3ms in InitializeSparseNdw; 103ms in InferThetaAndUpdateNwtSparse; 77ms in CalculateScore(PerplexityScore); 17ms in CalculateScore(SparsityThetaScore); 103ms in CalculateScore(^^^ItemsProcessedScore^^^); ]
I0506 16:27:09.902674  4972 processor.cc:742] Processor: start processing batch d3907409-8f45-4c19-87d8-cc1359870f5c into model nwt
I0506 16:27:09.918300  8736 processor.cc:742] Processor: start processing batch 6d2bbae5-0ad0-4d84-8d8a-18a9ba03b9ea into model nwt
I0506 16:27:09.918300  2908 processor.cc:830] Processor: complete processing batch 4b84a36e-29f9-4537-ba43-9c295743dc50 into model nwt
I0506 16:27:09.918300  2908 cuckoo_watch.h:44] 355ms in ProcessBatch(vk\aaaaad.batch) [including 16ms in LoadMessage; 3ms in InitializeSparseNdw; 115ms in InferThetaAndUpdateNwtSparse; 81ms in CalculateScore(PerplexityScore); 16ms in CalculateScore(SparsityThetaScore); 114ms in CalculateScore(^^^ItemsProcessedScore^^^); ]
I0506 16:27:09.949551  2908 processor.cc:742] Processor: start processing batch ca3e3b1a-ae65-428c-aa60-f9cf7b0d968b into model nwt
I0506 16:27:10.183928  8808 processor.cc:830] Processor: complete processing batch 189461fd-5848-4217-99b1-4482b5666704 into model nwt
I0506 16:27:10.199553  8808 cuckoo_watch.h:44] 353ms in ProcessBatch(vk\aaaaae.batch) [including 15ms in LoadMessage; 2ms in InitializeSparseNdw; 103ms in InferThetaAndUpdateNwtSparse; 88ms in CalculateScore(PerplexityScore); 16ms in CalculateScore(SparsityThetaScore); 120ms in CalculateScore(^^^ItemsProcessedScore^^^); ]
I0506 16:27:10.215178  8808 processor.cc:742] Processor: start processing batch 460b4aeb-360f-42a2-8ab2-b81e20f0686a into model nwt
I0506 16:27:10.277679  4972 processor.cc:830] Processor: complete processing batch d3907409-8f45-4c19-87d8-cc1359870f5c into model nwt
I0506 16:27:10.277679  8736 processor.cc:830] Processor: complete processing batch 6d2bbae5-0ad0-4d84-8d8a-18a9ba03b9ea into model nwt
I0506 16:27:10.277679  4972 cuckoo_watch.h:44] 401ms in ProcessBatch(vk\aaaaaf.batch) [including 19ms in LoadMessage; 4ms in InitializeSparseNdw; 133ms in InferThetaAndUpdateNwtSparse; 92ms in CalculateScore(PerplexityScore); 19ms in CalculateScore(SparsityThetaScore); 125ms in CalculateScore(^^^ItemsProcessedScore^^^); ]
I0506 16:27:10.277679  8736 cuckoo_watch.h:44] 388ms in ProcessBatch(vk\aaaaag.batch) [including 17ms in LoadMessage; 4ms in InitializeSparseNdw; 122ms in InferThetaAndUpdateNwtSparse; 95ms in CalculateScore(PerplexityScore); 17ms in CalculateScore(SparsityThetaScore); 124ms in CalculateScore(^^^ItemsProcessedScore^^^); ]
I0506 16:27:10.293305  8736 processor.cc:742] Processor: start processing batch d95599f6-ec39-4b14-80f4-2d07742592c0 into model nwt
I0506 16:27:10.293305  8736 processor.cc:830] Processor: complete processing batch d95599f6-ec39-4b14-80f4-2d07742592c0 into model nwt
I0506 16:27:10.293305  8736 cuckoo_watch.h:44] 3ms in ProcessBatch(vk\aaaaak.batch) [including 0ms in LoadMessage; 0ms in InitializeSparseNdw; 0ms in InferThetaAndUpdateNwtSparse; 0ms in CalculateScore(PerplexityScore); 0ms in CalculateScore(SparsityThetaScore); 0ms in CalculateScore(^^^ItemsProcessedScore^^^); ]
I0506 16:27:10.308930  4972 processor.cc:742] Processor: start processing batch b9d34635-8ca1-46f9-b4a7-86526fe3e8c5 into model nwt
I0506 16:27:10.340180  2908 processor.cc:830] Processor: complete processing batch ca3e3b1a-ae65-428c-aa60-f9cf7b0d968b into model nwt
I0506 16:27:10.340180  2908 cuckoo_watch.h:44] 419ms in ProcessBatch(vk\aaaaah.batch) [including 18ms in LoadMessage; 4ms in InitializeSparseNdw; 139ms in InferThetaAndUpdateNwtSparse; 98ms in CalculateScore(PerplexityScore); 18ms in CalculateScore(SparsityThetaScore); 134ms in CalculateScore(^^^ItemsProcessedScore^^^); ]
I0506 16:27:10.418309  5688 c_interface.cc:523] Pass GetScoreValueArgs, score_name=^^^ItemsProcessedScore^^^ to MasterComponent::Request
I0506 16:27:10.418309  5688 c_interface.cc:205] ArtmCopyRequestedMessage is copying 54 bytes...
I0506 16:27:10.480809  8808 processor.cc:830] Processor: complete processing batch 460b4aeb-360f-42a2-8ab2-b81e20f0686a into model nwt
I0506 16:27:10.480809  8808 cuckoo_watch.h:44] 290ms in ProcessBatch(vk\aaaaai.batch) [including 15ms in LoadMessage; 2ms in InitializeSparseNdw; 113ms in InferThetaAndUpdateNwtSparse; 69ms in CalculateScore(PerplexityScore); 9ms in CalculateScore(SparsityThetaScore); 74ms in CalculateScore(^^^ItemsProcessedScore^^^); ]
I0506 16:27:10.590185  8736 processor.cc:659] No data in processing queue, waiting...
I0506 16:27:10.590185  4972 processor.cc:830] Processor: complete processing batch b9d34635-8ca1-46f9-b4a7-86526fe3e8c5 into model nwt
I0506 16:27:10.590185  4972 cuckoo_watch.h:44] 302ms in ProcessBatch(vk\aaaaaj.batch) [including 18ms in LoadMessage; 4ms in InitializeSparseNdw; 108ms in InferThetaAndUpdateNwtSparse; 78ms in CalculateScore(PerplexityScore); 9ms in CalculateScore(SparsityThetaScore); 78ms in CalculateScore(^^^ItemsProcessedScore^^^); ]
I0506 16:27:10.605845  7308 master_component.cc:1200] RegularizeModelArgs: rwt_target_name=rwt, pwt_source_name=pwt, nwt_source_name=nwt
I0506 16:27:10.605845  7308 master_component.cc:785] MasterComponent: start regularizing model pwt
I0506 16:27:10.637076  2908 processor.cc:659] No data in processing queue, waiting...
I0506 16:27:10.777703  8808 processor.cc:659] No data in processing queue, waiting...
I0506 16:27:10.822041  4972 processor.cc:659] No data in processing queue, waiting...
I0506 16:27:10.877744  7308 master_component.cc:808] MasterComponent: complete regularizing model pwt
I0506 16:27:10.877744  7308 master_component.cc:1211] NormalizeModelArgs: pwt_target_name=pwt, nwt_source_name=nwt, rwt_source_name=rwt
I0506 16:27:10.877744  7308 master_component.cc:812] MasterComponent: start normalizing model nwt
I0506 16:27:11.042249  7308 master_component.cc:834] MasterComponent: complete normalizing model nwt
I0506 16:27:11.104746  7308 master_component.cc:1235] DisposeModel rwt
I0506 16:27:11.120370  7308 master_component.cc:858] FitOffline: ItemsProcessed, num_items=10001, num_batches=11, token_weight=2.1219e+06, token_weight_in_effect=2.1219e+06
I0506 16:27:11.167299  5688 c_interface.cc:523] Pass GetScoreValueArgs, score_name=^^^ItemsProcessedScore^^^ to MasterComponent::Request
I0506 16:27:11.167299  5688 c_interface.cc:205] ArtmCopyRequestedMessage is copying 54 bytes...
I0506 16:27:11.167299  7308 c_interface.cc:359] Pass FitOfflineMasterModelArgs, batch_filename_size=11, batch_weight_size=11, num_collection_passes=1 to void (__cdecl artm::core::MasterComponent::*)(class artm::FitOfflineMasterModelArgs const & __ptr64) __ptr64
I0506 16:27:11.167299  7308 master_component.cc:1162] ProcessBatchesArgs: nwt_target_name=nwt, batch_filename_size=11, batch_size=0, batch_weight_size=11, pwt_source_name=pwt, num_document_passes=1, regularizer=(name:SparseTheta, tau:-0.15), regularizer=(name:SparsePhi, tau:-0.1), regularizer=(name:DecorrelatorPhi, tau:150000), reuse_theta=no, opt_for_avx=yes, predict_class_id=
I0506 16:27:11.292266  8808 processor.cc:666] Processing queue has data, processing started
I0506 16:27:11.292266  4972 processor.cc:666] Processing queue has data, processing started
I0506 16:27:11.292266  2908 processor.cc:666] Processing queue has data, processing started
I0506 16:27:11.292266  8736 processor.cc:666] Processing queue has data, processing started
I0506 16:27:11.307874  2908 processor.cc:742] Processor: start processing batch c525ae55-9040-4a0a-bbab-83c85c734af8 into model nwt
I0506 16:27:11.307874  4972 processor.cc:742] Processor: start processing batch 9589b3a2-7003-43d8-9bdd-4c4958e1d462 into model nwt
I0506 16:27:11.307874  8808 processor.cc:742] Processor: start processing batch fb769380-fe27-43a4-8c27-26f218018956 into model nwt
I0506 16:27:11.307874  8736 processor.cc:742] Processor: start processing batch 4b84a36e-29f9-4537-ba43-9c295743dc50 into model nwt
I0506 16:27:11.557878  2908 processor.cc:830] Processor: complete processing batch c525ae55-9040-4a0a-bbab-83c85c734af8 into model nwt
I0506 16:27:11.557878  2908 cuckoo_watch.h:44] 278ms in ProcessBatch(vk\aaaaac.batch) [including 13ms in LoadMessage; 2ms in InitializeSparseNdw; 85ms in InferThetaAndUpdateNwtSparse; 62ms in CalculateScore(PerplexityScore); 15ms in CalculateScore(SparsityThetaScore); 91ms in CalculateScore(^^^ItemsProcessedScore^^^); ]
I0506 16:27:11.573501  2908 processor.cc:742] Processor: start processing batch 189461fd-5848-4217-99b1-4482b5666704 into model nwt
I0506 16:27:11.636003  4972 processor.cc:830] Processor: complete processing batch 9589b3a2-7003-43d8-9bdd-4c4958e1d462 into model nwt
I0506 16:27:11.636003  4972 cuckoo_watch.h:44] 348ms in ProcessBatch(vk\aaaaab.batch) [including 15ms in LoadMessage; 2ms in InitializeSparseNdw; 101ms in InferThetaAndUpdateNwtSparse; 74ms in CalculateScore(PerplexityScore); 17ms in CalculateScore(SparsityThetaScore); 129ms in CalculateScore(^^^ItemsProcessedScore^^^); ]
I0506 16:27:11.636003  8808 processor.cc:830] Processor: complete processing batch fb769380-fe27-43a4-8c27-26f218018956 into model nwt
I0506 16:27:11.636003  8808 cuckoo_watch.h:44] 355ms in ProcessBatch(vk\aaaaaa.batch) [including 16ms in LoadMessage; 3ms in InitializeSparseNdw; 105ms in InferThetaAndUpdateNwtSparse; 81ms in CalculateScore(PerplexityScore); 17ms in CalculateScore(SparsityThetaScore); 124ms in CalculateScore(^^^ItemsProcessedScore^^^); ]
I0506 16:27:11.651628  4972 processor.cc:742] Processor: start processing batch d3907409-8f45-4c19-87d8-cc1359870f5c into model nwt
I0506 16:27:11.667253  8808 processor.cc:742] Processor: start processing batch 6d2bbae5-0ad0-4d84-8d8a-18a9ba03b9ea into model nwt
I0506 16:27:11.667253  8736 processor.cc:830] Processor: complete processing batch 4b84a36e-29f9-4537-ba43-9c295743dc50 into model nwt
I0506 16:27:11.667253  8736 cuckoo_watch.h:44] 386ms in ProcessBatch(vk\aaaaad.batch) [including 16ms in LoadMessage; 3ms in InitializeSparseNdw; 116ms in InferThetaAndUpdateNwtSparse; 89ms in CalculateScore(PerplexityScore); 15ms in CalculateScore(SparsityThetaScore); 139ms in CalculateScore(^^^ItemsProcessedScore^^^); ]
I0506 16:27:11.698504  8736 processor.cc:742] Processor: start processing batch ca3e3b1a-ae65-428c-aa60-f9cf7b0d968b into model nwt
I0506 16:27:11.979758  2908 processor.cc:830] Processor: complete processing batch 189461fd-5848-4217-99b1-4482b5666704 into model nwt
I0506 16:27:11.979758  2908 cuckoo_watch.h:44] 414ms in ProcessBatch(vk\aaaaae.batch) [including 15ms in LoadMessage; 2ms in InitializeSparseNdw; 126ms in InferThetaAndUpdateNwtSparse; 105ms in CalculateScore(PerplexityScore); 16ms in CalculateScore(SparsityThetaScore); 141ms in CalculateScore(^^^ItemsProcessedScore^^^); ]
I0506 16:27:12.011006  2908 processor.cc:742] Processor: start processing batch 460b4aeb-360f-42a2-8ab2-b81e20f0686a into model nwt
I0506 16:27:12.151633  8808 processor.cc:830] Processor: complete processing batch 6d2bbae5-0ad0-4d84-8d8a-18a9ba03b9ea into model nwt
I0506 16:27:12.151633  4972 processor.cc:830] Processor: complete processing batch d3907409-8f45-4c19-87d8-cc1359870f5c into model nwt
I0506 16:27:12.151633  8808 cuckoo_watch.h:44] 515ms in ProcessBatch(vk\aaaaag.batch) [including 18ms in LoadMessage; 4ms in InitializeSparseNdw; 142ms in InferThetaAndUpdateNwtSparse; 124ms in CalculateScore(PerplexityScore); 16ms in CalculateScore(SparsityThetaScore); 185ms in CalculateScore(^^^ItemsProcessedScore^^^); ]
I0506 16:27:12.151633  4972 cuckoo_watch.h:44] 524ms in ProcessBatch(vk\aaaaaf.batch) [including 18ms in LoadMessage; 4ms in InitializeSparseNdw; 152ms in InferThetaAndUpdateNwtSparse; 120ms in CalculateScore(PerplexityScore); 24ms in CalculateScore(SparsityThetaScore); 197ms in CalculateScore(^^^ItemsProcessedScore^^^); ]
I0506 16:27:12.167259  4972 processor.cc:742] Processor: start processing batch d95599f6-ec39-4b14-80f4-2d07742592c0 into model nwt
I0506 16:27:12.167259  4972 processor.cc:830] Processor: complete processing batch d95599f6-ec39-4b14-80f4-2d07742592c0 into model nwt
I0506 16:27:12.167259  4972 cuckoo_watch.h:44] 3ms in ProcessBatch(vk\aaaaak.batch) [including 0ms in LoadMessage; 0ms in InitializeSparseNdw; 0ms in InferThetaAndUpdateNwtSparse; 0ms in CalculateScore(PerplexityScore); 0ms in CalculateScore(SparsityThetaScore); 0ms in CalculateScore(^^^ItemsProcessedScore^^^); ]
I0506 16:27:12.167259  5688 c_interface.cc:523] Pass GetScoreValueArgs, score_name=^^^ItemsProcessedScore^^^ to MasterComponent::Request
I0506 16:27:12.167259  5688 c_interface.cc:205] ArtmCopyRequestedMessage is copying 54 bytes...
I0506 16:27:12.182883  8808 processor.cc:742] Processor: start processing batch b9d34635-8ca1-46f9-b4a7-86526fe3e8c5 into model nwt
I0506 16:27:12.182883  8736 processor.cc:830] Processor: complete processing batch ca3e3b1a-ae65-428c-aa60-f9cf7b0d968b into model nwt
I0506 16:27:12.182883  8736 cuckoo_watch.h:44] 511ms in ProcessBatch(vk\aaaaah.batch) [including 17ms in LoadMessage; 3ms in InitializeSparseNdw; 181ms in InferThetaAndUpdateNwtSparse; 140ms in CalculateScore(PerplexityScore); 18ms in CalculateScore(SparsityThetaScore); 140ms in CalculateScore(^^^ItemsProcessedScore^^^); ]
I0506 16:27:12.408958  4972 processor.cc:659] No data in processing queue, waiting...
I0506 16:27:12.410959  8736 processor.cc:659] No data in processing queue, waiting...
I0506 16:27:12.412961  2908 processor.cc:830] Processor: complete processing batch 460b4aeb-360f-42a2-8ab2-b81e20f0686a into model nwt
I0506 16:27:12.415963  2908 cuckoo_watch.h:44] 431ms in ProcessBatch(vk\aaaaai.batch) [including 36ms in LoadMessage; 3ms in InitializeSparseNdw; 160ms in InferThetaAndUpdateNwtSparse; 90ms in CalculateScore(PerplexityScore); 17ms in CalculateScore(SparsityThetaScore); 115ms in CalculateScore(^^^ItemsProcessedScore^^^); ]
I0506 16:27:12.453989  2908 processor.cc:659] No data in processing queue, waiting...
I0506 16:27:12.594434  8808 processor.cc:830] Processor: complete processing batch b9d34635-8ca1-46f9-b4a7-86526fe3e8c5 into model nwt
I0506 16:27:12.598435  8808 cuckoo_watch.h:44] 436ms in ProcessBatch(vk\aaaaaj.batch) [including 19ms in LoadMessage; 4ms in InitializeSparseNdw; 138ms in InferThetaAndUpdateNwtSparse; 118ms in CalculateScore(PerplexityScore); 16ms in CalculateScore(SparsityThetaScore); 131ms in CalculateScore(^^^ItemsProcessedScore^^^); ]
I0506 16:27:12.598435  7308 master_component.cc:1200] RegularizeModelArgs: rwt_target_name=rwt, pwt_source_name=pwt, nwt_source_name=nwt
I0506 16:27:12.598435  7308 master_component.cc:785] MasterComponent: start regularizing model pwt
I0506 16:27:12.678494  8808 processor.cc:659] No data in processing queue, waiting...
I0506 16:27:13.167840  5688 c_interface.cc:523] Pass GetScoreValueArgs, score_name=^^^ItemsProcessedScore^^^ to MasterComponent::Request
I0506 16:27:13.167840  5688 c_interface.cc:205] ArtmCopyRequestedMessage is copying 54 bytes...
I0506 16:27:13.198861  7308 master_component.cc:808] MasterComponent: complete regularizing model pwt
I0506 16:27:13.198861  7308 master_component.cc:1211] NormalizeModelArgs: pwt_target_name=pwt, nwt_source_name=nwt, rwt_source_name=rwt
I0506 16:27:13.198861  7308 master_component.cc:812] MasterComponent: start normalizing model nwt
I0506 16:27:13.486064  7308 master_component.cc:834] MasterComponent: complete normalizing model nwt
I0506 16:27:13.591140  7308 master_component.cc:1235] DisposeModel rwt
I0506 16:27:13.627166  7308 master_component.cc:858] FitOffline: ItemsProcessed, num_items=10001, num_batches=11, token_weight=2.1219e+06, token_weight_in_effect=2.1219e+06
I0506 16:27:13.651182  5688 c_interface.cc:523] Pass GetScoreValueArgs, score_name=^^^ItemsProcessedScore^^^ to MasterComponent::Request
I0506 16:27:13.651182  5688 c_interface.cc:205] ArtmCopyRequestedMessage is copying 54 bytes...
I0506 16:27:13.652184  7308 c_interface.cc:359] Pass FitOfflineMasterModelArgs, batch_filename_size=11, batch_weight_size=11, num_collection_passes=1 to void (__cdecl artm::core::MasterComponent::*)(class artm::FitOfflineMasterModelArgs const & __ptr64) __ptr64
I0506 16:27:13.652184  7308 master_component.cc:1162] ProcessBatchesArgs: nwt_target_name=nwt, batch_filename_size=11, batch_size=0, batch_weight_size=11, pwt_source_name=pwt, num_document_passes=1, regularizer=(name:SparseTheta, tau:-0.15), regularizer=(name:SparsePhi, tau:-0.1), regularizer=(name:DecorrelatorPhi, tau:150000), reuse_theta=no, opt_for_avx=yes, predict_class_id=
I0506 16:27:13.789279  8736 processor.cc:666] Processing queue has data, processing started
I0506 16:27:13.791281  4972 processor.cc:666] Processing queue has data, processing started
I0506 16:27:13.797286  8808 processor.cc:666] Processing queue has data, processing started
I0506 16:27:13.797286  2908 processor.cc:666] Processing queue has data, processing started
I0506 16:27:13.812299  8736 processor.cc:742] Processor: start processing batch fb769380-fe27-43a4-8c27-26f218018956 into model nwt
I0506 16:27:13.819301  2908 processor.cc:742] Processor: start processing batch 4b84a36e-29f9-4537-ba43-9c295743dc50 into model nwt
I0506 16:27:13.824306  4972 processor.cc:742] Processor: start processing batch 9589b3a2-7003-43d8-9bdd-4c4958e1d462 into model nwt
I0506 16:27:13.825306  8808 processor.cc:742] Processor: start processing batch c525ae55-9040-4a0a-bbab-83c85c734af8 into model nwt
I0506 16:27:14.265617  8808 processor.cc:830] Processor: complete processing batch c525ae55-9040-4a0a-bbab-83c85c734af8 into model nwt
I0506 16:27:14.268620  8808 cuckoo_watch.h:44] 471ms in ProcessBatch(vk\aaaaac.batch) [including 17ms in LoadMessage; 6ms in InitializeSparseNdw; 119ms in InferThetaAndUpdateNwtSparse; 107ms in CalculateScore(PerplexityScore); 43ms in CalculateScore(SparsityThetaScore); 163ms in CalculateScore(^^^ItemsProcessedScore^^^); ]
I0506 16:27:14.289635  8808 processor.cc:742] Processor: start processing batch 189461fd-5848-4217-99b1-4482b5666704 into model nwt
I0506 16:27:14.340672  4972 processor.cc:830] Processor: complete processing batch 9589b3a2-7003-43d8-9bdd-4c4958e1d462 into model nwt
I0506 16:27:14.344673  4972 cuckoo_watch.h:44] 553ms in ProcessBatch(vk\aaaaab.batch) [including 30ms in LoadMessage; 2ms in InitializeSparseNdw; 131ms in InferThetaAndUpdateNwtSparse; 180ms in CalculateScore(PerplexityScore); 17ms in CalculateScore(SparsityThetaScore); 183ms in CalculateScore(^^^ItemsProcessedScore^^^); ]
I0506 16:27:14.351680  8736 processor.cc:830] Processor: complete processing batch fb769380-fe27-43a4-8c27-26f218018956 into model nwt
I0506 16:27:14.363687  8736 cuckoo_watch.h:44] 575ms in ProcessBatch(vk\aaaaaa.batch) [including 19ms in LoadMessage; 3ms in InitializeSparseNdw; 167ms in InferThetaAndUpdateNwtSparse; 153ms in CalculateScore(PerplexityScore); 21ms in CalculateScore(SparsityThetaScore); 192ms in CalculateScore(^^^ItemsProcessedScore^^^); ]
I0506 16:27:14.366690  4972 processor.cc:742] Processor: start processing batch d3907409-8f45-4c19-87d8-cc1359870f5c into model nwt
I0506 16:27:14.412724  8736 processor.cc:742] Processor: start processing batch 6d2bbae5-0ad0-4d84-8d8a-18a9ba03b9ea into model nwt
I0506 16:27:14.474767  2908 processor.cc:830] Processor: complete processing batch 4b84a36e-29f9-4537-ba43-9c295743dc50 into model nwt
I0506 16:27:14.478770  2908 cuckoo_watch.h:44] 680ms in ProcessBatch(vk\aaaaad.batch) [including 18ms in LoadMessage; 2ms in InitializeSparseNdw; 206ms in InferThetaAndUpdateNwtSparse; 211ms in CalculateScore(PerplexityScore); 16ms in CalculateScore(SparsityThetaScore); 217ms in CalculateScore(^^^ItemsProcessedScore^^^); ]
I0506 16:27:14.508790  2908 processor.cc:742] Processor: start processing batch ca3e3b1a-ae65-428c-aa60-f9cf7b0d968b into model nwt
I0506 16:27:14.681913  5688 c_interface.cc:523] Pass GetScoreValueArgs, score_name=^^^ItemsProcessedScore^^^ to MasterComponent::Request
I0506 16:27:14.681913  5688 c_interface.cc:205] ArtmCopyRequestedMessage is copying 54 bytes...
I0506 16:27:14.806001  8808 processor.cc:830] Processor: complete processing batch 189461fd-5848-4217-99b1-4482b5666704 into model nwt
I0506 16:27:14.832020  8808 cuckoo_watch.h:44] 563ms in ProcessBatch(vk\aaaaae.batch) [including 17ms in LoadMessage; 6ms in InitializeSparseNdw; 174ms in InferThetaAndUpdateNwtSparse; 143ms in CalculateScore(PerplexityScore); 19ms in CalculateScore(SparsityThetaScore); 171ms in CalculateScore(^^^ItemsProcessedScore^^^); ]
I0506 16:27:14.853035  8808 processor.cc:742] Processor: start processing batch 460b4aeb-360f-42a2-8ab2-b81e20f0686a into model nwt
I0506 16:27:14.929088  4972 processor.cc:830] Processor: complete processing batch d3907409-8f45-4c19-87d8-cc1359870f5c into model nwt
I0506 16:27:14.932090  4972 cuckoo_watch.h:44] 587ms in ProcessBatch(vk\aaaaaf.batch) [including 18ms in LoadMessage; 4ms in InitializeSparseNdw; 190ms in InferThetaAndUpdateNwtSparse; 159ms in CalculateScore(PerplexityScore); 20ms in CalculateScore(SparsityThetaScore); 185ms in CalculateScore(^^^ItemsProcessedScore^^^); ]
I0506 16:27:14.967116  4972 processor.cc:742] Processor: start processing batch b9d34635-8ca1-46f9-b4a7-86526fe3e8c5 into model nwt
I0506 16:27:15.017150  8736 processor.cc:830] Processor: complete processing batch 6d2bbae5-0ad0-4d84-8d8a-18a9ba03b9ea into model nwt
I0506 16:27:15.021153  8736 cuckoo_watch.h:44] 656ms in ProcessBatch(vk\aaaaag.batch) [including 45ms in LoadMessage; 4ms in InitializeSparseNdw; 186ms in InferThetaAndUpdateNwtSparse; 153ms in CalculateScore(PerplexityScore); 33ms in CalculateScore(SparsityThetaScore); 224ms in CalculateScore(^^^ItemsProcessedScore^^^); ]
I0506 16:27:15.024157  8736 processor.cc:742] Processor: start processing batch d95599f6-ec39-4b14-80f4-2d07742592c0 into model nwt
I0506 16:27:15.024157  8736 processor.cc:830] Processor: complete processing batch d95599f6-ec39-4b14-80f4-2d07742592c0 into model nwt
I0506 16:27:15.024157  8736 cuckoo_watch.h:44] 3ms in ProcessBatch(vk\aaaaak.batch) [including 0ms in LoadMessage; 0ms in InitializeSparseNdw; 0ms in InferThetaAndUpdateNwtSparse; 0ms in CalculateScore(PerplexityScore); 0ms in CalculateScore(SparsityThetaScore); 0ms in CalculateScore(^^^ItemsProcessedScore^^^); ]
I0506 16:27:15.128232  2908 processor.cc:830] Processor: complete processing batch ca3e3b1a-ae65-428c-aa60-f9cf7b0d968b into model nwt
I0506 16:27:15.132233  2908 cuckoo_watch.h:44] 653ms in ProcessBatch(vk\aaaaah.batch) [including 27ms in LoadMessage; 4ms in InitializeSparseNdw; 218ms in InferThetaAndUpdateNwtSparse; 151ms in CalculateScore(PerplexityScore); 18ms in CalculateScore(SparsityThetaScore); 224ms in CalculateScore(^^^ItemsProcessedScore^^^); ]
I0506 16:27:15.185271  8736 processor.cc:659] No data in processing queue, waiting...
I0506 16:27:15.191274  2908 processor.cc:659] No data in processing queue, waiting...
I0506 16:27:15.530515  8808 processor.cc:830] Processor: complete processing batch 460b4aeb-360f-42a2-8ab2-b81e20f0686a into model nwt
I0506 16:27:15.534518  8808 cuckoo_watch.h:44] 702ms in ProcessBatch(vk\aaaaai.batch) [including 17ms in LoadMessage; 2ms in InitializeSparseNdw; 180ms in InferThetaAndUpdateNwtSparse; 138ms in CalculateScore(PerplexityScore); 20ms in CalculateScore(SparsityThetaScore); 332ms in CalculateScore(^^^ItemsProcessedScore^^^); ]
I0506 16:27:15.693630  5688 c_interface.cc:523] Pass GetScoreValueArgs, score_name=^^^ItemsProcessedScore^^^ to MasterComponent::Request
I0506 16:27:15.694631  5688 c_interface.cc:205] ArtmCopyRequestedMessage is copying 54 bytes...
I0506 16:27:15.814716  4972 processor.cc:830] Processor: complete processing batch b9d34635-8ca1-46f9-b4a7-86526fe3e8c5 into model nwt
I0506 16:27:15.820720  4972 cuckoo_watch.h:44] 888ms in ProcessBatch(vk\aaaaaj.batch) [including 32ms in LoadMessage; 5ms in InitializeSparseNdw; 214ms in InferThetaAndUpdateNwtSparse; 334ms in CalculateScore(PerplexityScore); 49ms in CalculateScore(SparsityThetaScore); 242ms in CalculateScore(^^^ItemsProcessedScore^^^); ]
I0506 16:27:15.836733  8808 processor.cc:659] No data in processing queue, waiting...
I0506 16:27:15.836733  7308 master_component.cc:1200] RegularizeModelArgs: rwt_target_name=rwt, pwt_source_name=pwt, nwt_source_name=nwt
I0506 16:27:15.836733  7308 master_component.cc:785] MasterComponent: start regularizing model pwt
I0506 16:27:15.931799  4972 processor.cc:659] No data in processing queue, waiting...
I0506 16:27:16.492197  7308 master_component.cc:808] MasterComponent: complete regularizing model pwt
I0506 16:27:16.492197  7308 master_component.cc:1211] NormalizeModelArgs: pwt_target_name=pwt, nwt_source_name=nwt, rwt_source_name=rwt
I0506 16:27:16.492197  7308 master_component.cc:812] MasterComponent: start normalizing model nwt
I0506 16:27:16.700345  5688 c_interface.cc:523] Pass GetScoreValueArgs, score_name=^^^ItemsProcessedScore^^^ to MasterComponent::Request
I0506 16:27:16.700345  5688 c_interface.cc:205] ArtmCopyRequestedMessage is copying 54 bytes...
I0506 16:27:16.770395  7308 master_component.cc:834] MasterComponent: complete normalizing model nwt
I0506 16:27:16.946519  7308 master_component.cc:1235] DisposeModel rwt
I0506 16:27:16.965531  7308 master_component.cc:858] FitOffline: ItemsProcessed, num_items=10001, num_batches=11, token_weight=2.1219e+06, token_weight_in_effect=2.1219e+06
I0506 16:27:17.002558  5688 c_interface.cc:523] Pass GetScoreValueArgs, score_name=^^^ItemsProcessedScore^^^ to MasterComponent::Request
I0506 16:27:17.002558  5688 c_interface.cc:205] ArtmCopyRequestedMessage is copying 54 bytes...
I0506 16:27:17.003559  7308 c_interface.cc:359] Pass FitOfflineMasterModelArgs, batch_filename_size=11, batch_weight_size=11, num_collection_passes=1 to void (__cdecl artm::core::MasterComponent::*)(class artm::FitOfflineMasterModelArgs const & __ptr64) __ptr64
I0506 16:27:17.003559  7308 master_component.cc:1162] ProcessBatchesArgs: nwt_target_name=nwt, batch_filename_size=11, batch_size=0, batch_weight_size=11, pwt_source_name=pwt, num_document_passes=1, regularizer=(name:SparseTheta, tau:-0.15), regularizer=(name:SparsePhi, tau:-0.1), regularizer=(name:DecorrelatorPhi, tau:150000), reuse_theta=no, opt_for_avx=yes, predict_class_id=
I0506 16:27:17.196696  4972 processor.cc:666] Processing queue has data, processing started
I0506 16:27:17.201699  2908 processor.cc:666] Processing queue has data, processing started
I0506 16:27:17.219713  8808 processor.cc:666] Processing queue has data, processing started
I0506 16:27:17.220713  2908 processor.cc:742] Processor: start processing batch 9589b3a2-7003-43d8-9bdd-4c4958e1d462 into model nwt
I0506 16:27:17.221715  8736 processor.cc:666] Processing queue has data, processing started
I0506 16:27:17.235723  8808 processor.cc:742] Processor: start processing batch c525ae55-9040-4a0a-bbab-83c85c734af8 into model nwt
I0506 16:27:17.240727  8736 processor.cc:742] Processor: start processing batch 4b84a36e-29f9-4537-ba43-9c295743dc50 into model nwt
I0506 16:27:17.246732  4972 processor.cc:742] Processor: start processing batch fb769380-fe27-43a4-8c27-26f218018956 into model nwt
I0506 16:27:17.770102  8808 processor.cc:830] Processor: complete processing batch c525ae55-9040-4a0a-bbab-83c85c734af8 into model nwt
I0506 16:27:17.773104  8808 cuckoo_watch.h:44] 553ms in ProcessBatch(vk\aaaaac.batch) [including 13ms in LoadMessage; 1ms in InitializeSparseNdw; 223ms in InferThetaAndUpdateNwtSparse; 117ms in CalculateScore(PerplexityScore); 17ms in CalculateScore(SparsityThetaScore); 173ms in CalculateScore(^^^ItemsProcessedScore^^^); ]
I0506 16:27:17.793119  8808 processor.cc:742] Processor: start processing batch 189461fd-5848-4217-99b1-4482b5666704 into model nwt
I0506 16:27:17.819138  2908 processor.cc:830] Processor: complete processing batch 9589b3a2-7003-43d8-9bdd-4c4958e1d462 into model nwt
I0506 16:27:17.822139  2908 cuckoo_watch.h:44] 621ms in ProcessBatch(vk\aaaaab.batch) [including 15ms in LoadMessage; 2ms in InitializeSparseNdw; 235ms in InferThetaAndUpdateNwtSparse; 129ms in CalculateScore(PerplexityScore); 37ms in CalculateScore(SparsityThetaScore); 192ms in CalculateScore(^^^ItemsProcessedScore^^^); ]
I0506 16:27:17.879179  4972 processor.cc:830] Processor: complete processing batch fb769380-fe27-43a4-8c27-26f218018956 into model nwt
I0506 16:27:17.881181  2908 processor.cc:742] Processor: start processing batch d3907409-8f45-4c19-87d8-cc1359870f5c into model nwt
I0506 16:27:17.883183  4972 cuckoo_watch.h:44] 686ms in ProcessBatch(vk\aaaaaa.batch) [including 45ms in LoadMessage; 2ms in InitializeSparseNdw; 230ms in InferThetaAndUpdateNwtSparse; 131ms in CalculateScore(PerplexityScore); 50ms in CalculateScore(SparsityThetaScore); 215ms in CalculateScore(^^^ItemsProcessedScore^^^); ]
I0506 16:27:17.886185  8736 processor.cc:830] Processor: complete processing batch 4b84a36e-29f9-4537-ba43-9c295743dc50 into model nwt
I0506 16:27:17.889186  8736 cuckoo_watch.h:44] 667ms in ProcessBatch(vk\aaaaad.batch) [including 15ms in LoadMessage; 50ms in InitializeSparseNdw; 183ms in InferThetaAndUpdateNwtSparse; 146ms in CalculateScore(PerplexityScore); 34ms in CalculateScore(SparsityThetaScore); 229ms in CalculateScore(^^^ItemsProcessedScore^^^); ]
I0506 16:27:17.936220  4972 processor.cc:742] Processor: start processing batch 6d2bbae5-0ad0-4d84-8d8a-18a9ba03b9ea into model nwt
I0506 16:27:17.950230  8736 processor.cc:742] Processor: start processing batch ca3e3b1a-ae65-428c-aa60-f9cf7b0d968b into model nwt
I0506 16:27:18.013275  5688 c_interface.cc:523] Pass GetScoreValueArgs, score_name=^^^ItemsProcessedScore^^^ to MasterComponent::Request
I0506 16:27:18.013275  5688 c_interface.cc:205] ArtmCopyRequestedMessage is copying 54 bytes...
I0506 16:27:18.397547  8808 processor.cc:830] Processor: complete processing batch 189461fd-5848-4217-99b1-4482b5666704 into model nwt
I0506 16:27:18.402550  8808 cuckoo_watch.h:44] 629ms in ProcessBatch(vk\aaaaae.batch) [including 15ms in LoadMessage; 2ms in InitializeSparseNdw; 228ms in InferThetaAndUpdateNwtSparse; 149ms in CalculateScore(PerplexityScore); 24ms in CalculateScore(SparsityThetaScore); 198ms in CalculateScore(^^^ItemsProcessedScore^^^); ]
I0506 16:27:18.423568  8808 processor.cc:742] Processor: start processing batch 460b4aeb-360f-42a2-8ab2-b81e20f0686a into model nwt
I0506 16:27:18.585681  4972 processor.cc:830] Processor: complete processing batch 6d2bbae5-0ad0-4d84-8d8a-18a9ba03b9ea into model nwt
I0506 16:27:18.602694  2908 processor.cc:830] Processor: complete processing batch d3907409-8f45-4c19-87d8-cc1359870f5c into model nwt
I0506 16:27:18.606696  2908 cuckoo_watch.h:44] 783ms in ProcessBatch(vk\aaaaaf.batch) [including 19ms in LoadMessage; 4ms in InitializeSparseNdw; 219ms in InferThetaAndUpdateNwtSparse; 200ms in CalculateScore(PerplexityScore); 60ms in CalculateScore(SparsityThetaScore); 236ms in CalculateScore(^^^ItemsProcessedScore^^^); ]
I0506 16:27:18.611699  4972 cuckoo_watch.h:44] 728ms in ProcessBatch(vk\aaaaag.batch) [including 50ms in LoadMessage; 5ms in InitializeSparseNdw; 202ms in InferThetaAndUpdateNwtSparse; 184ms in CalculateScore(PerplexityScore); 20ms in CalculateScore(SparsityThetaScore); 235ms in CalculateScore(^^^ItemsProcessedScore^^^); ]
I0506 16:27:18.614702  4972 processor.cc:742] Processor: start processing batch d95599f6-ec39-4b14-80f4-2d07742592c0 into model nwt
I0506 16:27:18.615702  4972 processor.cc:830] Processor: complete processing batch d95599f6-ec39-4b14-80f4-2d07742592c0 into model nwt
I0506 16:27:18.615702  4972 cuckoo_watch.h:44] 3ms in ProcessBatch(vk\aaaaak.batch) [including 0ms in LoadMessage; 0ms in InitializeSparseNdw; 0ms in InferThetaAndUpdateNwtSparse; 0ms in CalculateScore(PerplexityScore); 0ms in CalculateScore(SparsityThetaScore); 0ms in CalculateScore(^^^ItemsProcessedScore^^^); ]
I0506 16:27:18.638718  8736 processor.cc:830] Processor: complete processing batch ca3e3b1a-ae65-428c-aa60-f9cf7b0d968b into model nwt
I0506 16:27:18.642721  8736 cuckoo_watch.h:44] 754ms in ProcessBatch(vk\aaaaah.batch) [including 57ms in LoadMessage; 4ms in InitializeSparseNdw; 245ms in InferThetaAndUpdateNwtSparse; 187ms in CalculateScore(PerplexityScore); 40ms in CalculateScore(SparsityThetaScore); 210ms in CalculateScore(^^^ItemsProcessedScore^^^); ]
I0506 16:27:18.647725  4972 processor.cc:659] No data in processing queue, waiting...
I0506 16:27:18.647725  2908 processor.cc:742] Processor: start processing batch b9d34635-8ca1-46f9-b4a7-86526fe3e8c5 into model nwt
I0506 16:27:18.711771  8736 processor.cc:659] No data in processing queue, waiting...
I0506 16:27:18.880890  8808 processor.cc:830] Processor: complete processing batch 460b4aeb-360f-42a2-8ab2-b81e20f0686a into model nwt
I0506 16:27:18.884893  8808 cuckoo_watch.h:44] 482ms in ProcessBatch(vk\aaaaai.batch) [including 17ms in LoadMessage; 5ms in InitializeSparseNdw; 177ms in InferThetaAndUpdateNwtSparse; 99ms in CalculateScore(PerplexityScore); 21ms in CalculateScore(SparsityThetaScore); 152ms in CalculateScore(^^^ItemsProcessedScore^^^); ]
I0506 16:27:18.957944  8808 processor.cc:659] No data in processing queue, waiting...
I0506 16:27:19.014986  5688 c_interface.cc:523] Pass GetScoreValueArgs, score_name=^^^ItemsProcessedScore^^^ to MasterComponent::Request
I0506 16:27:19.014986  5688 c_interface.cc:205] ArtmCopyRequestedMessage is copying 54 bytes...
I0506 16:27:19.164091  2908 processor.cc:830] Processor: complete processing batch b9d34635-8ca1-46f9-b4a7-86526fe3e8c5 into model nwt
I0506 16:27:19.171095  2908 cuckoo_watch.h:44] 564ms in ProcessBatch(vk\aaaaaj.batch) [including 38ms in LoadMessage; 4ms in InitializeSparseNdw; 171ms in InferThetaAndUpdateNwtSparse; 165ms in CalculateScore(PerplexityScore); 18ms in CalculateScore(SparsityThetaScore); 155ms in CalculateScore(^^^ItemsProcessedScore^^^); ]
I0506 16:27:19.173097  7308 master_component.cc:1200] RegularizeModelArgs: rwt_target_name=rwt, pwt_source_name=pwt, nwt_source_name=nwt
I0506 16:27:19.173097  7308 master_component.cc:785] MasterComponent: start regularizing model pwt
I0506 16:27:19.207121  2908 processor.cc:659] No data in processing queue, waiting...
I0506 16:27:19.866590  7308 master_component.cc:808] MasterComponent: complete regularizing model pwt
I0506 16:27:19.866590  7308 master_component.cc:1211] NormalizeModelArgs: pwt_target_name=pwt, nwt_source_name=nwt, rwt_source_name=rwt
I0506 16:27:19.866590  7308 master_component.cc:812] MasterComponent: start normalizing model nwt
I0506 16:27:20.014693  5688 c_interface.cc:523] Pass GetScoreValueArgs, score_name=^^^ItemsProcessedScore^^^ to MasterComponent::Request
I0506 16:27:20.014693  5688 c_interface.cc:205] ArtmCopyRequestedMessage is copying 54 bytes...
I0506 16:27:20.361940  7308 master_component.cc:834] MasterComponent: complete normalizing model nwt
I0506 16:27:20.485028  7308 master_component.cc:1235] DisposeModel rwt
I0506 16:27:20.504040  7308 master_component.cc:858] FitOffline: ItemsProcessed, num_items=10001, num_batches=11, token_weight=2.1219e+06, token_weight_in_effect=2.1219e+06
I0506 16:27:20.548072  5688 c_interface.cc:523] Pass GetScoreValueArgs, score_name=^^^ItemsProcessedScore^^^ to MasterComponent::Request
I0506 16:27:20.548072  5688 c_interface.cc:205] ArtmCopyRequestedMessage is copying 54 bytes...
I0506 16:27:20.549072  7308 c_interface.cc:359] Pass FitOfflineMasterModelArgs, batch_filename_size=11, batch_weight_size=11, num_collection_passes=1 to void (__cdecl artm::core::MasterComponent::*)(class artm::FitOfflineMasterModelArgs const & __ptr64) __ptr64
