I0506 17:50:45.701284 11340 master_component.cc:785] MasterComponent: start regularizing model pwt
I0506 17:50:45.873126 11604 processor.cc:659] No data in processing queue, waiting...
I0506 17:50:45.951251 11340 master_component.cc:808] MasterComponent: complete regularizing model pwt
I0506 17:50:45.951251 11340 master_component.cc:1211] NormalizeModelArgs: pwt_target_name=pwt, nwt_source_name=nwt, rwt_source_name=rwt
I0506 17:50:45.951251 11340 master_component.cc:812] MasterComponent: start normalizing model nwt
I0506 17:50:45.982501 10236 processor.cc:659] No data in processing queue, waiting...
I0506 17:50:46.093847 11340 master_component.cc:834] MasterComponent: complete normalizing model nwt
I0506 17:50:46.156349 11340 master_component.cc:1235] DisposeModel rwt
I0506 17:50:46.171975 11340 master_component.cc:858] FitOffline: ItemsProcessed, num_items=10001, num_batches=11, token_weight=2.1219e+06, token_weight_in_effect=2.1219e+06
I0506 17:50:46.218901 12036 c_interface.cc:523] Pass GetScoreValueArgs, score_name=^^^ItemsProcessedScore^^^ to MasterComponent::Request
I0506 17:50:46.218901 12036 c_interface.cc:205] ArtmCopyRequestedMessage is copying 54 bytes...
I0506 17:50:46.218901 11340 c_interface.cc:359] Pass FitOfflineMasterModelArgs, batch_filename_size=11, batch_weight_size=11, num_collection_passes=1 to void (__cdecl artm::core::MasterComponent::*)(class artm::FitOfflineMasterModelArgs const & __ptr64) __ptr64
I0506 17:50:46.218901 11340 master_component.cc:1162] ProcessBatchesArgs: nwt_target_name=nwt, batch_filename_size=11, batch_size=0, batch_weight_size=11, pwt_source_name=pwt, num_document_passes=1, regularizer=(name:SparseTheta, tau:-0.15), regularizer=(name:SparsePhi, tau:-0.1), regularizer=(name:DecorrelatorPhi, tau:150000), reuse_theta=no, opt_for_avx=yes, predict_class_id=
I0506 17:50:46.312652 11604 processor.cc:666] Processing queue has data, processing started
I0506 17:50:46.312804 10236 processor.cc:666] Processing queue has data, processing started
I0506 17:50:46.312804 10896 processor.cc:666] Processing queue has data, processing started
I0506 17:50:46.312804  2828 processor.cc:666] Processing queue has data, processing started
I0506 17:50:46.328815 10896 processor.cc:742] Processor: start processing batch c525ae55-9040-4a0a-bbab-83c85c734af8 into model nwt
I0506 17:50:46.331818 10236 processor.cc:742] Processor: start processing batch 9589b3a2-7003-43d8-9bdd-4c4958e1d462 into model nwt
I0506 17:50:46.331818 11604 processor.cc:742] Processor: start processing batch fb769380-fe27-43a4-8c27-26f218018956 into model nwt
I0506 17:50:46.331818  2828 processor.cc:742] Processor: start processing batch 4b84a36e-29f9-4537-ba43-9c295743dc50 into model nwt
I0506 17:50:46.584157 10896 processor.cc:830] Processor: complete processing batch c525ae55-9040-4a0a-bbab-83c85c734af8 into model nwt
I0506 17:50:46.587159 10896 cuckoo_watch.h:44] 274ms in ProcessBatch(vk\aaaaac.batch) [including 13ms in LoadMessage; 1ms in InitializeSparseNdw; 88ms in InferThetaAndUpdateNwtSparse; 61ms in CalculateScore(PerplexityScore); 16ms in CalculateScore(SparsityThetaScore); 84ms in CalculateScore(^^^ItemsProcessedScore^^^); ]
I0506 17:50:46.597214 10896 processor.cc:742] Processor: start processing batch 189461fd-5848-4217-99b1-4482b5666704 into model nwt
I0506 17:50:46.628465 10236 processor.cc:830] Processor: complete processing batch 9589b3a2-7003-43d8-9bdd-4c4958e1d462 into model nwt
I0506 17:50:46.628465 10236 cuckoo_watch.h:44] 322ms in ProcessBatch(vk\aaaaab.batch) [including 16ms in LoadMessage; 2ms in InitializeSparseNdw; 105ms in InferThetaAndUpdateNwtSparse; 76ms in CalculateScore(PerplexityScore); 18ms in CalculateScore(SparsityThetaScore); 96ms in CalculateScore(^^^ItemsProcessedScore^^^); ]
I0506 17:50:46.644090 11604 processor.cc:830] Processor: complete processing batch fb769380-fe27-43a4-8c27-26f218018956 into model nwt
I0506 17:50:46.644090 11604 cuckoo_watch.h:44] 335ms in ProcessBatch(vk\aaaaaa.batch) [including 16ms in LoadMessage; 2ms in InitializeSparseNdw; 108ms in InferThetaAndUpdateNwtSparse; 79ms in CalculateScore(PerplexityScore); 20ms in CalculateScore(SparsityThetaScore); 99ms in CalculateScore(^^^ItemsProcessedScore^^^); ]
I0506 17:50:46.644090 10236 processor.cc:742] Processor: start processing batch d3907409-8f45-4c19-87d8-cc1359870f5c into model nwt
I0506 17:50:46.659718 11604 processor.cc:742] Processor: start processing batch 6d2bbae5-0ad0-4d84-8d8a-18a9ba03b9ea into model nwt
I0506 17:50:46.675343  2828 processor.cc:830] Processor: complete processing batch 4b84a36e-29f9-4537-ba43-9c295743dc50 into model nwt
I0506 17:50:46.675343  2828 cuckoo_watch.h:44] 373ms in ProcessBatch(vk\aaaaad.batch) [including 16ms in LoadMessage; 3ms in InitializeSparseNdw; 119ms in InferThetaAndUpdateNwtSparse; 87ms in CalculateScore(PerplexityScore); 15ms in CalculateScore(SparsityThetaScore); 124ms in CalculateScore(^^^ItemsProcessedScore^^^); ]
I0506 17:50:46.706590  2828 processor.cc:742] Processor: start processing batch ca3e3b1a-ae65-428c-aa60-f9cf7b0d968b into model nwt
I0506 17:50:46.932098 10896 processor.cc:830] Processor: complete processing batch 189461fd-5848-4217-99b1-4482b5666704 into model nwt
I0506 17:50:46.935101 10896 cuckoo_watch.h:44] 348ms in ProcessBatch(vk\aaaaae.batch) [including 15ms in LoadMessage; 2ms in InitializeSparseNdw; 109ms in InferThetaAndUpdateNwtSparse; 88ms in CalculateScore(PerplexityScore); 16ms in CalculateScore(SparsityThetaScore); 108ms in CalculateScore(^^^ItemsProcessedScore^^^); ]
I0506 17:50:46.989123 10896 processor.cc:742] Processor: start processing batch 460b4aeb-360f-42a2-8ab2-b81e20f0686a into model nwt
I0506 17:50:47.075119 10236 processor.cc:830] Processor: complete processing batch d3907409-8f45-4c19-87d8-cc1359870f5c into model nwt
I0506 17:50:47.075119 10236 cuckoo_watch.h:44] 452ms in ProcessBatch(vk\aaaaaf.batch) [including 17ms in LoadMessage; 4ms in InitializeSparseNdw; 136ms in InferThetaAndUpdateNwtSparse; 96ms in CalculateScore(PerplexityScore); 18ms in CalculateScore(SparsityThetaScore); 171ms in CalculateScore(^^^ItemsProcessedScore^^^); ]
I0506 17:50:47.090744 11604 processor.cc:830] Processor: complete processing batch 6d2bbae5-0ad0-4d84-8d8a-18a9ba03b9ea into model nwt
I0506 17:50:47.106369 11604 cuckoo_watch.h:44] 459ms in ProcessBatch(vk\aaaaag.batch) [including 17ms in LoadMessage; 3ms in InitializeSparseNdw; 128ms in InferThetaAndUpdateNwtSparse; 91ms in CalculateScore(PerplexityScore); 48ms in CalculateScore(SparsityThetaScore); 161ms in CalculateScore(^^^ItemsProcessedScore^^^); ]
I0506 17:50:47.106369 11604 processor.cc:742] Processor: start processing batch d95599f6-ec39-4b14-80f4-2d07742592c0 into model nwt
I0506 17:50:47.106369 11604 processor.cc:830] Processor: complete processing batch d95599f6-ec39-4b14-80f4-2d07742592c0 into model nwt
I0506 17:50:47.106369 11604 cuckoo_watch.h:44] 3ms in ProcessBatch(vk\aaaaak.batch) [including 0ms in LoadMessage; 0ms in InitializeSparseNdw; 0ms in InferThetaAndUpdateNwtSparse; 0ms in CalculateScore(PerplexityScore); 0ms in CalculateScore(SparsityThetaScore); 0ms in CalculateScore(^^^ItemsProcessedScore^^^); ]
I0506 17:50:47.121994 10236 processor.cc:742] Processor: start processing batch b9d34635-8ca1-46f9-b4a7-86526fe3e8c5 into model nwt
I0506 17:50:47.137621  2828 processor.cc:830] Processor: complete processing batch ca3e3b1a-ae65-428c-aa60-f9cf7b0d968b into model nwt
I0506 17:50:47.137621  2828 cuckoo_watch.h:44] 456ms in ProcessBatch(vk\aaaaah.batch) [including 20ms in LoadMessage; 4ms in InitializeSparseNdw; 140ms in InferThetaAndUpdateNwtSparse; 99ms in CalculateScore(PerplexityScore); 15ms in CalculateScore(SparsityThetaScore); 167ms in CalculateScore(^^^ItemsProcessedScore^^^); ]
I0506 17:50:47.231370 12036 c_interface.cc:523] Pass GetScoreValueArgs, score_name=^^^ItemsProcessedScore^^^ to MasterComponent::Request
I0506 17:50:47.231370 12036 c_interface.cc:205] ArtmCopyRequestedMessage is copying 54 bytes...
I0506 17:50:47.285396 11604 processor.cc:659] No data in processing queue, waiting...
I0506 17:50:47.286396  2828 processor.cc:659] No data in processing queue, waiting...
I0506 17:50:47.294404 10896 processor.cc:830] Processor: complete processing batch 460b4aeb-360f-42a2-8ab2-b81e20f0686a into model nwt
I0506 17:50:47.301407 10896 cuckoo_watch.h:44] 366ms in ProcessBatch(vk\aaaaai.batch) [including 51ms in LoadMessage; 3ms in InitializeSparseNdw; 136ms in InferThetaAndUpdateNwtSparse; 73ms in CalculateScore(PerplexityScore); 9ms in CalculateScore(SparsityThetaScore); 81ms in CalculateScore(^^^ItemsProcessedScore^^^); ]
I0506 17:50:47.407075 10896 processor.cc:659] No data in processing queue, waiting...
I0506 17:50:47.407075 10236 processor.cc:830] Processor: complete processing batch b9d34635-8ca1-46f9-b4a7-86526fe3e8c5 into model nwt
I0506 17:50:47.407075 10236 cuckoo_watch.h:44] 330ms in ProcessBatch(vk\aaaaaj.batch) [including 33ms in LoadMessage; 4ms in InitializeSparseNdw; 118ms in InferThetaAndUpdateNwtSparse; 85ms in CalculateScore(PerplexityScore); 8ms in CalculateScore(SparsityThetaScore); 74ms in CalculateScore(^^^ItemsProcessedScore^^^); ]
I0506 17:50:47.422703 11340 master_component.cc:1200] RegularizeModelArgs: rwt_target_name=rwt, pwt_source_name=pwt, nwt_source_name=nwt
I0506 17:50:47.422703 11340 master_component.cc:785] MasterComponent: start regularizing model pwt
I0506 17:50:47.688330 11340 master_component.cc:808] MasterComponent: complete regularizing model pwt
I0506 17:50:47.688330 11340 master_component.cc:1211] NormalizeModelArgs: pwt_target_name=pwt, nwt_source_name=nwt, rwt_source_name=rwt
I0506 17:50:47.688330 11340 master_component.cc:812] MasterComponent: start normalizing model nwt
I0506 17:50:47.703956 10236 processor.cc:659] No data in processing queue, waiting...
I0506 17:50:47.841296 11340 master_component.cc:834] MasterComponent: complete normalizing model nwt
I0506 17:50:47.906949 11340 master_component.cc:1235] DisposeModel rwt
I0506 17:50:47.911022 11340 master_component.cc:858] FitOffline: ItemsProcessed, num_items=10001, num_batches=11, token_weight=2.1219e+06, token_weight_in_effect=2.1219e+06
I0506 17:50:47.957912 12036 c_interface.cc:523] Pass GetScoreValueArgs, score_name=^^^ItemsProcessedScore^^^ to MasterComponent::Request
I0506 17:50:47.957912 12036 c_interface.cc:205] ArtmCopyRequestedMessage is copying 54 bytes...
I0506 17:50:47.957912 11340 c_interface.cc:359] Pass FitOfflineMasterModelArgs, batch_filename_size=11, batch_weight_size=11, num_collection_passes=1 to void (__cdecl artm::core::MasterComponent::*)(class artm::FitOfflineMasterModelArgs const & __ptr64) __ptr64
I0506 17:50:47.957912 11340 master_component.cc:1162] ProcessBatchesArgs: nwt_target_name=nwt, batch_filename_size=11, batch_size=0, batch_weight_size=11, pwt_source_name=pwt, num_document_passes=1, regularizer=(name:SparseTheta, tau:-0.15), regularizer=(name:SparsePhi, tau:-0.1), regularizer=(name:DecorrelatorPhi, tau:150000), reuse_theta=no, opt_for_avx=yes, predict_class_id=
I0506 17:50:48.059180 11604 processor.cc:666] Processing queue has data, processing started
I0506 17:50:48.059180 10896 processor.cc:666] Processing queue has data, processing started
I0506 17:50:48.059180  2828 processor.cc:666] Processing queue has data, processing started
I0506 17:50:48.059180 10236 processor.cc:666] Processing queue has data, processing started
I0506 17:50:48.074786  2828 processor.cc:742] Processor: start processing batch c525ae55-9040-4a0a-bbab-83c85c734af8 into model nwt
I0506 17:50:48.074786 10236 processor.cc:742] Processor: start processing batch 4b84a36e-29f9-4537-ba43-9c295743dc50 into model nwt
I0506 17:50:48.074786 11604 processor.cc:742] Processor: start processing batch fb769380-fe27-43a4-8c27-26f218018956 into model nwt
I0506 17:50:48.074786 10896 processor.cc:742] Processor: start processing batch 9589b3a2-7003-43d8-9bdd-4c4958e1d462 into model nwt
I0506 17:50:48.346279  2828 processor.cc:830] Processor: complete processing batch c525ae55-9040-4a0a-bbab-83c85c734af8 into model nwt
I0506 17:50:48.349282  2828 cuckoo_watch.h:44] 290ms in ProcessBatch(vk\aaaaac.batch) [including 13ms in LoadMessage; 2ms in InitializeSparseNdw; 89ms in InferThetaAndUpdateNwtSparse; 67ms in CalculateScore(PerplexityScore); 16ms in CalculateScore(SparsityThetaScore); 94ms in CalculateScore(^^^ItemsProcessedScore^^^); ]
I0506 17:50:48.363394  2828 processor.cc:742] Processor: start processing batch 189461fd-5848-4217-99b1-4482b5666704 into model nwt
I0506 17:50:48.379021 10896 processor.cc:830] Processor: complete processing batch 9589b3a2-7003-43d8-9bdd-4c4958e1d462 into model nwt
I0506 17:50:48.379021 10896 cuckoo_watch.h:44] 334ms in ProcessBatch(vk\aaaaab.batch) [including 16ms in LoadMessage; 3ms in InitializeSparseNdw; 107ms in InferThetaAndUpdateNwtSparse; 78ms in CalculateScore(PerplexityScore); 17ms in CalculateScore(SparsityThetaScore); 104ms in CalculateScore(^^^ItemsProcessedScore^^^); ]
I0506 17:50:48.394645 11604 processor.cc:830] Processor: complete processing batch fb769380-fe27-43a4-8c27-26f218018956 into model nwt
I0506 17:50:48.410270 11604 cuckoo_watch.h:44] 352ms in ProcessBatch(vk\aaaaaa.batch) [including 16ms in LoadMessage; 3ms in InitializeSparseNdw; 110ms in InferThetaAndUpdateNwtSparse; 82ms in CalculateScore(PerplexityScore); 17ms in CalculateScore(SparsityThetaScore); 114ms in CalculateScore(^^^ItemsProcessedScore^^^); ]
I0506 17:50:48.410270 10896 processor.cc:742] Processor: start processing batch d3907409-8f45-4c19-87d8-cc1359870f5c into model nwt
I0506 17:50:48.425894 11604 processor.cc:742] Processor: start processing batch 6d2bbae5-0ad0-4d84-8d8a-18a9ba03b9ea into model nwt
I0506 17:50:48.425894 10236 processor.cc:830] Processor: complete processing batch 4b84a36e-29f9-4537-ba43-9c295743dc50 into model nwt
I0506 17:50:48.425894 10236 cuckoo_watch.h:44] 378ms in ProcessBatch(vk\aaaaad.batch) [including 15ms in LoadMessage; 3ms in InitializeSparseNdw; 122ms in InferThetaAndUpdateNwtSparse; 85ms in CalculateScore(PerplexityScore); 31ms in CalculateScore(SparsityThetaScore); 113ms in CalculateScore(^^^ItemsProcessedScore^^^); ]
I0506 17:50:48.457146 10236 processor.cc:742] Processor: start processing batch ca3e3b1a-ae65-428c-aa60-f9cf7b0d968b into model nwt
I0506 17:50:48.691522  2828 processor.cc:830] Processor: complete processing batch 189461fd-5848-4217-99b1-4482b5666704 into model nwt
I0506 17:50:48.707149  2828 cuckoo_watch.h:44] 358ms in ProcessBatch(vk\aaaaae.batch) [including 15ms in LoadMessage; 2ms in InitializeSparseNdw; 116ms in InferThetaAndUpdateNwtSparse; 94ms in CalculateScore(PerplexityScore); 16ms in CalculateScore(SparsityThetaScore); 105ms in CalculateScore(^^^ItemsProcessedScore^^^); ]
I0506 17:50:48.722774  2828 processor.cc:742] Processor: start processing batch 460b4aeb-360f-42a2-8ab2-b81e20f0686a into model nwt
I0506 17:50:48.785275 10896 processor.cc:830] Processor: complete processing batch d3907409-8f45-4c19-87d8-cc1359870f5c into model nwt
I0506 17:50:48.800899 10896 cuckoo_watch.h:44] 409ms in ProcessBatch(vk\aaaaaf.batch) [including 17ms in LoadMessage; 4ms in InitializeSparseNdw; 142ms in InferThetaAndUpdateNwtSparse; 97ms in CalculateScore(PerplexityScore); 17ms in CalculateScore(SparsityThetaScore); 122ms in CalculateScore(^^^ItemsProcessedScore^^^); ]
I0506 17:50:48.816525 11604 processor.cc:830] Processor: complete processing batch 6d2bbae5-0ad0-4d84-8d8a-18a9ba03b9ea into model nwt
I0506 17:50:48.816525 10896 processor.cc:742] Processor: start processing batch b9d34635-8ca1-46f9-b4a7-86526fe3e8c5 into model nwt
I0506 17:50:48.816525 11604 cuckoo_watch.h:44] 413ms in ProcessBatch(vk\aaaaag.batch) [including 17ms in LoadMessage; 4ms in InitializeSparseNdw; 131ms in InferThetaAndUpdateNwtSparse; 106ms in CalculateScore(PerplexityScore); 16ms in CalculateScore(SparsityThetaScore); 130ms in CalculateScore(^^^ItemsProcessedScore^^^); ]
I0506 17:50:48.816525 11604 processor.cc:742] Processor: start processing batch d95599f6-ec39-4b14-80f4-2d07742592c0 into model nwt
I0506 17:50:48.816525 11604 processor.cc:830] Processor: complete processing batch d95599f6-ec39-4b14-80f4-2d07742592c0 into model nwt
I0506 17:50:48.816525 11604 cuckoo_watch.h:44] 3ms in ProcessBatch(vk\aaaaak.batch) [including 0ms in LoadMessage; 0ms in InitializeSparseNdw; 0ms in InferThetaAndUpdateNwtSparse; 0ms in CalculateScore(PerplexityScore); 0ms in CalculateScore(SparsityThetaScore); 0ms in CalculateScore(^^^ItemsProcessedScore^^^); ]
I0506 17:50:48.852329 10236 processor.cc:830] Processor: complete processing batch ca3e3b1a-ae65-428c-aa60-f9cf7b0d968b into model nwt
I0506 17:50:48.855331 10236 cuckoo_watch.h:44] 417ms in ProcessBatch(vk\aaaaah.batch) [including 17ms in LoadMessage; 4ms in InitializeSparseNdw; 140ms in InferThetaAndUpdateNwtSparse; 101ms in CalculateScore(PerplexityScore); 18ms in CalculateScore(SparsityThetaScore); 129ms in CalculateScore(^^^ItemsProcessedScore^^^); ]
I0506 17:50:48.865339 11604 processor.cc:659] No data in processing queue, waiting...
I0506 17:50:48.885354 10236 processor.cc:659] No data in processing queue, waiting...
I0506 17:50:48.957146 12036 c_interface.cc:523] Pass GetScoreValueArgs, score_name=^^^ItemsProcessedScore^^^ to MasterComponent::Request
I0506 17:50:48.957146 12036 c_interface.cc:205] ArtmCopyRequestedMessage is copying 54 bytes...
I0506 17:50:49.010501  2828 processor.cc:830] Processor: complete processing batch 460b4aeb-360f-42a2-8ab2-b81e20f0686a into model nwt
I0506 17:50:49.010501  2828 cuckoo_watch.h:44] 316ms in ProcessBatch(vk\aaaaai.batch) [including 15ms in LoadMessage; 2ms in InitializeSparseNdw; 119ms in InferThetaAndUpdateNwtSparse; 68ms in CalculateScore(PerplexityScore); 12ms in CalculateScore(SparsityThetaScore); 89ms in CalculateScore(^^^ItemsProcessedScore^^^); ]
I0506 17:50:49.119897 10896 processor.cc:830] Processor: complete processing batch b9d34635-8ca1-46f9-b4a7-86526fe3e8c5 into model nwt
I0506 17:50:49.119897 10896 cuckoo_watch.h:44] 318ms in ProcessBatch(vk\aaaaaj.batch) [including 18ms in LoadMessage; 4ms in InitializeSparseNdw; 125ms in InferThetaAndUpdateNwtSparse; 86ms in CalculateScore(PerplexityScore); 8ms in CalculateScore(SparsityThetaScore); 70ms in CalculateScore(^^^ItemsProcessedScore^^^); ]
I0506 17:50:49.135540 11340 master_component.cc:1200] RegularizeModelArgs: rwt_target_name=rwt, pwt_source_name=pwt, nwt_source_name=nwt
I0506 17:50:49.135540 11340 master_component.cc:785] MasterComponent: start regularizing model pwt
I0506 17:50:49.307382  2828 processor.cc:659] No data in processing queue, waiting...
I0506 17:50:49.320617 10896 processor.cc:659] No data in processing queue, waiting...
I0506 17:50:49.402855 11340 master_component.cc:808] MasterComponent: complete regularizing model pwt
I0506 17:50:49.402855 11340 master_component.cc:1211] NormalizeModelArgs: pwt_target_name=pwt, nwt_source_name=nwt, rwt_source_name=rwt
I0506 17:50:49.402855 11340 master_component.cc:812] MasterComponent: start normalizing model nwt
I0506 17:50:49.541409 11340 master_component.cc:834] MasterComponent: complete normalizing model nwt
I0506 17:50:49.603906 11340 master_component.cc:1235] DisposeModel rwt
I0506 17:50:49.619532 11340 master_component.cc:858] FitOffline: ItemsProcessed, num_items=10001, num_batches=11, token_weight=2.1219e+06, token_weight_in_effect=2.1219e+06
I0506 17:50:49.666406 12036 c_interface.cc:523] Pass GetScoreValueArgs, score_name=^^^ItemsProcessedScore^^^ to MasterComponent::Request
I0506 17:50:49.666406 12036 c_interface.cc:205] ArtmCopyRequestedMessage is copying 54 bytes...
I0506 17:50:49.666406 11340 c_interface.cc:359] Pass FitOfflineMasterModelArgs, batch_filename_size=11, batch_weight_size=11, num_collection_passes=1 to void (__cdecl artm::core::MasterComponent::*)(class artm::FitOfflineMasterModelArgs const & __ptr64) __ptr64
I0506 17:50:49.666406 11340 master_component.cc:1162] ProcessBatchesArgs: nwt_target_name=nwt, batch_filename_size=11, batch_size=0, batch_weight_size=11, pwt_source_name=pwt, num_document_passes=1, regularizer=(name:SparseTheta, tau:-0.15), regularizer=(name:SparsePhi, tau:-0.1), regularizer=(name:DecorrelatorPhi, tau:150000), reuse_theta=no, opt_for_avx=yes, predict_class_id=
I0506 17:50:49.794379 10896 processor.cc:666] Processing queue has data, processing started
I0506 17:50:49.794379 10236 processor.cc:666] Processing queue has data, processing started
I0506 17:50:49.794379 11604 processor.cc:666] Processing queue has data, processing started
I0506 17:50:49.794379  2828 processor.cc:666] Processing queue has data, processing started
I0506 17:50:49.810004 11604 processor.cc:742] Processor: start processing batch c525ae55-9040-4a0a-bbab-83c85c734af8 into model nwt
I0506 17:50:49.810004 10236 processor.cc:742] Processor: start processing batch 9589b3a2-7003-43d8-9bdd-4c4958e1d462 into model nwt
I0506 17:50:49.810004 10896 processor.cc:742] Processor: start processing batch fb769380-fe27-43a4-8c27-26f218018956 into model nwt
I0506 17:50:49.810004  2828 processor.cc:742] Processor: start processing batch 4b84a36e-29f9-4537-ba43-9c295743dc50 into model nwt
I0506 17:50:50.084898 11604 processor.cc:830] Processor: complete processing batch c525ae55-9040-4a0a-bbab-83c85c734af8 into model nwt
I0506 17:50:50.087900 11604 cuckoo_watch.h:44] 294ms in ProcessBatch(vk\aaaaac.batch) [including 13ms in LoadMessage; 1ms in InitializeSparseNdw; 90ms in InferThetaAndUpdateNwtSparse; 74ms in CalculateScore(PerplexityScore); 16ms in CalculateScore(SparsityThetaScore); 89ms in CalculateScore(^^^ItemsProcessedScore^^^); ]
I0506 17:50:50.106915 11604 processor.cc:742] Processor: start processing batch 189461fd-5848-4217-99b1-4482b5666704 into model nwt
I0506 17:50:50.112967 10236 processor.cc:830] Processor: complete processing batch 9589b3a2-7003-43d8-9bdd-4c4958e1d462 into model nwt
I0506 17:50:50.128592 10236 cuckoo_watch.h:44] 336ms in ProcessBatch(vk\aaaaab.batch) [including 15ms in LoadMessage; 2ms in InitializeSparseNdw; 108ms in InferThetaAndUpdateNwtSparse; 77ms in CalculateScore(PerplexityScore); 18ms in CalculateScore(SparsityThetaScore); 106ms in CalculateScore(^^^ItemsProcessedScore^^^); ]
I0506 17:50:50.144218 10236 processor.cc:742] Processor: start processing batch d3907409-8f45-4c19-87d8-cc1359870f5c into model nwt
I0506 17:50:50.144218 10896 processor.cc:830] Processor: complete processing batch fb769380-fe27-43a4-8c27-26f218018956 into model nwt
I0506 17:50:50.159844 10896 cuckoo_watch.h:44] 365ms in ProcessBatch(vk\aaaaaa.batch) [including 16ms in LoadMessage; 2ms in InitializeSparseNdw; 124ms in InferThetaAndUpdateNwtSparse; 85ms in CalculateScore(PerplexityScore); 17ms in CalculateScore(SparsityThetaScore); 112ms in CalculateScore(^^^ItemsProcessedScore^^^); ]
I0506 17:50:50.159844  2828 processor.cc:830] Processor: complete processing batch 4b84a36e-29f9-4537-ba43-9c295743dc50 into model nwt
I0506 17:50:50.159844  2828 cuckoo_watch.h:44] 375ms in ProcessBatch(vk\aaaaad.batch) [including 15ms in LoadMessage; 2ms in InitializeSparseNdw; 129ms in InferThetaAndUpdateNwtSparse; 86ms in CalculateScore(PerplexityScore); 15ms in CalculateScore(SparsityThetaScore); 118ms in CalculateScore(^^^ItemsProcessedScore^^^); ]
I0506 17:50:50.175468 10896 processor.cc:742] Processor: start processing batch 6d2bbae5-0ad0-4d84-8d8a-18a9ba03b9ea into model nwt
I0506 17:50:50.191092  2828 processor.cc:742] Processor: start processing batch ca3e3b1a-ae65-428c-aa60-f9cf7b0d968b into model nwt
I0506 17:50:50.443652 11604 processor.cc:830] Processor: complete processing batch 189461fd-5848-4217-99b1-4482b5666704 into model nwt
I0506 17:50:50.443652 11604 cuckoo_watch.h:44] 361ms in ProcessBatch(vk\aaaaae.batch) [including 15ms in LoadMessage; 2ms in InitializeSparseNdw; 113ms in InferThetaAndUpdateNwtSparse; 97ms in CalculateScore(PerplexityScore); 17ms in CalculateScore(SparsityThetaScore); 107ms in CalculateScore(^^^ItemsProcessedScore^^^); ]
I0506 17:50:50.459278 11604 processor.cc:742] Processor: start processing batch 460b4aeb-360f-42a2-8ab2-b81e20f0686a into model nwt
I0506 17:50:50.537405 10236 processor.cc:830] Processor: complete processing batch d3907409-8f45-4c19-87d8-cc1359870f5c into model nwt
I0506 17:50:50.537405 10236 cuckoo_watch.h:44] 417ms in ProcessBatch(vk\aaaaaf.batch) [including 18ms in LoadMessage; 4ms in InitializeSparseNdw; 149ms in InferThetaAndUpdateNwtSparse; 95ms in CalculateScore(PerplexityScore); 18ms in CalculateScore(SparsityThetaScore); 124ms in CalculateScore(^^^ItemsProcessedScore^^^); ]
I0506 17:50:50.568655 10236 processor.cc:742] Processor: start processing batch b9d34635-8ca1-46f9-b4a7-86526fe3e8c5 into model nwt
I0506 17:50:50.568655 10896 processor.cc:830] Processor: complete processing batch 6d2bbae5-0ad0-4d84-8d8a-18a9ba03b9ea into model nwt
I0506 17:50:50.568655 10896 cuckoo_watch.h:44] 416ms in ProcessBatch(vk\aaaaag.batch) [including 19ms in LoadMessage; 5ms in InitializeSparseNdw; 144ms in InferThetaAndUpdateNwtSparse; 97ms in CalculateScore(PerplexityScore); 16ms in CalculateScore(SparsityThetaScore); 125ms in CalculateScore(^^^ItemsProcessedScore^^^); ]
I0506 17:50:50.568655 10896 processor.cc:742] Processor: start processing batch d95599f6-ec39-4b14-80f4-2d07742592c0 into model nwt
I0506 17:50:50.568655 10896 processor.cc:830] Processor: complete processing batch d95599f6-ec39-4b14-80f4-2d07742592c0 into model nwt
I0506 17:50:50.568655 10896 cuckoo_watch.h:44] 3ms in ProcessBatch(vk\aaaaak.batch) [including 0ms in LoadMessage; 0ms in InitializeSparseNdw; 0ms in InferThetaAndUpdateNwtSparse; 0ms in CalculateScore(PerplexityScore); 0ms in CalculateScore(SparsityThetaScore); 0ms in CalculateScore(^^^ItemsProcessedScore^^^); ]
I0506 17:50:50.584280  2828 processor.cc:830] Processor: complete processing batch ca3e3b1a-ae65-428c-aa60-f9cf7b0d968b into model nwt
I0506 17:50:50.584280  2828 cuckoo_watch.h:44] 416ms in ProcessBatch(vk\aaaaah.batch) [including 18ms in LoadMessage; 3ms in InitializeSparseNdw; 150ms in InferThetaAndUpdateNwtSparse; 93ms in CalculateScore(PerplexityScore); 17ms in CalculateScore(SparsityThetaScore); 125ms in CalculateScore(^^^ItemsProcessedScore^^^); ]
I0506 17:50:50.666518 12036 c_interface.cc:523] Pass GetScoreValueArgs, score_name=^^^ItemsProcessedScore^^^ to MasterComponent::Request
I0506 17:50:50.666518 12036 c_interface.cc:205] ArtmCopyRequestedMessage is copying 54 bytes...
I0506 17:50:50.732137 11604 processor.cc:830] Processor: complete processing batch 460b4aeb-360f-42a2-8ab2-b81e20f0686a into model nwt
I0506 17:50:50.732137 11604 cuckoo_watch.h:44] 291ms in ProcessBatch(vk\aaaaai.batch) [including 16ms in LoadMessage; 2ms in InitializeSparseNdw; 121ms in InferThetaAndUpdateNwtSparse; 61ms in CalculateScore(PerplexityScore); 11ms in CalculateScore(SparsityThetaScore); 72ms in CalculateScore(^^^ItemsProcessedScore^^^); ]
I0506 17:50:50.781180 10896 processor.cc:659] No data in processing queue, waiting...
I0506 17:50:50.784181  2828 processor.cc:659] No data in processing queue, waiting...
I0506 17:50:50.809200 11604 processor.cc:659] No data in processing queue, waiting...
I0506 17:50:50.846279 10236 processor.cc:830] Processor: complete processing batch b9d34635-8ca1-46f9-b4a7-86526fe3e8c5 into model nwt
I0506 17:50:50.846279 10236 cuckoo_watch.h:44] 301ms in ProcessBatch(vk\aaaaaj.batch) [including 18ms in LoadMessage; 4ms in InitializeSparseNdw; 112ms in InferThetaAndUpdateNwtSparse; 77ms in CalculateScore(PerplexityScore); 8ms in CalculateScore(SparsityThetaScore); 73ms in CalculateScore(^^^ItemsProcessedScore^^^); ]
I0506 17:50:50.861905 11340 master_component.cc:1200] RegularizeModelArgs: rwt_target_name=rwt, pwt_source_name=pwt, nwt_source_name=nwt
I0506 17:50:50.861905 11340 master_component.cc:785] MasterComponent: start regularizing model pwt
I0506 17:50:51.111909 11340 master_component.cc:808] MasterComponent: complete regularizing model pwt
I0506 17:50:51.111909 11340 master_component.cc:1211] NormalizeModelArgs: pwt_target_name=pwt, nwt_source_name=nwt, rwt_source_name=rwt
I0506 17:50:51.111909 11340 master_component.cc:812] MasterComponent: start normalizing model nwt
I0506 17:50:51.143162 10236 processor.cc:659] No data in processing queue, waiting...
I0506 17:50:51.252539 11340 master_component.cc:834] MasterComponent: complete normalizing model nwt
I0506 17:50:51.320505 11340 master_component.cc:1235] DisposeModel rwt
I0506 17:50:51.332514 11340 master_component.cc:858] FitOffline: ItemsProcessed, num_items=10001, num_batches=11, token_weight=2.1219e+06, token_weight_in_effect=2.1219e+06
I0506 17:50:51.377813 12036 c_interface.cc:523] Pass GetScoreValueArgs, score_name=^^^ItemsProcessedScore^^^ to MasterComponent::Request
I0506 17:50:51.377813 12036 c_interface.cc:205] ArtmCopyRequestedMessage is copying 54 bytes...
I0506 17:50:51.377813 11340 c_interface.cc:359] Pass FitOfflineMasterModelArgs, batch_filename_size=11, batch_weight_size=11, num_collection_passes=1 to void (__cdecl artm::core::MasterComponent::*)(class artm::FitOfflineMasterModelArgs const & __ptr64) __ptr64
I0506 17:50:51.377813 11340 master_component.cc:1162] ProcessBatchesArgs: nwt_target_name=nwt, batch_filename_size=11, batch_size=0, batch_weight_size=11, pwt_source_name=pwt, num_document_passes=1, regularizer=(name:SparseTheta, tau:-0.15), regularizer=(name:SparsePhi, tau:-0.1), regularizer=(name:DecorrelatorPhi, tau:150000), reuse_theta=no, opt_for_avx=yes, predict_class_id=
I0506 17:50:51.471616 11604 processor.cc:666] Processing queue has data, processing started
I0506 17:50:51.471616 10236 processor.cc:666] Processing queue has data, processing started
I0506 17:50:51.471616 10896 processor.cc:666] Processing queue has data, processing started
I0506 17:50:51.471616  2828 processor.cc:666] Processing queue has data, processing started
I0506 17:50:51.487186 10236 processor.cc:742] Processor: start processing batch c525ae55-9040-4a0a-bbab-83c85c734af8 into model nwt
I0506 17:50:51.487186 11604 processor.cc:742] Processor: start processing batch fb769380-fe27-43a4-8c27-26f218018956 into model nwt
I0506 17:50:51.487186  2828 processor.cc:742] Processor: start processing batch 4b84a36e-29f9-4537-ba43-9c295743dc50 into model nwt
I0506 17:50:51.487186 10896 processor.cc:742] Processor: start processing batch 9589b3a2-7003-43d8-9bdd-4c4958e1d462 into model nwt
I0506 17:50:51.752815 10236 processor.cc:830] Processor: complete processing batch c525ae55-9040-4a0a-bbab-83c85c734af8 into model nwt
I0506 17:50:51.768440 10236 cuckoo_watch.h:44] 297ms in ProcessBatch(vk\aaaaac.batch) [including 13ms in LoadMessage; 1ms in InitializeSparseNdw; 93ms in InferThetaAndUpdateNwtSparse; 72ms in CalculateScore(PerplexityScore); 17ms in CalculateScore(SparsityThetaScore); 90ms in CalculateScore(^^^ItemsProcessedScore^^^); ]
I0506 17:50:51.784065 10236 processor.cc:742] Processor: start processing batch 189461fd-5848-4217-99b1-4482b5666704 into model nwt
I0506 17:50:51.799691 10896 processor.cc:830] Processor: complete processing batch 9589b3a2-7003-43d8-9bdd-4c4958e1d462 into model nwt
I0506 17:50:51.815315 10896 cuckoo_watch.h:44] 345ms in ProcessBatch(vk\aaaaab.batch) [including 17ms in LoadMessage; 2ms in InitializeSparseNdw; 115ms in InferThetaAndUpdateNwtSparse; 83ms in CalculateScore(PerplexityScore); 17ms in CalculateScore(SparsityThetaScore); 100ms in CalculateScore(^^^ItemsProcessedScore^^^); ]
I0506 17:50:51.815315 11604 processor.cc:830] Processor: complete processing batch fb769380-fe27-43a4-8c27-26f218018956 into model nwt
I0506 17:50:51.815315 11604 cuckoo_watch.h:44] 352ms in ProcessBatch(vk\aaaaaa.batch) [including 16ms in LoadMessage; 2ms in InitializeSparseNdw; 120ms in InferThetaAndUpdateNwtSparse; 84ms in CalculateScore(PerplexityScore); 16ms in CalculateScore(SparsityThetaScore); 104ms in CalculateScore(^^^ItemsProcessedScore^^^); ]
I0506 17:50:51.840441 10896 processor.cc:742] Processor: start processing batch d3907409-8f45-4c19-87d8-cc1359870f5c into model nwt
I0506 17:50:51.844445 11604 processor.cc:742] Processor: start processing batch 6d2bbae5-0ad0-4d84-8d8a-18a9ba03b9ea into model nwt
I0506 17:50:51.852449  2828 processor.cc:830] Processor: complete processing batch 4b84a36e-29f9-4537-ba43-9c295743dc50 into model nwt
I0506 17:50:51.855453  2828 cuckoo_watch.h:44] 383ms in ProcessBatch(vk\aaaaad.batch) [including 17ms in LoadMessage; 4ms in InitializeSparseNdw; 123ms in InferThetaAndUpdateNwtSparse; 94ms in CalculateScore(PerplexityScore); 15ms in CalculateScore(SparsityThetaScore); 121ms in CalculateScore(^^^ItemsProcessedScore^^^); ]
I0506 17:50:51.877467  2828 processor.cc:742] Processor: start processing batch ca3e3b1a-ae65-428c-aa60-f9cf7b0d968b into model nwt
I0506 17:50:52.115571 10236 processor.cc:830] Processor: complete processing batch 189461fd-5848-4217-99b1-4482b5666704 into model nwt
I0506 17:50:52.115571 10236 cuckoo_watch.h:44] 357ms in ProcessBatch(vk\aaaaae.batch) [including 15ms in LoadMessage; 2ms in InitializeSparseNdw; 121ms in InferThetaAndUpdateNwtSparse; 89ms in CalculateScore(PerplexityScore); 15ms in CalculateScore(SparsityThetaScore); 105ms in CalculateScore(^^^ItemsProcessedScore^^^); ]
I0506 17:50:52.145357 10236 processor.cc:742] Processor: start processing batch 460b4aeb-360f-42a2-8ab2-b81e20f0686a into model nwt
I0506 17:50:52.244582 11604 processor.cc:830] Processor: complete processing batch 6d2bbae5-0ad0-4d84-8d8a-18a9ba03b9ea into model nwt
I0506 17:50:52.247583 11604 cuckoo_watch.h:44] 423ms in ProcessBatch(vk\aaaaag.batch) [including 17ms in LoadMessage; 4ms in InitializeSparseNdw; 151ms in InferThetaAndUpdateNwtSparse; 96ms in CalculateScore(PerplexityScore); 17ms in CalculateScore(SparsityThetaScore); 129ms in CalculateScore(^^^ItemsProcessedScore^^^); ]
I0506 17:50:52.264595 10896 processor.cc:830] Processor: complete processing batch d3907409-8f45-4c19-87d8-cc1359870f5c into model nwt
I0506 17:50:52.267597 10896 cuckoo_watch.h:44] 451ms in ProcessBatch(vk\aaaaaf.batch) [including 20ms in LoadMessage; 5ms in InitializeSparseNdw; 154ms in InferThetaAndUpdateNwtSparse; 98ms in CalculateScore(PerplexityScore); 17ms in CalculateScore(SparsityThetaScore); 147ms in CalculateScore(^^^ItemsProcessedScore^^^); ]
I0506 17:50:52.271600 10896 processor.cc:742] Processor: start processing batch d95599f6-ec39-4b14-80f4-2d07742592c0 into model nwt
I0506 17:50:52.271600 10896 processor.cc:830] Processor: complete processing batch d95599f6-ec39-4b14-80f4-2d07742592c0 into model nwt
I0506 17:50:52.271600 10896 cuckoo_watch.h:44] 3ms in ProcessBatch(vk\aaaaak.batch) [including 0ms in LoadMessage; 0ms in InitializeSparseNdw; 0ms in InferThetaAndUpdateNwtSparse; 0ms in CalculateScore(PerplexityScore); 0ms in CalculateScore(SparsityThetaScore); 0ms in CalculateScore(^^^ItemsProcessedScore^^^); ]
I0506 17:50:52.273602 11604 processor.cc:742] Processor: start processing batch b9d34635-8ca1-46f9-b4a7-86526fe3e8c5 into model nwt
I0506 17:50:52.279606  2828 processor.cc:830] Processor: complete processing batch ca3e3b1a-ae65-428c-aa60-f9cf7b0d968b into model nwt
I0506 17:50:52.283608  2828 cuckoo_watch.h:44] 428ms in ProcessBatch(vk\aaaaah.batch) [including 18ms in LoadMessage; 3ms in InitializeSparseNdw; 147ms in InferThetaAndUpdateNwtSparse; 99ms in CalculateScore(PerplexityScore); 20ms in CalculateScore(SparsityThetaScore); 129ms in CalculateScore(^^^ItemsProcessedScore^^^); ]
I0506 17:50:52.302621 10896 processor.cc:659] No data in processing queue, waiting...
I0506 17:50:52.311673  2828 processor.cc:659] No data in processing queue, waiting...
I0506 17:50:52.378535 12036 c_interface.cc:523] Pass GetScoreValueArgs, score_name=^^^ItemsProcessedScore^^^ to MasterComponent::Request
I0506 17:50:52.378535 12036 c_interface.cc:205] ArtmCopyRequestedMessage is copying 54 bytes...
I0506 17:50:52.444236 10236 processor.cc:830] Processor: complete processing batch 460b4aeb-360f-42a2-8ab2-b81e20f0686a into model nwt
I0506 17:50:52.459861 10236 cuckoo_watch.h:44] 334ms in ProcessBatch(vk\aaaaai.batch) [including 15ms in LoadMessage; 4ms in InitializeSparseNdw; 130ms in InferThetaAndUpdateNwtSparse; 71ms in CalculateScore(PerplexityScore); 17ms in CalculateScore(SparsityThetaScore); 87ms in CalculateScore(^^^ItemsProcessedScore^^^); ]
I0506 17:50:52.567704 11604 processor.cc:830] Processor: complete processing batch b9d34635-8ca1-46f9-b4a7-86526fe3e8c5 into model nwt
I0506 17:50:52.569706 11604 cuckoo_watch.h:44] 322ms in ProcessBatch(vk\aaaaaj.batch) [including 22ms in LoadMessage; 3ms in InitializeSparseNdw; 132ms in InferThetaAndUpdateNwtSparse; 78ms in CalculateScore(PerplexityScore); 8ms in CalculateScore(SparsityThetaScore); 71ms in CalculateScore(^^^ItemsProcessedScore^^^); ]
I0506 17:50:52.571717 11340 master_component.cc:1200] RegularizeModelArgs: rwt_target_name=rwt, pwt_source_name=pwt, nwt_source_name=nwt
I0506 17:50:52.571717 11340 master_component.cc:785] MasterComponent: start regularizing model pwt
I0506 17:50:52.574720 10236 processor.cc:659] No data in processing queue, waiting...
I0506 17:50:52.641687 11604 processor.cc:659] No data in processing queue, waiting...
I0506 17:50:52.836889 11340 master_component.cc:808] MasterComponent: complete regularizing model pwt
I0506 17:50:52.836889 11340 master_component.cc:1211] NormalizeModelArgs: pwt_target_name=pwt, nwt_source_name=nwt, rwt_source_name=rwt
I0506 17:50:52.836889 11340 master_component.cc:812] MasterComponent: start normalizing model nwt
I0506 17:50:52.977515 11340 master_component.cc:834] MasterComponent: complete normalizing model nwt
I0506 17:50:53.024390 11340 master_component.cc:1235] DisposeModel rwt
I0506 17:50:53.040016 11340 master_component.cc:858] FitOffline: ItemsProcessed, num_items=10001, num_batches=11, token_weight=2.1219e+06, token_weight_in_effect=2.1219e+06
I0506 17:50:53.090060 12036 c_interface.cc:523] Pass GetScoreValueArgs, score_name=^^^ItemsProcessedScore^^^ to MasterComponent::Request
I0506 17:50:53.090060 12036 c_interface.cc:205] ArtmCopyRequestedMessage is copying 54 bytes...
I0506 17:51:03.503300 12036 c_interface.cc:205] ArtmCopyRequestedMessage is copying 597 bytes...
I0506 17:51:03.504300 12036 c_interface.cc:205] ArtmCopyRequestedMessage is copying 615 bytes...
I0506 17:51:03.506302 12036 c_interface.cc:205] ArtmCopyRequestedMessage is copying 615 bytes...
I0506 17:51:03.507302 12036 c_interface.cc:205] ArtmCopyRequestedMessage is copying 639 bytes...
I0506 17:51:03.516306 12036 c_interface.cc:205] ArtmCopyRequestedMessage is copying 5085804 bytes...
I0506 17:51:04.322979 12036 c_interface.cc:205] ArtmCopyRequestedMessage is copying 6302607 bytes...
I0506 17:51:05.296267 12036 c_interface.cc:205] ArtmCopyRequestedMessage is copying 5085804 bytes...
I0506 17:51:06.275377 12036 c_interface.cc:205] ArtmCopyRequestedMessage is copying 6302607 bytes...
I0506 17:51:07.499225 12036 c_interface.cc:205] ArtmCopyRequestedMessage is copying 780 bytes...
I0506 17:51:07.509945 12036 c_interface.cc:205] ArtmCopyRequestedMessage is copying 794 bytes...
I0506 17:51:07.511946 12036 c_interface.cc:205] ArtmCopyRequestedMessage is copying 780 bytes...
I0506 17:51:07.512948 12036 c_interface.cc:205] ArtmCopyRequestedMessage is copying 794 bytes...
I0506 17:51:11.709512 12036 c_interface.cc:359] Pass MasterModelConfig: topic_name_size=25, score_config_size=5, num_processors=0, pwt_name=pwt, nwt_name=nwt, num_document_passes=1, regularizer=(SparseTheta:-0.15), regularizer=(SparsePhi:-0.2), regularizer=(DecorrelatorPhi:150000), reuse_theta=no, cache_theta=yes, opt_for_avx=yes, disk_cache_path to void (__cdecl artm::core::MasterComponent::*)(class artm::MasterModelConfig const & __ptr64) __ptr64
I0506 17:51:11.709512 12036 instance.cc:380] MasterModelConfig.processors_count is automatically set to 4
I0506 17:51:11.709512 12036 perplexity.cc:24] Perplexity score calculator created: model_type=1, dictionary_name=dad85ae7-a027-4dff-8494-53032d979eb5
I0506 17:51:11.709512 12036 instance.cc:217] Regularizer 'SparseTheta' was cold-reconfigured
I0506 17:51:11.709512 12036 instance.cc:223] Regularizer 'SparsePhi' was cold-reconfigured
I0506 17:51:11.709512 12036 instance.cc:235] Regularizer 'DecorrelatorPhi' was cold-reconfigured
I0506 17:51:11.710512 12036 c_interface.cc:359] Pass MasterModelConfig: topic_name_size=25, score_config_size=5, num_processors=0, pwt_name=pwt, nwt_name=nwt, num_document_passes=1, regularizer=(SparseTheta:-0.2), regularizer=(SparsePhi:-0.2), regularizer=(DecorrelatorPhi:150000), reuse_theta=no, cache_theta=yes, opt_for_avx=yes, disk_cache_path to void (__cdecl artm::core::MasterComponent::*)(class artm::MasterModelConfig const & __ptr64) __ptr64
I0506 17:51:11.710512 12036 instance.cc:380] MasterModelConfig.processors_count is automatically set to 4
I0506 17:51:11.710512 12036 perplexity.cc:24] Perplexity score calculator created: model_type=1, dictionary_name=dad85ae7-a027-4dff-8494-53032d979eb5
I0506 17:51:11.710512 12036 instance.cc:217] Regularizer 'SparseTheta' was cold-reconfigured
I0506 17:51:11.710512 12036 instance.cc:223] Regularizer 'SparsePhi' was cold-reconfigured
I0506 17:51:11.710512 12036 instance.cc:235] Regularizer 'DecorrelatorPhi' was cold-reconfigured
I0506 17:51:11.710512 12036 c_interface.cc:359] Pass MasterModelConfig: topic_name_size=25, score_config_size=5, num_processors=0, pwt_name=pwt, nwt_name=nwt, num_document_passes=1, regularizer=(SparseTheta:-0.2), regularizer=(SparsePhi:-0.2), regularizer=(DecorrelatorPhi:250000), reuse_theta=no, cache_theta=yes, opt_for_avx=yes, disk_cache_path to void (__cdecl artm::core::MasterComponent::*)(class artm::MasterModelConfig const & __ptr64) __ptr64
I0506 17:51:11.711513 12036 instance.cc:380] MasterModelConfig.processors_count is automatically set to 4
I0506 17:51:11.711513 12036 perplexity.cc:24] Perplexity score calculator created: model_type=1, dictionary_name=dad85ae7-a027-4dff-8494-53032d979eb5
I0506 17:51:11.711513 12036 instance.cc:217] Regularizer 'SparseTheta' was cold-reconfigured
I0506 17:51:11.711513 12036 instance.cc:223] Regularizer 'SparsePhi' was cold-reconfigured
I0506 17:51:11.711513 12036 instance.cc:235] Regularizer 'DecorrelatorPhi' was cold-reconfigured
I0506 17:51:12.772716 12036 c_interface.cc:359] Pass MasterModelConfig: topic_name_size=25, score_config_size=6, num_processors=0, pwt_name=pwt, nwt_name=nwt, num_document_passes=1, reuse_theta=no, cache_theta=yes, opt_for_avx=yes, disk_cache_path to void (__cdecl artm::core::MasterComponent::*)(class artm::MasterModelConfig const & __ptr64) __ptr64
I0506 17:51:12.772716 12036 instance.cc:380] MasterModelConfig.processors_count is automatically set to 4
I0506 17:51:12.772716 12036 perplexity.cc:24] Perplexity score calculator created: model_type=1, dictionary_name=dad85ae7-a027-4dff-8494-53032d979eb5
I0506 17:51:12.773715 12036 c_interface.cc:359] Pass MasterModelConfig: topic_name_size=25, score_config_size=6, num_processors=0, pwt_name=pwt, nwt_name=nwt, num_document_passes=1, regularizer=(SparseTheta:-0.2), regularizer=(SparsePhi:-0.2), regularizer=(DecorrelatorPhi:250000), reuse_theta=no, cache_theta=yes, opt_for_avx=yes, disk_cache_path to void (__cdecl artm::core::MasterComponent::*)(class artm::MasterModelConfig const & __ptr64) __ptr64
I0506 17:51:12.773715 12036 instance.cc:380] MasterModelConfig.processors_count is automatically set to 4
I0506 17:51:12.773715 12036 perplexity.cc:24] Perplexity score calculator created: model_type=1, dictionary_name=dad85ae7-a027-4dff-8494-53032d979eb5
I0506 17:51:12.773715 12036 instance.cc:217] Regularizer 'SparseTheta' was cold-reconfigured
I0506 17:51:12.773715 12036 instance.cc:223] Regularizer 'SparsePhi' was cold-reconfigured
I0506 17:51:12.773715 12036 instance.cc:235] Regularizer 'DecorrelatorPhi' was cold-reconfigured
I0506 17:51:14.139659  1068 c_interface.cc:359] Pass FitOfflineMasterModelArgs, batch_filename_size=11, batch_weight_size=11, num_collection_passes=1 to void (__cdecl artm::core::MasterComponent::*)(class artm::FitOfflineMasterModelArgs const & __ptr64) __ptr64
I0506 17:51:14.139659  1068 master_component.cc:1162] ProcessBatchesArgs: nwt_target_name=nwt, batch_filename_size=11, batch_size=0, batch_weight_size=11, pwt_source_name=pwt, num_document_passes=1, reuse_theta=no, opt_for_avx=yes, predict_class_id=
I0506 17:51:14.254032  9600 processor.cc:666] Processing queue has data, processing started
I0506 17:51:14.254032  1128 processor.cc:666] Processing queue has data, processing started
I0506 17:51:14.254032 11972 processor.cc:666] Processing queue has data, processing started
I0506 17:51:14.254032 11812 processor.cc:666] Processing queue has data, processing started
I0506 17:51:14.269645 11972 processor.cc:742] Processor: start processing batch c525ae55-9040-4a0a-bbab-83c85c734af8 into model nwt
I0506 17:51:14.269645 11812 processor.cc:742] Processor: start processing batch 4b84a36e-29f9-4537-ba43-9c295743dc50 into model nwt
I0506 17:51:14.269645  9600 processor.cc:742] Processor: start processing batch fb769380-fe27-43a4-8c27-26f218018956 into model nwt
I0506 17:51:14.269645  1128 processor.cc:742] Processor: start processing batch 9589b3a2-7003-43d8-9bdd-4c4958e1d462 into model nwt
I0506 17:51:14.514528 11972 processor.cc:830] Processor: complete processing batch c525ae55-9040-4a0a-bbab-83c85c734af8 into model nwt
I0506 17:51:14.514528 11972 cuckoo_watch.h:44] 274ms in ProcessBatch(vk\aaaaac.batch) [including 14ms in LoadMessage; 3ms in InitializeSparseNdw; 81ms in InferThetaAndUpdateNwtSparse; 66ms in CalculateScore(PerplexityScore); 17ms in CalculateScore(SparsityThetaScore); 84ms in CalculateScore(^^^ItemsProcessedScore^^^); ]
I0506 17:51:14.545778 11972 processor.cc:742] Processor: start processing batch 189461fd-5848-4217-99b1-4482b5666704 into model nwt
I0506 17:51:14.561403  1128 processor.cc:830] Processor: complete processing batch 9589b3a2-7003-43d8-9bdd-4c4958e1d462 into model nwt
I0506 17:51:14.561403  1128 cuckoo_watch.h:44] 317ms in ProcessBatch(vk\aaaaab.batch) [including 16ms in LoadMessage; 3ms in InitializeSparseNdw; 101ms in InferThetaAndUpdateNwtSparse; 72ms in CalculateScore(PerplexityScore); 20ms in CalculateScore(SparsityThetaScore); 94ms in CalculateScore(^^^ItemsProcessedScore^^^); ]
I0506 17:51:14.577028  9600 processor.cc:830] Processor: complete processing batch fb769380-fe27-43a4-8c27-26f218018956 into model nwt
I0506 17:51:14.577028  9600 cuckoo_watch.h:44] 327ms in ProcessBatch(vk\aaaaaa.batch) [including 17ms in LoadMessage; 3ms in InitializeSparseNdw; 103ms in InferThetaAndUpdateNwtSparse; 76ms in CalculateScore(PerplexityScore); 17ms in CalculateScore(SparsityThetaScore); 101ms in CalculateScore(^^^ItemsProcessedScore^^^); ]
I0506 17:51:14.577028  1128 processor.cc:742] Processor: start processing batch d3907409-8f45-4c19-87d8-cc1359870f5c into model nwt
I0506 17:51:14.592654 11812 processor.cc:830] Processor: complete processing batch 4b84a36e-29f9-4537-ba43-9c295743dc50 into model nwt
I0506 17:51:14.597024 11812 cuckoo_watch.h:44] 343ms in ProcessBatch(vk\aaaaad.batch) [including 16ms in LoadMessage; 4ms in InitializeSparseNdw; 111ms in InferThetaAndUpdateNwtSparse; 79ms in CalculateScore(PerplexityScore); 15ms in CalculateScore(SparsityThetaScore); 108ms in CalculateScore(^^^ItemsProcessedScore^^^); ]
I0506 17:51:14.604029  9600 processor.cc:742] Processor: start processing batch 6d2bbae5-0ad0-4d84-8d8a-18a9ba03b9ea into model nwt
I0506 17:51:14.627045 11812 processor.cc:742] Processor: start processing batch ca3e3b1a-ae65-428c-aa60-f9cf7b0d968b into model nwt
I0506 17:51:14.976070 11972 processor.cc:830] Processor: complete processing batch 189461fd-5848-4217-99b1-4482b5666704 into model nwt
I0506 17:51:14.979073 11972 cuckoo_watch.h:44] 451ms in ProcessBatch(vk\aaaaae.batch) [including 15ms in LoadMessage; 2ms in InitializeSparseNdw; 108ms in InferThetaAndUpdateNwtSparse; 92ms in CalculateScore(PerplexityScore); 26ms in CalculateScore(SparsityThetaScore); 197ms in CalculateScore(^^^ItemsProcessedScore^^^); ]
I0506 17:51:15.009094 11972 processor.cc:742] Processor: start processing batch 460b4aeb-360f-42a2-8ab2-b81e20f0686a into model nwt
I0506 17:51:15.116169  9600 processor.cc:830] Processor: complete processing batch 6d2bbae5-0ad0-4d84-8d8a-18a9ba03b9ea into model nwt
I0506 17:51:15.119174  9600 cuckoo_watch.h:44] 538ms in ProcessBatch(vk\aaaaag.batch) [including 19ms in LoadMessage; 4ms in InitializeSparseNdw; 135ms in InferThetaAndUpdateNwtSparse; 171ms in CalculateScore(PerplexityScore); 16ms in CalculateScore(SparsityThetaScore); 183ms in CalculateScore(^^^ItemsProcessedScore^^^); ]
I0506 17:51:15.127177 11812 processor.cc:830] Processor: complete processing batch ca3e3b1a-ae65-428c-aa60-f9cf7b0d968b into model nwt
I0506 17:51:15.128177  1128 processor.cc:830] Processor: complete processing batch d3907409-8f45-4c19-87d8-cc1359870f5c into model nwt
I0506 17:51:15.131180 11812 cuckoo_watch.h:44] 533ms in ProcessBatch(vk\aaaaah.batch) [including 25ms in LoadMessage; 3ms in InitializeSparseNdw; 134ms in InferThetaAndUpdateNwtSparse; 159ms in CalculateScore(PerplexityScore); 19ms in CalculateScore(SparsityThetaScore); 179ms in CalculateScore(^^^ItemsProcessedScore^^^); ]
I0506 17:51:15.132180  1128 cuckoo_watch.h:44] 561ms in ProcessBatch(vk\aaaaaf.batch) [including 17ms in LoadMessage; 10ms in InitializeSparseNdw; 137ms in InferThetaAndUpdateNwtSparse; 166ms in CalculateScore(PerplexityScore); 18ms in CalculateScore(SparsityThetaScore); 202ms in CalculateScore(^^^ItemsProcessedScore^^^); ]
I0506 17:51:15.134181 11812 processor.cc:742] Processor: start processing batch d95599f6-ec39-4b14-80f4-2d07742592c0 into model nwt
I0506 17:51:15.134181 11812 processor.cc:830] Processor: complete processing batch d95599f6-ec39-4b14-80f4-2d07742592c0 into model nwt
