I0506 17:50:36.509313 10896 processor.cc:830] Processor: complete processing batch d3907409-8f45-4c19-87d8-cc1359870f5c into model nwt
I0506 17:50:36.524940 12036 c_interface.cc:523] Pass GetScoreValueArgs, score_name=^^^ItemsProcessedScore^^^ to MasterComponent::Request
I0506 17:50:36.524940 12036 c_interface.cc:205] ArtmCopyRequestedMessage is copying 54 bytes...
I0506 17:50:36.556190 10896 cuckoo_watch.h:44] 518ms in ProcessBatch(vk\aaaaaf.batch) [including 18ms in LoadMessage; 4ms in InitializeSparseNdw; 173ms in InferThetaAndUpdateNwtSparse; 135ms in CalculateScore(PerplexityScore); 20ms in CalculateScore(SparsityThetaScore); 126ms in CalculateScore(^^^ItemsProcessedScore^^^); ]
I0506 17:50:36.571815 11604 processor.cc:830] Processor: complete processing batch 6d2bbae5-0ad0-4d84-8d8a-18a9ba03b9ea into model nwt
I0506 17:50:36.571815 11604 cuckoo_watch.h:44] 524ms in ProcessBatch(vk\aaaaag.batch) [including 17ms in LoadMessage; 3ms in InitializeSparseNdw; 161ms in InferThetaAndUpdateNwtSparse; 112ms in CalculateScore(PerplexityScore); 15ms in CalculateScore(SparsityThetaScore); 182ms in CalculateScore(^^^ItemsProcessedScore^^^); ]
I0506 17:50:36.571815 10896 processor.cc:742] Processor: start processing batch b9d34635-8ca1-46f9-b4a7-86526fe3e8c5 into model nwt
I0506 17:50:36.571815 11604 processor.cc:742] Processor: start processing batch d95599f6-ec39-4b14-80f4-2d07742592c0 into model nwt
I0506 17:50:36.571815 11604 processor.cc:830] Processor: complete processing batch d95599f6-ec39-4b14-80f4-2d07742592c0 into model nwt
I0506 17:50:36.571815 11604 cuckoo_watch.h:44] 3ms in ProcessBatch(vk\aaaaak.batch) [including 0ms in LoadMessage; 0ms in InitializeSparseNdw; 0ms in InferThetaAndUpdateNwtSparse; 0ms in CalculateScore(PerplexityScore); 0ms in CalculateScore(SparsityThetaScore); 0ms in CalculateScore(^^^ItemsProcessedScore^^^); ]
I0506 17:50:36.587440 10236 processor.cc:830] Processor: complete processing batch ca3e3b1a-ae65-428c-aa60-f9cf7b0d968b into model nwt
I0506 17:50:36.587440 10236 cuckoo_watch.h:44] 528ms in ProcessBatch(vk\aaaaah.batch) [including 17ms in LoadMessage; 4ms in InitializeSparseNdw; 179ms in InferThetaAndUpdateNwtSparse; 120ms in CalculateScore(PerplexityScore); 32ms in CalculateScore(SparsityThetaScore); 166ms in CalculateScore(^^^ItemsProcessedScore^^^); ]
I0506 17:50:36.712441  2828 processor.cc:830] Processor: complete processing batch 460b4aeb-360f-42a2-8ab2-b81e20f0686a into model nwt
I0506 17:50:36.712441  2828 cuckoo_watch.h:44] 359ms in ProcessBatch(vk\aaaaai.batch) [including 16ms in LoadMessage; 2ms in InitializeSparseNdw; 133ms in InferThetaAndUpdateNwtSparse; 83ms in CalculateScore(PerplexityScore); 16ms in CalculateScore(SparsityThetaScore); 100ms in CalculateScore(^^^ItemsProcessedScore^^^); ]
I0506 17:50:36.767547 11604 processor.cc:659] No data in processing queue, waiting...
I0506 17:50:36.771550 10236 processor.cc:659] No data in processing queue, waiting...
I0506 17:50:36.794565  2828 processor.cc:659] No data in processing queue, waiting...
I0506 17:50:36.925992 10896 processor.cc:830] Processor: complete processing batch b9d34635-8ca1-46f9-b4a7-86526fe3e8c5 into model nwt
I0506 17:50:36.925992 10896 cuckoo_watch.h:44] 375ms in ProcessBatch(vk\aaaaaj.batch) [including 18ms in LoadMessage; 4ms in InitializeSparseNdw; 127ms in InferThetaAndUpdateNwtSparse; 98ms in CalculateScore(PerplexityScore); 9ms in CalculateScore(SparsityThetaScore); 110ms in CalculateScore(^^^ItemsProcessedScore^^^); ]
I0506 17:50:36.941615 11340 master_component.cc:1200] RegularizeModelArgs: rwt_target_name=rwt, pwt_source_name=pwt, nwt_source_name=nwt
I0506 17:50:36.941615 11340 master_component.cc:785] MasterComponent: start regularizing model pwt
I0506 17:50:37.223033 10896 processor.cc:659] No data in processing queue, waiting...
I0506 17:50:37.341009 11340 master_component.cc:808] MasterComponent: complete regularizing model pwt
I0506 17:50:37.341009 11340 master_component.cc:1211] NormalizeModelArgs: pwt_target_name=pwt, nwt_source_name=nwt, rwt_source_name=rwt
I0506 17:50:37.341009 11340 master_component.cc:812] MasterComponent: start normalizing model nwt
I0506 17:50:37.531648 12036 c_interface.cc:523] Pass GetScoreValueArgs, score_name=^^^ItemsProcessedScore^^^ to MasterComponent::Request
I0506 17:50:37.531648 12036 c_interface.cc:205] ArtmCopyRequestedMessage is copying 54 bytes...
I0506 17:50:37.538064 11340 master_component.cc:834] MasterComponent: complete normalizing model nwt
I0506 17:50:37.584960 11340 master_component.cc:1235] DisposeModel rwt
I0506 17:50:37.600584 11340 master_component.cc:858] FitOffline: ItemsProcessed, num_items=10001, num_batches=11, token_weight=2.1219e+06, token_weight_in_effect=2.1219e+06
I0506 17:50:37.647495 12036 c_interface.cc:523] Pass GetScoreValueArgs, score_name=^^^ItemsProcessedScore^^^ to MasterComponent::Request
I0506 17:50:37.647495 12036 c_interface.cc:205] ArtmCopyRequestedMessage is copying 54 bytes...
I0506 17:50:37.647495 11340 c_interface.cc:359] Pass FitOfflineMasterModelArgs, batch_filename_size=11, batch_weight_size=11, num_collection_passes=1 to void (__cdecl artm::core::MasterComponent::*)(class artm::FitOfflineMasterModelArgs const & __ptr64) __ptr64
I0506 17:50:37.647495 11340 master_component.cc:1162] ProcessBatchesArgs: nwt_target_name=nwt, batch_filename_size=11, batch_size=0, batch_weight_size=11, pwt_source_name=pwt, num_document_passes=1, regularizer=(name:SparseTheta, tau:-0.15), regularizer=(name:SparsePhi, tau:-0.1), regularizer=(name:DecorrelatorPhi, tau:150000), reuse_theta=no, opt_for_avx=yes, predict_class_id=
I0506 17:50:37.741194  2828 processor.cc:666] Processing queue has data, processing started
I0506 17:50:37.741194 10236 processor.cc:666] Processing queue has data, processing started
I0506 17:50:37.741194 11604 processor.cc:666] Processing queue has data, processing started
I0506 17:50:37.741194 10896 processor.cc:666] Processing queue has data, processing started
I0506 17:50:37.756819 11604 processor.cc:742] Processor: start processing batch c525ae55-9040-4a0a-bbab-83c85c734af8 into model nwt
I0506 17:50:37.756819  2828 processor.cc:742] Processor: start processing batch 9589b3a2-7003-43d8-9bdd-4c4958e1d462 into model nwt
I0506 17:50:37.756819 10236 processor.cc:742] Processor: start processing batch fb769380-fe27-43a4-8c27-26f218018956 into model nwt
I0506 17:50:37.756819 10896 processor.cc:742] Processor: start processing batch 4b84a36e-29f9-4537-ba43-9c295743dc50 into model nwt
I0506 17:50:38.025265 11604 processor.cc:830] Processor: complete processing batch c525ae55-9040-4a0a-bbab-83c85c734af8 into model nwt
I0506 17:50:38.025265 11604 cuckoo_watch.h:44] 292ms in ProcessBatch(vk\aaaaac.batch) [including 13ms in LoadMessage; 1ms in InitializeSparseNdw; 92ms in InferThetaAndUpdateNwtSparse; 79ms in CalculateScore(PerplexityScore); 17ms in CalculateScore(SparsityThetaScore); 80ms in CalculateScore(^^^ItemsProcessedScore^^^); ]
I0506 17:50:38.040889 11604 processor.cc:742] Processor: start processing batch 189461fd-5848-4217-99b1-4482b5666704 into model nwt
I0506 17:50:38.056515  2828 processor.cc:830] Processor: complete processing batch 9589b3a2-7003-43d8-9bdd-4c4958e1d462 into model nwt
I0506 17:50:38.056515  2828 cuckoo_watch.h:44] 325ms in ProcessBatch(vk\aaaaab.batch) [including 15ms in LoadMessage; 2ms in InitializeSparseNdw; 105ms in InferThetaAndUpdateNwtSparse; 78ms in CalculateScore(PerplexityScore); 16ms in CalculateScore(SparsityThetaScore); 98ms in CalculateScore(^^^ItemsProcessedScore^^^); ]
I0506 17:50:38.072139 10236 processor.cc:830] Processor: complete processing batch fb769380-fe27-43a4-8c27-26f218018956 into model nwt
I0506 17:50:38.087764  2828 processor.cc:742] Processor: start processing batch d3907409-8f45-4c19-87d8-cc1359870f5c into model nwt
I0506 17:50:38.087764 10236 cuckoo_watch.h:44] 349ms in ProcessBatch(vk\aaaaaa.batch) [including 18ms in LoadMessage; 3ms in InitializeSparseNdw; 115ms in InferThetaAndUpdateNwtSparse; 81ms in CalculateScore(PerplexityScore); 17ms in CalculateScore(SparsityThetaScore); 104ms in CalculateScore(^^^ItemsProcessedScore^^^); ]
I0506 17:50:38.087764 10896 processor.cc:830] Processor: complete processing batch 4b84a36e-29f9-4537-ba43-9c295743dc50 into model nwt
I0506 17:50:38.087764 10896 cuckoo_watch.h:44] 357ms in ProcessBatch(vk\aaaaad.batch) [including 15ms in LoadMessage; 3ms in InitializeSparseNdw; 121ms in InferThetaAndUpdateNwtSparse; 80ms in CalculateScore(PerplexityScore); 15ms in CalculateScore(SparsityThetaScore); 114ms in CalculateScore(^^^ItemsProcessedScore^^^); ]
I0506 17:50:38.103390 10236 processor.cc:742] Processor: start processing batch 6d2bbae5-0ad0-4d84-8d8a-18a9ba03b9ea into model nwt
I0506 17:50:38.119016 10896 processor.cc:742] Processor: start processing batch ca3e3b1a-ae65-428c-aa60-f9cf7b0d968b into model nwt
I0506 17:50:38.400393 11604 processor.cc:830] Processor: complete processing batch 189461fd-5848-4217-99b1-4482b5666704 into model nwt
I0506 17:50:38.400393 11604 cuckoo_watch.h:44] 377ms in ProcessBatch(vk\aaaaae.batch) [including 15ms in LoadMessage; 3ms in InitializeSparseNdw; 107ms in InferThetaAndUpdateNwtSparse; 91ms in CalculateScore(PerplexityScore); 30ms in CalculateScore(SparsityThetaScore); 122ms in CalculateScore(^^^ItemsProcessedScore^^^); ]
I0506 17:50:38.434537 11604 processor.cc:742] Processor: start processing batch 460b4aeb-360f-42a2-8ab2-b81e20f0686a into model nwt
I0506 17:50:38.498231  2828 processor.cc:830] Processor: complete processing batch d3907409-8f45-4c19-87d8-cc1359870f5c into model nwt
I0506 17:50:38.513857  2828 cuckoo_watch.h:44] 449ms in ProcessBatch(vk\aaaaaf.batch) [including 18ms in LoadMessage; 3ms in InitializeSparseNdw; 139ms in InferThetaAndUpdateNwtSparse; 123ms in CalculateScore(PerplexityScore); 19ms in CalculateScore(SparsityThetaScore); 136ms in CalculateScore(^^^ItemsProcessedScore^^^); ]
I0506 17:50:38.513857 10236 processor.cc:830] Processor: complete processing batch 6d2bbae5-0ad0-4d84-8d8a-18a9ba03b9ea into model nwt
I0506 17:50:38.513857 10236 cuckoo_watch.h:44] 432ms in ProcessBatch(vk\aaaaag.batch) [including 17ms in LoadMessage; 4ms in InitializeSparseNdw; 129ms in InferThetaAndUpdateNwtSparse; 123ms in CalculateScore(PerplexityScore); 17ms in CalculateScore(SparsityThetaScore); 131ms in CalculateScore(^^^ItemsProcessedScore^^^); ]
I0506 17:50:38.513857 10236 processor.cc:742] Processor: start processing batch d95599f6-ec39-4b14-80f4-2d07742592c0 into model nwt
I0506 17:50:38.513857 10236 processor.cc:830] Processor: complete processing batch d95599f6-ec39-4b14-80f4-2d07742592c0 into model nwt
I0506 17:50:38.513857 10236 cuckoo_watch.h:44] 3ms in ProcessBatch(vk\aaaaak.batch) [including 0ms in LoadMessage; 0ms in InitializeSparseNdw; 0ms in InferThetaAndUpdateNwtSparse; 0ms in CalculateScore(PerplexityScore); 0ms in CalculateScore(SparsityThetaScore); 0ms in CalculateScore(^^^ItemsProcessedScore^^^); ]
I0506 17:50:38.529481  2828 processor.cc:742] Processor: start processing batch b9d34635-8ca1-46f9-b4a7-86526fe3e8c5 into model nwt
I0506 17:50:38.545106 10896 processor.cc:830] Processor: complete processing batch ca3e3b1a-ae65-428c-aa60-f9cf7b0d968b into model nwt
I0506 17:50:38.545106 10896 cuckoo_watch.h:44] 453ms in ProcessBatch(vk\aaaaah.batch) [including 19ms in LoadMessage; 4ms in InitializeSparseNdw; 159ms in InferThetaAndUpdateNwtSparse; 106ms in CalculateScore(PerplexityScore); 17ms in CalculateScore(SparsityThetaScore); 137ms in CalculateScore(^^^ItemsProcessedScore^^^); ]
I0506 17:50:38.654482 12036 c_interface.cc:523] Pass GetScoreValueArgs, score_name=^^^ItemsProcessedScore^^^ to MasterComponent::Request
I0506 17:50:38.654482 12036 c_interface.cc:205] ArtmCopyRequestedMessage is copying 54 bytes...
I0506 17:50:38.795109 11604 processor.cc:830] Processor: complete processing batch 460b4aeb-360f-42a2-8ab2-b81e20f0686a into model nwt
I0506 17:50:38.795109 11604 cuckoo_watch.h:44] 387ms in ProcessBatch(vk\aaaaai.batch) [including 20ms in LoadMessage; 2ms in InitializeSparseNdw; 117ms in InferThetaAndUpdateNwtSparse; 106ms in CalculateScore(PerplexityScore); 19ms in CalculateScore(SparsityThetaScore); 112ms in CalculateScore(^^^ItemsProcessedScore^^^); ]
I0506 17:50:38.810735 10236 processor.cc:659] No data in processing queue, waiting...
I0506 17:50:38.841985 10896 processor.cc:659] No data in processing queue, waiting...
I0506 17:50:38.881402 11604 processor.cc:659] No data in processing queue, waiting...
I0506 17:50:38.915467  2828 processor.cc:830] Processor: complete processing batch b9d34635-8ca1-46f9-b4a7-86526fe3e8c5 into model nwt
I0506 17:50:38.915467  2828 cuckoo_watch.h:44] 409ms in ProcessBatch(vk\aaaaaj.batch) [including 19ms in LoadMessage; 4ms in InitializeSparseNdw; 148ms in InferThetaAndUpdateNwtSparse; 119ms in CalculateScore(PerplexityScore); 14ms in CalculateScore(SparsityThetaScore); 95ms in CalculateScore(^^^ItemsProcessedScore^^^); ]
I0506 17:50:38.931108 11340 master_component.cc:1200] RegularizeModelArgs: rwt_target_name=rwt, pwt_source_name=pwt, nwt_source_name=nwt
I0506 17:50:38.931108 11340 master_component.cc:785] MasterComponent: start regularizing model pwt
I0506 17:50:38.977272  2828 processor.cc:659] No data in processing queue, waiting...
I0506 17:50:39.202989 11340 master_component.cc:808] MasterComponent: complete regularizing model pwt
I0506 17:50:39.202989 11340 master_component.cc:1211] NormalizeModelArgs: pwt_target_name=pwt, nwt_source_name=nwt, rwt_source_name=rwt
I0506 17:50:39.202989 11340 master_component.cc:812] MasterComponent: start normalizing model nwt
I0506 17:50:39.362676 11340 master_component.cc:834] MasterComponent: complete normalizing model nwt
I0506 17:50:39.413605 11340 master_component.cc:1235] DisposeModel rwt
I0506 17:50:39.429234 11340 master_component.cc:858] FitOffline: ItemsProcessed, num_items=10001, num_batches=11, token_weight=2.1219e+06, token_weight_in_effect=2.1219e+06
I0506 17:50:39.491783 12036 c_interface.cc:523] Pass GetScoreValueArgs, score_name=^^^ItemsProcessedScore^^^ to MasterComponent::Request
I0506 17:50:39.491783 12036 c_interface.cc:205] ArtmCopyRequestedMessage is copying 54 bytes...
I0506 17:50:39.491783 11340 c_interface.cc:359] Pass FitOfflineMasterModelArgs, batch_filename_size=11, batch_weight_size=11, num_collection_passes=1 to void (__cdecl artm::core::MasterComponent::*)(class artm::FitOfflineMasterModelArgs const & __ptr64) __ptr64
I0506 17:50:39.491783 11340 master_component.cc:1162] ProcessBatchesArgs: nwt_target_name=nwt, batch_filename_size=11, batch_size=0, batch_weight_size=11, pwt_source_name=pwt, num_document_passes=1, regularizer=(name:SparseTheta, tau:-0.15), regularizer=(name:SparsePhi, tau:-0.1), regularizer=(name:DecorrelatorPhi, tau:150000), reuse_theta=no, opt_for_avx=yes, predict_class_id=
I0506 17:50:39.616786  2828 processor.cc:666] Processing queue has data, processing started
I0506 17:50:39.616786 10896 processor.cc:666] Processing queue has data, processing started
I0506 17:50:39.616786 10236 processor.cc:666] Processing queue has data, processing started
I0506 17:50:39.616786 11604 processor.cc:666] Processing queue has data, processing started
I0506 17:50:39.632359 10236 processor.cc:742] Processor: start processing batch c525ae55-9040-4a0a-bbab-83c85c734af8 into model nwt
I0506 17:50:39.632359 10896 processor.cc:742] Processor: start processing batch 9589b3a2-7003-43d8-9bdd-4c4958e1d462 into model nwt
I0506 17:50:39.632359  2828 processor.cc:742] Processor: start processing batch fb769380-fe27-43a4-8c27-26f218018956 into model nwt
I0506 17:50:39.632359 11604 processor.cc:742] Processor: start processing batch 4b84a36e-29f9-4537-ba43-9c295743dc50 into model nwt
I0506 17:50:39.877177 10236 processor.cc:830] Processor: complete processing batch c525ae55-9040-4a0a-bbab-83c85c734af8 into model nwt
I0506 17:50:39.892802 10236 cuckoo_watch.h:44] 278ms in ProcessBatch(vk\aaaaac.batch) [including 13ms in LoadMessage; 1ms in InitializeSparseNdw; 85ms in InferThetaAndUpdateNwtSparse; 73ms in CalculateScore(PerplexityScore); 16ms in CalculateScore(SparsityThetaScore); 79ms in CalculateScore(^^^ItemsProcessedScore^^^); ]
I0506 17:50:39.908427 10236 processor.cc:742] Processor: start processing batch 189461fd-5848-4217-99b1-4482b5666704 into model nwt
I0506 17:50:39.924053 10896 processor.cc:830] Processor: complete processing batch 9589b3a2-7003-43d8-9bdd-4c4958e1d462 into model nwt
I0506 17:50:39.939677 10896 cuckoo_watch.h:44] 322ms in ProcessBatch(vk\aaaaab.batch) [including 16ms in LoadMessage; 3ms in InitializeSparseNdw; 101ms in InferThetaAndUpdateNwtSparse; 79ms in CalculateScore(PerplexityScore); 17ms in CalculateScore(SparsityThetaScore); 96ms in CalculateScore(^^^ItemsProcessedScore^^^); ]
I0506 17:50:39.939677  2828 processor.cc:830] Processor: complete processing batch fb769380-fe27-43a4-8c27-26f218018956 into model nwt
I0506 17:50:39.955302  2828 cuckoo_watch.h:44] 340ms in ProcessBatch(vk\aaaaaa.batch) [including 16ms in LoadMessage; 3ms in InitializeSparseNdw; 108ms in InferThetaAndUpdateNwtSparse; 79ms in CalculateScore(PerplexityScore); 16ms in CalculateScore(SparsityThetaScore); 100ms in CalculateScore(^^^ItemsProcessedScore^^^); ]
I0506 17:50:39.955302 10896 processor.cc:742] Processor: start processing batch d3907409-8f45-4c19-87d8-cc1359870f5c into model nwt
I0506 17:50:39.955302 11604 processor.cc:830] Processor: complete processing batch 4b84a36e-29f9-4537-ba43-9c295743dc50 into model nwt
I0506 17:50:39.955302 11604 cuckoo_watch.h:44] 352ms in ProcessBatch(vk\aaaaad.batch) [including 15ms in LoadMessage; 3ms in InitializeSparseNdw; 118ms in InferThetaAndUpdateNwtSparse; 82ms in CalculateScore(PerplexityScore); 16ms in CalculateScore(SparsityThetaScore); 107ms in CalculateScore(^^^ItemsProcessedScore^^^); ]
I0506 17:50:39.970927  2828 processor.cc:742] Processor: start processing batch 6d2bbae5-0ad0-4d84-8d8a-18a9ba03b9ea into model nwt
I0506 17:50:39.986552 11604 processor.cc:742] Processor: start processing batch ca3e3b1a-ae65-428c-aa60-f9cf7b0d968b into model nwt
I0506 17:50:40.222252 10236 processor.cc:830] Processor: complete processing batch 189461fd-5848-4217-99b1-4482b5666704 into model nwt
I0506 17:50:40.222252 10236 cuckoo_watch.h:44] 342ms in ProcessBatch(vk\aaaaae.batch) [including 15ms in LoadMessage; 2ms in InitializeSparseNdw; 105ms in InferThetaAndUpdateNwtSparse; 88ms in CalculateScore(PerplexityScore); 16ms in CalculateScore(SparsityThetaScore); 106ms in CalculateScore(^^^ItemsProcessedScore^^^); ]
I0506 17:50:40.253502 10236 processor.cc:742] Processor: start processing batch 460b4aeb-360f-42a2-8ab2-b81e20f0686a into model nwt
I0506 17:50:40.340299 10896 processor.cc:830] Processor: complete processing batch d3907409-8f45-4c19-87d8-cc1359870f5c into model nwt
I0506 17:50:40.342301  2828 processor.cc:830] Processor: complete processing batch 6d2bbae5-0ad0-4d84-8d8a-18a9ba03b9ea into model nwt
I0506 17:50:40.344300 10896 cuckoo_watch.h:44] 404ms in ProcessBatch(vk\aaaaaf.batch) [including 18ms in LoadMessage; 4ms in InitializeSparseNdw; 136ms in InferThetaAndUpdateNwtSparse; 95ms in CalculateScore(PerplexityScore); 17ms in CalculateScore(SparsityThetaScore); 124ms in CalculateScore(^^^ItemsProcessedScore^^^); ]
I0506 17:50:40.345301  2828 cuckoo_watch.h:44] 388ms in ProcessBatch(vk\aaaaag.batch) [including 17ms in LoadMessage; 4ms in InitializeSparseNdw; 124ms in InferThetaAndUpdateNwtSparse; 90ms in CalculateScore(PerplexityScore); 16ms in CalculateScore(SparsityThetaScore); 127ms in CalculateScore(^^^ItemsProcessedScore^^^); ]
I0506 17:50:40.348359  2828 processor.cc:742] Processor: start processing batch d95599f6-ec39-4b14-80f4-2d07742592c0 into model nwt
I0506 17:50:40.348359  2828 processor.cc:830] Processor: complete processing batch d95599f6-ec39-4b14-80f4-2d07742592c0 into model nwt
I0506 17:50:40.348359  2828 cuckoo_watch.h:44] 3ms in ProcessBatch(vk\aaaaak.batch) [including 0ms in LoadMessage; 0ms in InitializeSparseNdw; 0ms in InferThetaAndUpdateNwtSparse; 0ms in CalculateScore(PerplexityScore); 0ms in CalculateScore(SparsityThetaScore); 0ms in CalculateScore(^^^ItemsProcessedScore^^^); ]
I0506 17:50:40.363986 10896 processor.cc:742] Processor: start processing batch b9d34635-8ca1-46f9-b4a7-86526fe3e8c5 into model nwt
I0506 17:50:40.363986 11604 processor.cc:830] Processor: complete processing batch ca3e3b1a-ae65-428c-aa60-f9cf7b0d968b into model nwt
I0506 17:50:40.363986 11604 cuckoo_watch.h:44] 405ms in ProcessBatch(vk\aaaaah.batch) [including 18ms in LoadMessage; 3ms in InitializeSparseNdw; 135ms in InferThetaAndUpdateNwtSparse; 94ms in CalculateScore(PerplexityScore); 17ms in CalculateScore(SparsityThetaScore); 128ms in CalculateScore(^^^ItemsProcessedScore^^^); ]
I0506 17:50:40.504611 12036 c_interface.cc:523] Pass GetScoreValueArgs, score_name=^^^ItemsProcessedScore^^^ to MasterComponent::Request
I0506 17:50:40.504611 12036 c_interface.cc:205] ArtmCopyRequestedMessage is copying 54 bytes...
I0506 17:50:40.520237 10236 processor.cc:830] Processor: complete processing batch 460b4aeb-360f-42a2-8ab2-b81e20f0686a into model nwt
I0506 17:50:40.520237 10236 cuckoo_watch.h:44] 292ms in ProcessBatch(vk\aaaaai.batch) [including 15ms in LoadMessage; 2ms in InitializeSparseNdw; 116ms in InferThetaAndUpdateNwtSparse; 61ms in CalculateScore(PerplexityScore); 12ms in CalculateScore(SparsityThetaScore); 78ms in CalculateScore(^^^ItemsProcessedScore^^^); ]
I0506 17:50:40.629616 10896 processor.cc:830] Processor: complete processing batch b9d34635-8ca1-46f9-b4a7-86526fe3e8c5 into model nwt
I0506 17:50:40.629616 10896 cuckoo_watch.h:44] 289ms in ProcessBatch(vk\aaaaaj.batch) [including 18ms in LoadMessage; 4ms in InitializeSparseNdw; 103ms in InferThetaAndUpdateNwtSparse; 78ms in CalculateScore(PerplexityScore); 8ms in CalculateScore(SparsityThetaScore); 68ms in CalculateScore(^^^ItemsProcessedScore^^^); ]
I0506 17:50:40.645252  2828 processor.cc:659] No data in processing queue, waiting...
I0506 17:50:40.645252 11340 master_component.cc:1200] RegularizeModelArgs: rwt_target_name=rwt, pwt_source_name=pwt, nwt_source_name=nwt
I0506 17:50:40.645252 11340 master_component.cc:785] MasterComponent: start regularizing model pwt
I0506 17:50:40.660863 11604 processor.cc:659] No data in processing queue, waiting...
I0506 17:50:40.817132 10236 processor.cc:659] No data in processing queue, waiting...
I0506 17:50:40.839351 10896 processor.cc:659] No data in processing queue, waiting...
I0506 17:50:40.913652 11340 master_component.cc:808] MasterComponent: complete regularizing model pwt
I0506 17:50:40.913652 11340 master_component.cc:1211] NormalizeModelArgs: pwt_target_name=pwt, nwt_source_name=nwt, rwt_source_name=rwt
I0506 17:50:40.913652 11340 master_component.cc:812] MasterComponent: start normalizing model nwt
I0506 17:50:41.069903 11340 master_component.cc:834] MasterComponent: complete normalizing model nwt
I0506 17:50:41.116776 11340 master_component.cc:1235] DisposeModel rwt
I0506 17:50:41.132401 11340 master_component.cc:858] FitOffline: ItemsProcessed, num_items=10001, num_batches=11, token_weight=2.1219e+06, token_weight_in_effect=2.1219e+06
I0506 17:50:41.179277 12036 c_interface.cc:523] Pass GetScoreValueArgs, score_name=^^^ItemsProcessedScore^^^ to MasterComponent::Request
I0506 17:50:41.179277 12036 c_interface.cc:205] ArtmCopyRequestedMessage is copying 54 bytes...
I0506 17:50:41.179277 11340 c_interface.cc:359] Pass FitOfflineMasterModelArgs, batch_filename_size=11, batch_weight_size=11, num_collection_passes=1 to void (__cdecl artm::core::MasterComponent::*)(class artm::FitOfflineMasterModelArgs const & __ptr64) __ptr64
I0506 17:50:41.179277 11340 master_component.cc:1162] ProcessBatchesArgs: nwt_target_name=nwt, batch_filename_size=11, batch_size=0, batch_weight_size=11, pwt_source_name=pwt, num_document_passes=1, regularizer=(name:SparseTheta, tau:-0.15), regularizer=(name:SparsePhi, tau:-0.1), regularizer=(name:DecorrelatorPhi, tau:150000), reuse_theta=no, opt_for_avx=yes, predict_class_id=
I0506 17:50:41.297307 10236 processor.cc:666] Processing queue has data, processing started
I0506 17:50:41.297307  2828 processor.cc:666] Processing queue has data, processing started
I0506 17:50:41.297307 10896 processor.cc:666] Processing queue has data, processing started
I0506 17:50:41.297307 11604 processor.cc:666] Processing queue has data, processing started
I0506 17:50:41.312933 10896 processor.cc:742] Processor: start processing batch c525ae55-9040-4a0a-bbab-83c85c734af8 into model nwt
I0506 17:50:41.312933  2828 processor.cc:742] Processor: start processing batch 9589b3a2-7003-43d8-9bdd-4c4958e1d462 into model nwt
I0506 17:50:41.312933 10236 processor.cc:742] Processor: start processing batch fb769380-fe27-43a4-8c27-26f218018956 into model nwt
I0506 17:50:41.312933 11604 processor.cc:742] Processor: start processing batch 4b84a36e-29f9-4537-ba43-9c295743dc50 into model nwt
I0506 17:50:41.569872 10896 processor.cc:830] Processor: complete processing batch c525ae55-9040-4a0a-bbab-83c85c734af8 into model nwt
I0506 17:50:41.569872 10896 cuckoo_watch.h:44] 276ms in ProcessBatch(vk\aaaaac.batch) [including 14ms in LoadMessage; 2ms in InitializeSparseNdw; 91ms in InferThetaAndUpdateNwtSparse; 60ms in CalculateScore(PerplexityScore); 16ms in CalculateScore(SparsityThetaScore); 84ms in CalculateScore(^^^ItemsProcessedScore^^^); ]
I0506 17:50:41.585496 10896 processor.cc:742] Processor: start processing batch 189461fd-5848-4217-99b1-4482b5666704 into model nwt
I0506 17:50:41.616747  2828 processor.cc:830] Processor: complete processing batch 9589b3a2-7003-43d8-9bdd-4c4958e1d462 into model nwt
I0506 17:50:41.616747  2828 cuckoo_watch.h:44] 323ms in ProcessBatch(vk\aaaaab.batch) [including 16ms in LoadMessage; 3ms in InitializeSparseNdw; 106ms in InferThetaAndUpdateNwtSparse; 75ms in CalculateScore(PerplexityScore); 17ms in CalculateScore(SparsityThetaScore); 96ms in CalculateScore(^^^ItemsProcessedScore^^^); ]
I0506 17:50:41.616747 10236 processor.cc:830] Processor: complete processing batch fb769380-fe27-43a4-8c27-26f218018956 into model nwt
I0506 17:50:41.632371 10236 cuckoo_watch.h:44] 335ms in ProcessBatch(vk\aaaaaa.batch) [including 16ms in LoadMessage; 3ms in InitializeSparseNdw; 111ms in InferThetaAndUpdateNwtSparse; 77ms in CalculateScore(PerplexityScore); 16ms in CalculateScore(SparsityThetaScore); 103ms in CalculateScore(^^^ItemsProcessedScore^^^); ]
I0506 17:50:41.632371  2828 processor.cc:742] Processor: start processing batch d3907409-8f45-4c19-87d8-cc1359870f5c into model nwt
I0506 17:50:41.647997 10236 processor.cc:742] Processor: start processing batch 6d2bbae5-0ad0-4d84-8d8a-18a9ba03b9ea into model nwt
I0506 17:50:41.647997 11604 processor.cc:830] Processor: complete processing batch 4b84a36e-29f9-4537-ba43-9c295743dc50 into model nwt
I0506 17:50:41.647997 11604 cuckoo_watch.h:44] 361ms in ProcessBatch(vk\aaaaad.batch) [including 15ms in LoadMessage; 2ms in InitializeSparseNdw; 117ms in InferThetaAndUpdateNwtSparse; 93ms in CalculateScore(PerplexityScore); 15ms in CalculateScore(SparsityThetaScore); 109ms in CalculateScore(^^^ItemsProcessedScore^^^); ]
I0506 17:50:41.687719 11604 processor.cc:742] Processor: start processing batch ca3e3b1a-ae65-428c-aa60-f9cf7b0d968b into model nwt
I0506 17:50:41.919296 10896 processor.cc:830] Processor: complete processing batch 189461fd-5848-4217-99b1-4482b5666704 into model nwt
I0506 17:50:41.919296 10896 cuckoo_watch.h:44] 353ms in ProcessBatch(vk\aaaaae.batch) [including 16ms in LoadMessage; 2ms in InitializeSparseNdw; 112ms in InferThetaAndUpdateNwtSparse; 92ms in CalculateScore(PerplexityScore); 16ms in CalculateScore(SparsityThetaScore); 106ms in CalculateScore(^^^ItemsProcessedScore^^^); ]
I0506 17:50:41.934921 10896 processor.cc:742] Processor: start processing batch 460b4aeb-360f-42a2-8ab2-b81e20f0686a into model nwt
I0506 17:50:42.013047 10236 processor.cc:830] Processor: complete processing batch 6d2bbae5-0ad0-4d84-8d8a-18a9ba03b9ea into model nwt
I0506 17:50:42.028671 10236 cuckoo_watch.h:44] 398ms in ProcessBatch(vk\aaaaag.batch) [including 18ms in LoadMessage; 4ms in InitializeSparseNdw; 135ms in InferThetaAndUpdateNwtSparse; 89ms in CalculateScore(PerplexityScore); 16ms in CalculateScore(SparsityThetaScore); 125ms in CalculateScore(^^^ItemsProcessedScore^^^); ]
I0506 17:50:42.028671  2828 processor.cc:830] Processor: complete processing batch d3907409-8f45-4c19-87d8-cc1359870f5c into model nwt
I0506 17:50:42.028671  2828 cuckoo_watch.h:44] 415ms in ProcessBatch(vk\aaaaaf.batch) [including 18ms in LoadMessage; 3ms in InitializeSparseNdw; 146ms in InferThetaAndUpdateNwtSparse; 94ms in CalculateScore(PerplexityScore); 17ms in CalculateScore(SparsityThetaScore); 127ms in CalculateScore(^^^ItemsProcessedScore^^^); ]
I0506 17:50:42.028671  2828 processor.cc:742] Processor: start processing batch d95599f6-ec39-4b14-80f4-2d07742592c0 into model nwt
I0506 17:50:42.028671  2828 processor.cc:830] Processor: complete processing batch d95599f6-ec39-4b14-80f4-2d07742592c0 into model nwt
I0506 17:50:42.028671  2828 cuckoo_watch.h:44] 3ms in ProcessBatch(vk\aaaaak.batch) [including 0ms in LoadMessage; 0ms in InitializeSparseNdw; 0ms in InferThetaAndUpdateNwtSparse; 0ms in CalculateScore(PerplexityScore); 0ms in CalculateScore(SparsityThetaScore); 0ms in CalculateScore(^^^ItemsProcessedScore^^^); ]
I0506 17:50:42.044296 10236 processor.cc:742] Processor: start processing batch b9d34635-8ca1-46f9-b4a7-86526fe3e8c5 into model nwt
I0506 17:50:42.076725 11604 processor.cc:830] Processor: complete processing batch ca3e3b1a-ae65-428c-aa60-f9cf7b0d968b into model nwt
I0506 17:50:42.080729 11604 cuckoo_watch.h:44] 417ms in ProcessBatch(vk\aaaaah.batch) [including 22ms in LoadMessage; 4ms in InitializeSparseNdw; 143ms in InferThetaAndUpdateNwtSparse; 98ms in CalculateScore(PerplexityScore); 17ms in CalculateScore(SparsityThetaScore); 124ms in CalculateScore(^^^ItemsProcessedScore^^^); ]
I0506 17:50:42.191642 12036 c_interface.cc:523] Pass GetScoreValueArgs, score_name=^^^ItemsProcessedScore^^^ to MasterComponent::Request
I0506 17:50:42.191642 12036 c_interface.cc:205] ArtmCopyRequestedMessage is copying 54 bytes...
I0506 17:50:42.212808 10896 processor.cc:830] Processor: complete processing batch 460b4aeb-360f-42a2-8ab2-b81e20f0686a into model nwt
I0506 17:50:42.214809  2828 processor.cc:659] No data in processing queue, waiting...
I0506 17:50:42.216809 10896 cuckoo_watch.h:44] 290ms in ProcessBatch(vk\aaaaai.batch) [including 15ms in LoadMessage; 3ms in InitializeSparseNdw; 114ms in InferThetaAndUpdateNwtSparse; 69ms in CalculateScore(PerplexityScore); 14ms in CalculateScore(SparsityThetaScore); 65ms in CalculateScore(^^^ItemsProcessedScore^^^); ]
I0506 17:50:42.222815 11604 processor.cc:659] No data in processing queue, waiting...
I0506 17:50:42.242830 10896 processor.cc:659] No data in processing queue, waiting...
I0506 17:50:42.307860 10236 processor.cc:830] Processor: complete processing batch b9d34635-8ca1-46f9-b4a7-86526fe3e8c5 into model nwt
I0506 17:50:42.307860 10236 cuckoo_watch.h:44] 286ms in ProcessBatch(vk\aaaaaj.batch) [including 18ms in LoadMessage; 4ms in InitializeSparseNdw; 109ms in InferThetaAndUpdateNwtSparse; 68ms in CalculateScore(PerplexityScore); 9ms in CalculateScore(SparsityThetaScore); 70ms in CalculateScore(^^^ItemsProcessedScore^^^); ]
I0506 17:50:42.323501 11340 master_component.cc:1200] RegularizeModelArgs: rwt_target_name=rwt, pwt_source_name=pwt, nwt_source_name=nwt
I0506 17:50:42.323501 11340 master_component.cc:785] MasterComponent: start regularizing model pwt
I0506 17:50:42.423717 10236 processor.cc:659] No data in processing queue, waiting...
I0506 17:50:42.604249 11340 master_component.cc:808] MasterComponent: complete regularizing model pwt
I0506 17:50:42.605248 11340 master_component.cc:1211] NormalizeModelArgs: pwt_target_name=pwt, nwt_source_name=nwt, rwt_source_name=rwt
I0506 17:50:42.605248 11340 master_component.cc:812] MasterComponent: start normalizing model nwt
I0506 17:50:42.747853 11340 master_component.cc:834] MasterComponent: complete normalizing model nwt
I0506 17:50:42.810358 11340 master_component.cc:1235] DisposeModel rwt
I0506 17:50:42.825984 11340 master_component.cc:858] FitOffline: ItemsProcessed, num_items=10001, num_batches=11, token_weight=2.1219e+06, token_weight_in_effect=2.1219e+06
I0506 17:50:42.872908 12036 c_interface.cc:523] Pass GetScoreValueArgs, score_name=^^^ItemsProcessedScore^^^ to MasterComponent::Request
I0506 17:50:42.872908 12036 c_interface.cc:205] ArtmCopyRequestedMessage is copying 54 bytes...
I0506 17:50:42.872908 11340 c_interface.cc:359] Pass FitOfflineMasterModelArgs, batch_filename_size=11, batch_weight_size=11, num_collection_passes=1 to void (__cdecl artm::core::MasterComponent::*)(class artm::FitOfflineMasterModelArgs const & __ptr64) __ptr64
I0506 17:50:42.872908 11340 master_component.cc:1162] ProcessBatchesArgs: nwt_target_name=nwt, batch_filename_size=11, batch_size=0, batch_weight_size=11, pwt_source_name=pwt, num_document_passes=1, regularizer=(name:SparseTheta, tau:-0.15), regularizer=(name:SparsePhi, tau:-0.1), regularizer=(name:DecorrelatorPhi, tau:150000), reuse_theta=no, opt_for_avx=yes, predict_class_id=
I0506 17:50:42.982231 11604 processor.cc:666] Processing queue has data, processing started
I0506 17:50:42.990445  2828 processor.cc:666] Processing queue has data, processing started
I0506 17:50:42.990445 10236 processor.cc:666] Processing queue has data, processing started
I0506 17:50:42.997449 11604 processor.cc:742] Processor: start processing batch fb769380-fe27-43a4-8c27-26f218018956 into model nwt
I0506 17:50:42.999451 10896 processor.cc:666] Processing queue has data, processing started
I0506 17:50:43.009457  2828 processor.cc:742] Processor: start processing batch 9589b3a2-7003-43d8-9bdd-4c4958e1d462 into model nwt
I0506 17:50:43.011459 10236 processor.cc:742] Processor: start processing batch c525ae55-9040-4a0a-bbab-83c85c734af8 into model nwt
I0506 17:50:43.018465 10896 processor.cc:742] Processor: start processing batch 4b84a36e-29f9-4537-ba43-9c295743dc50 into model nwt
I0506 17:50:43.270275 10236 processor.cc:830] Processor: complete processing batch c525ae55-9040-4a0a-bbab-83c85c734af8 into model nwt
I0506 17:50:43.273277 10236 cuckoo_watch.h:44] 282ms in ProcessBatch(vk\aaaaac.batch) [including 16ms in LoadMessage; 2ms in InitializeSparseNdw; 89ms in InferThetaAndUpdateNwtSparse; 61ms in CalculateScore(PerplexityScore); 16ms in CalculateScore(SparsityThetaScore); 88ms in CalculateScore(^^^ItemsProcessedScore^^^); ]
I0506 17:50:43.281324 10236 processor.cc:742] Processor: start processing batch 189461fd-5848-4217-99b1-4482b5666704 into model nwt
I0506 17:50:43.312575  2828 processor.cc:830] Processor: complete processing batch 9589b3a2-7003-43d8-9bdd-4c4958e1d462 into model nwt
I0506 17:50:43.312575  2828 cuckoo_watch.h:44] 334ms in ProcessBatch(vk\aaaaab.batch) [including 16ms in LoadMessage; 3ms in InitializeSparseNdw; 106ms in InferThetaAndUpdateNwtSparse; 72ms in CalculateScore(PerplexityScore); 17ms in CalculateScore(SparsityThetaScore); 111ms in CalculateScore(^^^ItemsProcessedScore^^^); ]
I0506 17:50:43.312575 11604 processor.cc:830] Processor: complete processing batch fb769380-fe27-43a4-8c27-26f218018956 into model nwt
I0506 17:50:43.328200 11604 cuckoo_watch.h:44] 346ms in ProcessBatch(vk\aaaaaa.batch) [including 13ms in LoadMessage; 2ms in InitializeSparseNdw; 115ms in InferThetaAndUpdateNwtSparse; 79ms in CalculateScore(PerplexityScore); 17ms in CalculateScore(SparsityThetaScore); 111ms in CalculateScore(^^^ItemsProcessedScore^^^); ]
I0506 17:50:43.343827  2828 processor.cc:742] Processor: start processing batch d3907409-8f45-4c19-87d8-cc1359870f5c into model nwt
I0506 17:50:43.343827 11604 processor.cc:742] Processor: start processing batch 6d2bbae5-0ad0-4d84-8d8a-18a9ba03b9ea into model nwt
I0506 17:50:43.359452 10896 processor.cc:830] Processor: complete processing batch 4b84a36e-29f9-4537-ba43-9c295743dc50 into model nwt
I0506 17:50:43.359452 10896 cuckoo_watch.h:44] 366ms in ProcessBatch(vk\aaaaad.batch) [including 16ms in LoadMessage; 3ms in InitializeSparseNdw; 121ms in InferThetaAndUpdateNwtSparse; 82ms in CalculateScore(PerplexityScore); 18ms in CalculateScore(SparsityThetaScore); 117ms in CalculateScore(^^^ItemsProcessedScore^^^); ]
I0506 17:50:43.375077 10896 processor.cc:742] Processor: start processing batch ca3e3b1a-ae65-428c-aa60-f9cf7b0d968b into model nwt
I0506 17:50:43.609454 10236 processor.cc:830] Processor: complete processing batch 189461fd-5848-4217-99b1-4482b5666704 into model nwt
I0506 17:50:43.609454 10236 cuckoo_watch.h:44] 343ms in ProcessBatch(vk\aaaaae.batch) [including 15ms in LoadMessage; 2ms in InitializeSparseNdw; 105ms in InferThetaAndUpdateNwtSparse; 91ms in CalculateScore(PerplexityScore); 16ms in CalculateScore(SparsityThetaScore); 105ms in CalculateScore(^^^ItemsProcessedScore^^^); ]
I0506 17:50:43.625079 10236 processor.cc:742] Processor: start processing batch 460b4aeb-360f-42a2-8ab2-b81e20f0686a into model nwt
I0506 17:50:43.713757 11604 processor.cc:830] Processor: complete processing batch 6d2bbae5-0ad0-4d84-8d8a-18a9ba03b9ea into model nwt
I0506 17:50:43.729382 11604 cuckoo_watch.h:44] 403ms in ProcessBatch(vk\aaaaag.batch) [including 18ms in LoadMessage; 4ms in InitializeSparseNdw; 128ms in InferThetaAndUpdateNwtSparse; 88ms in CalculateScore(PerplexityScore); 16ms in CalculateScore(SparsityThetaScore); 137ms in CalculateScore(^^^ItemsProcessedScore^^^); ]
I0506 17:50:43.729382  2828 processor.cc:830] Processor: complete processing batch d3907409-8f45-4c19-87d8-cc1359870f5c into model nwt
I0506 17:50:43.729382  2828 cuckoo_watch.h:44] 410ms in ProcessBatch(vk\aaaaaf.batch) [including 17ms in LoadMessage; 4ms in InitializeSparseNdw; 136ms in InferThetaAndUpdateNwtSparse; 91ms in CalculateScore(PerplexityScore); 18ms in CalculateScore(SparsityThetaScore); 135ms in CalculateScore(^^^ItemsProcessedScore^^^); ]
I0506 17:50:43.729382  2828 processor.cc:742] Processor: start processing batch d95599f6-ec39-4b14-80f4-2d07742592c0 into model nwt
I0506 17:50:43.729382  2828 processor.cc:830] Processor: complete processing batch d95599f6-ec39-4b14-80f4-2d07742592c0 into model nwt
I0506 17:50:43.729382  2828 cuckoo_watch.h:44] 3ms in ProcessBatch(vk\aaaaak.batch) [including 0ms in LoadMessage; 0ms in InitializeSparseNdw; 0ms in InferThetaAndUpdateNwtSparse; 0ms in CalculateScore(PerplexityScore); 0ms in CalculateScore(SparsityThetaScore); 0ms in CalculateScore(^^^ItemsProcessedScore^^^); ]
I0506 17:50:43.745007 11604 processor.cc:742] Processor: start processing batch b9d34635-8ca1-46f9-b4a7-86526fe3e8c5 into model nwt
I0506 17:50:43.776257 10896 processor.cc:830] Processor: complete processing batch ca3e3b1a-ae65-428c-aa60-f9cf7b0d968b into model nwt
I0506 17:50:43.776257 10896 cuckoo_watch.h:44] 421ms in ProcessBatch(vk\aaaaah.batch) [including 17ms in LoadMessage; 3ms in InitializeSparseNdw; 139ms in InferThetaAndUpdateNwtSparse; 102ms in CalculateScore(PerplexityScore); 22ms in CalculateScore(SparsityThetaScore); 127ms in CalculateScore(^^^ItemsProcessedScore^^^); ]
I0506 17:50:43.872259 12036 c_interface.cc:523] Pass GetScoreValueArgs, score_name=^^^ItemsProcessedScore^^^ to MasterComponent::Request
I0506 17:50:43.872259 12036 c_interface.cc:205] ArtmCopyRequestedMessage is copying 54 bytes...
I0506 17:50:43.874260  2828 processor.cc:659] No data in processing queue, waiting...
I0506 17:50:43.879264 10896 processor.cc:659] No data in processing queue, waiting...
I0506 17:50:43.897325 10236 processor.cc:830] Processor: complete processing batch 460b4aeb-360f-42a2-8ab2-b81e20f0686a into model nwt
I0506 17:50:43.897325 10236 cuckoo_watch.h:44] 294ms in ProcessBatch(vk\aaaaai.batch) [including 16ms in LoadMessage; 2ms in InitializeSparseNdw; 121ms in InferThetaAndUpdateNwtSparse; 64ms in CalculateScore(PerplexityScore); 9ms in CalculateScore(SparsityThetaScore); 74ms in CalculateScore(^^^ItemsProcessedScore^^^); ]
I0506 17:50:44.006722 11604 processor.cc:830] Processor: complete processing batch b9d34635-8ca1-46f9-b4a7-86526fe3e8c5 into model nwt
I0506 17:50:44.006722 11604 cuckoo_watch.h:44] 288ms in ProcessBatch(vk\aaaaaj.batch) [including 17ms in LoadMessage; 4ms in InitializeSparseNdw; 102ms in InferThetaAndUpdateNwtSparse; 75ms in CalculateScore(PerplexityScore); 9ms in CalculateScore(SparsityThetaScore); 73ms in CalculateScore(^^^ItemsProcessedScore^^^); ]
I0506 17:50:44.022367 11340 master_component.cc:1200] RegularizeModelArgs: rwt_target_name=rwt, pwt_source_name=pwt, nwt_source_name=nwt
I0506 17:50:44.022367 11340 master_component.cc:785] MasterComponent: start regularizing model pwt
I0506 17:50:44.194209 10236 processor.cc:659] No data in processing queue, waiting...
I0506 17:50:44.262861 11604 processor.cc:659] No data in processing queue, waiting...
I0506 17:50:44.281935 11340 master_component.cc:808] MasterComponent: complete regularizing model pwt
I0506 17:50:44.281935 11340 master_component.cc:1211] NormalizeModelArgs: pwt_target_name=pwt, nwt_source_name=nwt, rwt_source_name=rwt
I0506 17:50:44.281935 11340 master_component.cc:812] MasterComponent: start normalizing model nwt
I0506 17:50:44.442930 11340 master_component.cc:834] MasterComponent: complete normalizing model nwt
I0506 17:50:44.493904 11340 master_component.cc:1235] DisposeModel rwt
I0506 17:50:44.509531 11340 master_component.cc:858] FitOffline: ItemsProcessed, num_items=10001, num_batches=11, token_weight=2.1219e+06, token_weight_in_effect=2.1219e+06
I0506 17:50:44.540791 12036 c_interface.cc:523] Pass GetScoreValueArgs, score_name=^^^ItemsProcessedScore^^^ to MasterComponent::Request
I0506 17:50:44.540791 12036 c_interface.cc:205] ArtmCopyRequestedMessage is copying 54 bytes...
I0506 17:50:44.540791 11340 c_interface.cc:359] Pass FitOfflineMasterModelArgs, batch_filename_size=11, batch_weight_size=11, num_collection_passes=1 to void (__cdecl artm::core::MasterComponent::*)(class artm::FitOfflineMasterModelArgs const & __ptr64) __ptr64
I0506 17:50:44.540791 11340 master_component.cc:1162] ProcessBatchesArgs: nwt_target_name=nwt, batch_filename_size=11, batch_size=0, batch_weight_size=11, pwt_source_name=pwt, num_document_passes=1, regularizer=(name:SparseTheta, tau:-0.15), regularizer=(name:SparsePhi, tau:-0.1), regularizer=(name:DecorrelatorPhi, tau:150000), reuse_theta=no, opt_for_avx=yes, predict_class_id=
I0506 17:50:44.634542  2828 processor.cc:666] Processing queue has data, processing started
I0506 17:50:44.634542 11604 processor.cc:666] Processing queue has data, processing started
I0506 17:50:44.634542 10236 processor.cc:666] Processing queue has data, processing started
I0506 17:50:44.634542 10896 processor.cc:666] Processing queue has data, processing started
I0506 17:50:44.650154 11604 processor.cc:742] Processor: start processing batch c525ae55-9040-4a0a-bbab-83c85c734af8 into model nwt
I0506 17:50:44.650154 10236 processor.cc:742] Processor: start processing batch 9589b3a2-7003-43d8-9bdd-4c4958e1d462 into model nwt
I0506 17:50:44.650154 10896 processor.cc:742] Processor: start processing batch 4b84a36e-29f9-4537-ba43-9c295743dc50 into model nwt
I0506 17:50:44.650154  2828 processor.cc:742] Processor: start processing batch fb769380-fe27-43a4-8c27-26f218018956 into model nwt
I0506 17:50:44.915782 11604 processor.cc:830] Processor: complete processing batch c525ae55-9040-4a0a-bbab-83c85c734af8 into model nwt
I0506 17:50:44.915782 11604 cuckoo_watch.h:44] 287ms in ProcessBatch(vk\aaaaac.batch) [including 13ms in LoadMessage; 2ms in InitializeSparseNdw; 87ms in InferThetaAndUpdateNwtSparse; 71ms in CalculateScore(PerplexityScore); 17ms in CalculateScore(SparsityThetaScore); 88ms in CalculateScore(^^^ItemsProcessedScore^^^); ]
I0506 17:50:44.942615 11604 processor.cc:742] Processor: start processing batch 189461fd-5848-4217-99b1-4482b5666704 into model nwt
I0506 17:50:44.961628 10236 processor.cc:830] Processor: complete processing batch 9589b3a2-7003-43d8-9bdd-4c4958e1d462 into model nwt
I0506 17:50:44.965631 10236 cuckoo_watch.h:44] 331ms in ProcessBatch(vk\aaaaab.batch) [including 16ms in LoadMessage; 2ms in InitializeSparseNdw; 105ms in InferThetaAndUpdateNwtSparse; 79ms in CalculateScore(PerplexityScore); 18ms in CalculateScore(SparsityThetaScore); 100ms in CalculateScore(^^^ItemsProcessedScore^^^); ]
I0506 17:50:44.972635  2828 processor.cc:830] Processor: complete processing batch fb769380-fe27-43a4-8c27-26f218018956 into model nwt
I0506 17:50:44.975637  2828 cuckoo_watch.h:44] 341ms in ProcessBatch(vk\aaaaaa.batch) [including 16ms in LoadMessage; 3ms in InitializeSparseNdw; 114ms in InferThetaAndUpdateNwtSparse; 82ms in CalculateScore(PerplexityScore); 15ms in CalculateScore(SparsityThetaScore); 101ms in CalculateScore(^^^ItemsProcessedScore^^^); ]
I0506 17:50:44.986645 10236 processor.cc:742] Processor: start processing batch d3907409-8f45-4c19-87d8-cc1359870f5c into model nwt
I0506 17:50:44.996654  2828 processor.cc:742] Processor: start processing batch 6d2bbae5-0ad0-4d84-8d8a-18a9ba03b9ea into model nwt
I0506 17:50:44.997714 10896 processor.cc:830] Processor: complete processing batch 4b84a36e-29f9-4537-ba43-9c295743dc50 into model nwt
I0506 17:50:45.013339 10896 cuckoo_watch.h:44] 381ms in ProcessBatch(vk\aaaaad.batch) [including 16ms in LoadMessage; 3ms in InitializeSparseNdw; 133ms in InferThetaAndUpdateNwtSparse; 87ms in CalculateScore(PerplexityScore); 16ms in CalculateScore(SparsityThetaScore); 116ms in CalculateScore(^^^ItemsProcessedScore^^^); ]
I0506 17:50:45.028965 10896 processor.cc:742] Processor: start processing batch ca3e3b1a-ae65-428c-aa60-f9cf7b0d968b into model nwt
I0506 17:50:45.263342 11604 processor.cc:830] Processor: complete processing batch 189461fd-5848-4217-99b1-4482b5666704 into model nwt
I0506 17:50:45.278967 11604 cuckoo_watch.h:44] 358ms in ProcessBatch(vk\aaaaae.batch) [including 17ms in LoadMessage; 2ms in InitializeSparseNdw; 108ms in InferThetaAndUpdateNwtSparse; 92ms in CalculateScore(PerplexityScore); 20ms in CalculateScore(SparsityThetaScore); 108ms in CalculateScore(^^^ItemsProcessedScore^^^); ]
I0506 17:50:45.299221 11604 processor.cc:742] Processor: start processing batch 460b4aeb-360f-42a2-8ab2-b81e20f0686a into model nwt
I0506 17:50:45.359336 10236 processor.cc:830] Processor: complete processing batch d3907409-8f45-4c19-87d8-cc1359870f5c into model nwt
I0506 17:50:45.374963 10236 cuckoo_watch.h:44] 411ms in ProcessBatch(vk\aaaaaf.batch) [including 18ms in LoadMessage; 4ms in InitializeSparseNdw; 139ms in InferThetaAndUpdateNwtSparse; 96ms in CalculateScore(PerplexityScore); 18ms in CalculateScore(SparsityThetaScore); 127ms in CalculateScore(^^^ItemsProcessedScore^^^); ]
I0506 17:50:45.374963  2828 processor.cc:830] Processor: complete processing batch 6d2bbae5-0ad0-4d84-8d8a-18a9ba03b9ea into model nwt
I0506 17:50:45.374963  2828 cuckoo_watch.h:44] 404ms in ProcessBatch(vk\aaaaag.batch) [including 17ms in LoadMessage; 3ms in InitializeSparseNdw; 126ms in InferThetaAndUpdateNwtSparse; 95ms in CalculateScore(PerplexityScore); 15ms in CalculateScore(SparsityThetaScore); 138ms in CalculateScore(^^^ItemsProcessedScore^^^); ]
I0506 17:50:45.374963  2828 processor.cc:742] Processor: start processing batch d95599f6-ec39-4b14-80f4-2d07742592c0 into model nwt
I0506 17:50:45.374963  2828 processor.cc:830] Processor: complete processing batch d95599f6-ec39-4b14-80f4-2d07742592c0 into model nwt
I0506 17:50:45.374963  2828 cuckoo_watch.h:44] 3ms in ProcessBatch(vk\aaaaak.batch) [including 0ms in LoadMessage; 0ms in InitializeSparseNdw; 0ms in InferThetaAndUpdateNwtSparse; 0ms in CalculateScore(PerplexityScore); 0ms in CalculateScore(SparsityThetaScore); 0ms in CalculateScore(^^^ItemsProcessedScore^^^); ]
I0506 17:50:45.390588 10236 processor.cc:742] Processor: start processing batch b9d34635-8ca1-46f9-b4a7-86526fe3e8c5 into model nwt
I0506 17:50:45.421836 10896 processor.cc:830] Processor: complete processing batch ca3e3b1a-ae65-428c-aa60-f9cf7b0d968b into model nwt
I0506 17:50:45.421836 10896 cuckoo_watch.h:44] 420ms in ProcessBatch(vk\aaaaah.batch) [including 17ms in LoadMessage; 3ms in InitializeSparseNdw; 143ms in InferThetaAndUpdateNwtSparse; 102ms in CalculateScore(PerplexityScore); 29ms in CalculateScore(SparsityThetaScore); 117ms in CalculateScore(^^^ItemsProcessedScore^^^); ]
I0506 17:50:45.479624  2828 processor.cc:659] No data in processing queue, waiting...
I0506 17:50:45.484625 10896 processor.cc:659] No data in processing queue, waiting...
I0506 17:50:45.544996 12036 c_interface.cc:523] Pass GetScoreValueArgs, score_name=^^^ItemsProcessedScore^^^ to MasterComponent::Request
I0506 17:50:45.544996 12036 c_interface.cc:205] ArtmCopyRequestedMessage is copying 54 bytes...
I0506 17:50:45.576244 11604 processor.cc:830] Processor: complete processing batch 460b4aeb-360f-42a2-8ab2-b81e20f0686a into model nwt
I0506 17:50:45.576244 11604 cuckoo_watch.h:44] 299ms in ProcessBatch(vk\aaaaai.batch) [including 15ms in LoadMessage; 2ms in InitializeSparseNdw; 120ms in InferThetaAndUpdateNwtSparse; 65ms in CalculateScore(PerplexityScore); 14ms in CalculateScore(SparsityThetaScore); 72ms in CalculateScore(^^^ItemsProcessedScore^^^); ]
I0506 17:50:45.669997 10236 processor.cc:830] Processor: complete processing batch b9d34635-8ca1-46f9-b4a7-86526fe3e8c5 into model nwt
I0506 17:50:45.685622 10236 cuckoo_watch.h:44] 310ms in ProcessBatch(vk\aaaaaj.batch) [including 18ms in LoadMessage; 4ms in InitializeSparseNdw; 113ms in InferThetaAndUpdateNwtSparse; 83ms in CalculateScore(PerplexityScore); 8ms in CalculateScore(SparsityThetaScore); 74ms in CalculateScore(^^^ItemsProcessedScore^^^); ]
I0506 17:50:45.701284 11340 master_component.cc:1200] RegularizeModelArgs: rwt_target_name=rwt, pwt_source_name=pwt, nwt_source_name=nwt
